04-09 19:38:52.606   206   206 W art     : b64c9000-b64ca000 rw-p 00257000 08:06 1451       /system/lib/libicui18n.so
04-09 19:38:52.606   206   206 W art     : b64ca000-b6677000 r-xp 00000000 08:06 1452       /system/lib/libicuuc.so
04-09 19:38:52.606   206   206 W art     : b6677000-b6683000 r--p 001ac000 08:06 1452       /system/lib/libicuuc.so
04-09 19:38:52.606   206   206 W art     : b6683000-b6684000 rw-p 001b8000 08:06 1452       /system/lib/libicuuc.so
04-09 19:38:52.606   206   206 W art     : b6684000-b6688000 rw-p 00000000 00:00 0 
04-09 19:38:52.606   206   206 W art     : b6688000-b66cb000 r-xp 00000000 08:06 1536       /system/lib/libssl.so
04-09 19:38:52.606   206   206 W art     : b66cb000-b66cd000 r--p 00042000 08:06 1536       /system/lib/libssl.so
04-09 19:38:52.606   206   206 W art     : b66cd000-b66ce000 rw-p 00044000 08:06 1536       /system/lib/libssl.so
04-09 19:38:52.606   206   206 W art     : b66ce000-b67e6000 r-xp 00000000 08:06 1417       /system/lib/libcrypto.so
04-09 19:38:52.606   206   206 W art     : b67e6000-b67e7000 ---p 00000000 00:00 0 
04-09 19:38:52.606   206   206 W art     : b67e7000-b67f3000 r--p 00118000 08:06 1417       /system/lib/libcrypto.so
04-09 19:38:52.606   206   206 W art     : b67f3000-b67f4000 rw-p 00124000 08:06 1417       /system/lib/libcrypto.so
04-09 19:38:52.606   206   206 W art     : b67f4000-b684f000 r-xp 00000000 08:06 1527       /system/lib/libsonivox.so
04-09 19:38:52.606   206   206 W art     : b684f000-b6850000 ---p 00000000 00:00 0 
04-09 19:38:52.606   206   206 W art     : b6850000-b6851000 r--p 0005b000 08:06 1527       /system/lib/libsonivox.so
04-09 19:38:52.606   206   206 W art     : b6851000-b6852000 rw-p 0005c000 08:06 1527       /system/lib/libsonivox.so
04-09 19:38:52.606   206   206 W art     : b6852000-b6857000 rw-p 00000000 00:00 0 
04-09 19:38:52.606   206   206 W art     : b6857000-b686f000 r-xp 00000000 08:06 1519       /system/lib/libs
04-09 19:38:52.606   206   206 W art     : elinux.so
04-09 19:38:52.606   206   206 W art     : b686f000-b6870000 r--p 00017000 08:06 1519       /system/lib/libselinux.so
04-09 19:38:52.606   206   206 W art     : b6870000-b6871000 rw-p 00018000 08:06 1519       /system/lib/libselinux.so
04-09 19:38:52.606   206   206 W art     : b6871000-b6877000 r-xp 00000000 08:06 1447       /system/lib/libhardware_legacy.so
04-09 19:38:52.606   206   206 W art     : b6877000-b6878000 r--p 
04-09 19:38:52.606   206   206 W art     : 00005000 08:06 1447       /system/lib/libhardware_legacy.so
04-09 19:38:52.606   206   206 W art     : b6878000-b6879000 rw-p 00006000 08:06 1447       /system/lib/libhardware_legacy.so
04-09 19:38:52.606   206   206 W art     : b6879000-b687a000 rw-p 00000000 00:00 0 
04-09 19:38:52.606   206   206 W art     : b687a000-b687b000 r-xp 00000000 08:06 1446       /system/lib/libhardware.so
04-09 19:38:52.606   206   206 W art     : b687b000-b687c000 r--p 00000000 08:06 1446       /system/lib/libhardware.so
04-09 19:38:52.606   206   206 W art     : b687c000-b687d000 rw-p 00001000 08:06 1446       /system/lib/libhardware.so
04-09 19:38:52.606   206   206 W art     : b687d000-b6884000 r-xp 00000000 08:06 1361       /system/lib/libETC1.so
04-09 19:38:52.606   206   206 W art     : b6884000-b6885000 r--p 00006000 08:06 1361       /system/lib/libETC1.so
04-09 19:38:52.606   206   206 W art     : b6885000-b6886000 rw-p 00007000 08:06 1361       /system/lib/libETC1.so
04-09 19:38:52.606   206   206 W art     : b6886000-b6894000 r-xp 00000000 08:06 1366       /system/lib/libGLESv2.so
04-09 19:38:52.606   206   206 W art     : b6894000-b6895000 r--p 0000d000 08:06 1366       /system/lib/libGLESv2.so
04-09 19:38:52.606   206   206 W art     : b6895000-b6896000 rw-p 0000e000 08:06 1366       /system/lib/libGLESv2.so
04-09 19:38:52.606   206   206 W art     : b6896000-b689e000 r-xp 00000000 08:06 1364       /system/lib/libGLESv1_CM.so
04-09 19:38:52.606   206   206 W art     : b689e000-b689f000 r--p 00007000 08:06 1364       /system/lib/libGLESv1_CM.so
04-09 19:38:52.606   206   206 W art     : b689f000-b68a0000 rw-p 00008000 08:06 1364       /system/lib/libGLESv1_CM.so
04-09 19:38:52.606   206   206 W art     : b68a0000-b695b000 r-xp 00000000 08:06 1360       /system/lib/libEGL.so
04-09 19:38:52.606   206   206 W art     : b695b000-b695c000 ---p 00000000 00:00 0 
04-09 19:38:52.606   206   206 W art     : b695c000-b695e000 r--p 000bb000 08:06 1360       /system/lib/libEGL.so
04-09 19:38:52.606   206   206 W art     : b695e000-b6961000 rw-p 000bd000 08:06 1360       /system/lib/libEGL.so
04-09 19:38:52.606   206   206 W art     : b6961000-b6964000 rw-p 00000000 00:00 0 
04-09 19:38:52.606   206   206 W art     : b6964000-b6a59000 r-xp 00000000 08:06 1533       /system/lib/libsqlite.so
04-09 19:38:52.606   206   206 W art     : b6a59000-b6a5b000 r--p 000f4000 08:06 1533       /system/lib/libsqlite.so
04-09 19:38:52.606   206   206 W art     : b6a5b000-b6a5c000 rw-p 000f6000 08:06 1533       /system/lib/libsqlite.so
04-09 19:38:52.606   206   206 W art     : b6a5c000-b6a5d000 rw-p 00000000 00:00 0 
04-09 19:38:52.606   206   206 W art     : b6a5d000-b6fbe000 r-xp 00000000 08:06 1523       /system/lib/libski
04-09 19:38:52.606   206   206 W art     : a.so
04-09 19:38:52.606   206   206 W art     : b6fbe000-b6fdf000 r--p 00560000 08:06 1523       /system/lib/libskia.so
04-09 19:38:52.606   206   206 W art     : b6fdf000-b6fe2000 rw-p 00581000 08:06 1523       /system/lib/libskia.so
04-09 19:38:52.606   206   206 W art     : b6fe2000-b6fe7000 rw-p 00000000 00:00 0 
04-09 19:38:52.606   206   206 W art     : b6fe7000-b6fef000 r-xp 00000000 08:06 1410       /system/lib/libcamera_
04-09 19:38:52.606   206   206 W art     : metadata.so
04-09 19:38:52.606   206   206 W art     : b6fef000-b6ff0000 r--p 00007000 08:06 1410       /system/lib/libcamera_metadata.so
04-09 19:38:52.606   206   206 W art     : b6ff0000-b6ff1000 rw-p 00008000 08:06 1410       /system/lib/libcamera_metadata.so
04-09 19:38:52.606   206   206 W art     : b6ff1000-b7029000 r-xp 00000000 08:06 1409       /system/lib/libcamera_client.so
04-09 19:38:52.606   206   206 W art     : b7029000-b702a000 ---p 00000000 00:00 0 
04-09 19:38:52.606   206   206 W art     : b702a000-b7031000 r--p 00038000 08:06 1409       /system/lib/libcamera_client.so
04-09 19:38:52.606   206   206 W art     : b76a4000-b76a5000 ---p 00000000 00:00 0 
04-09 19:38:52.606   206   206 W art     : b7717000-b771b000 r-xp 00000000 08:06 179        /system/bin/app_process32
04-09 19:38:53.102   203   203 I ServiceManager: Waiting for service media.camera.proxy...
04-09 19:38:53.550   206   206 D ICU     : No timezone override file found: /data/misc/zoneinfo/current/icu/icu_tzdata.dat
04-09 19:38:54.102   203   203 I ServiceManager: Waiting for service media.camera.proxy...
04-09 19:38:54.781   206   206 E memtrack: Couldn't load memtrack module (No such file or directory)
04-09 19:38:54.781   206   206 E android.os.Debug: failed to load memtrack module: -2
04-09 19:38:54.817   206   206 I Radio-JNI: register_android_hardware_Radio DONE
04-09 19:38:54.967   206   206 I SamplingProfilerIntegration: Profiling disabled.
04-09 19:38:54.985   206   206 D Zygote  : begin preload
04-09 19:38:55.049   206   580 I Zygote  : Preloading classes...
04-09 19:38:55.103   203   203 I ServiceManager: Waiting for service media.camera.proxy...
04-09 19:38:55.138   581   581 D idmap   : error: no read access to /vendor/overlay: No such file or directory
04-09 19:38:55.960   206   206 I Zygote  : Preloading resources...
04-09 19:38:56.105   203   203 I ServiceManager: Waiting for service media.camera.proxy...
04-09 19:38:57.105   203   203 I mediaserver: mediaServer start registerExtensions
04-09 19:38:57.105   203   203 I mediaserver: mediaServer startThreadPool
04-09 19:38:57.105   203   203 I mediaserver: mediaServer joinThreadPool
04-09 19:38:57.175   206   580 E Minikin : addFont failed to create font /system/fonts/NanumGothic.ttf
04-09 19:38:57.175   206   580 E Minikin : addFont failed to create font /system/fonts/DroidSansFallback.ttf
04-09 19:38:57.175   206   580 E Minikin : addFont failed to create font /system/fonts/MTLmr3m.ttf
04-09 19:38:57.222   206   206 I Zygote  : ...preloaded 342 resources in 1263ms.
04-09 19:38:57.235   206   206 I Zygote  : ...preloaded 41 resources in 12ms.
04-09 19:38:57.235   206   206 I Zygote  : Preloading shared libraries...
04-09 19:38:57.420   206   206 E EmojiFactory_jni: Failed to load libemoji.so: dlopen failed: library "libemoji.so" not found
04-09 19:38:57.764   206   580 V DngCreator_JNI: DngCreator_nativeClassInit:
04-09 19:38:58.309   206   580 I art     : Thread[6,tid=580,Native,Thread*=0xb3ab5e00,peer=0x12c353a0,"Thread-6"] recursive attempt to load library "/system/lib/libmedia_jni.so"
04-09 19:38:58.309   206   580 D MtpDeviceJNI: register_android_mtp_MtpDevice
04-09 19:38:58.309   206   580 I art     : Thread[6,tid=580,Native,Thread*=0xb3ab5e00,peer=0x12c353a0,"Thread-6"] recursive attempt to load library "/system/lib/libmedia_jni.so"
04-09 19:38:58.309   206   580 I art     : Thread[6,tid=580,Native,Thread*=0xb3ab5e00,peer=0x12c353a0,"Thread-6"] recursive attempt to load library "/system/lib/libmedia_jni.so"
04-09 19:38:58.508   206   580 D NativeLibraryHelper: compilePackagePattern pattern = com\.tencent\.tmgp\.bh3 abi = x86
04-09 19:38:58.508   206   580 D NativeLibraryHelper: compilePackagePattern pattern = com\.yinhan\.skzh\.uc abi = armeabi-v7a
04-09 19:38:58.508   206   580 D NativeLibraryHelper: compilePackagePattern pattern = com\.braygame\.GunDam abi = armeabi-v7a
04-09 19:38:58.508   206   580 D NativeLibraryHelper: compilePackagePattern pattern = com\.braygame\.bc\.aligames abi = armeabi-v7a
04-09 19:38:58.508   206   580 D NativeLibraryHelper: compilePackagePattern pattern = com\.SleeeeepFly\.BuilderDuet abi = armeabi-v7a
04-09 19:38:58.508   206   580 D NativeLibraryHelper: compilePackagePattern pattern = com\.ilongyuan\.implosion abi = armeabi-v7a
04-09 19:38:58.508   206   580 D NativeLibraryHelper: compilePackagePattern pattern = com\.xcqy\.uc abi = armeabi-v7a
04-09 19:38:58.508   206   580 D NativeLibraryHelper: compilePackagePattern pattern = com\.xd\.scd\.release\.inside abi = armeabi-v7a
04-09 19:38:58.508   206   580 D NativeLibraryHelper: compilePackagePattern pattern = com\.tencent\.tmgp\.mhzxsy abi = x86
04-09 19:38:58.509   206   580 D NativeLibraryHelper: compilePackagePattern pattern = com\.tencent\.game\.rhythmmaster abi = arm
04-09 19:38:58.509   206   580 D NativeLibraryHelper: compilePackagePattern pattern = com\.tencent\.tako\.muses abi = armeabi-v7a
04-09 19:38:58.509   206   580 D NativeLibraryHelper: compilePackagePattern pattern = com\.tencent\.cldts abi = armeabi-v7a
04-09 19:38:58.509   206   580 D NativeLibraryHelper: compilePackagePattern pattern = com\.tencent\.tmgp\.ysj abi = x86
04-09 19:38:58.509   206   580 D NativeLibraryHelper: compilePackagePattern pattern = com\.tencent\.tmgp\.fcicv abi = x86
04-09 19:38:58.509   206   580 D NativeLibraryHelper: compilePackagePattern pattern = com\.tencent\.KiHan abi = armeabi-v7a
04-09 19:38:58.509   206   580 D NativeLibraryHelper: compilePackagePattern pattern = com\.netease\.yzs abi = armeabi-v7a
04-09 19:38:58.509   206   580 D NativeLibraryHelper: compilePackagePattern pattern = com\.tencent\.shootgame abi = armeabi-v7a
04-09 19:38:58.509   206   580 D NativeLibraryHelper: compilePackagePattern pattern = com\.pandadastudio\.ninjamustdie3 abi = armeabi-v7a
04-09 19:38:58.509   206   580 D NativeLibraryHelper: compilePackagePattern pattern = com\.netease\.easybuddy abi = armeabi-v7a
04-09 19:38:58.510   206   580 D NativeLibraryHelper: compilePackagePattern pattern = com\.tencent\.hxh abi = armeabi-v7a
04-09 19:38:58.510   206   580 D NativeLibraryHelper: compilePackagePattern pattern = com\.tencent\.tapenjoy\.actx abi = armeabi-v7a
04-09 19:38:58.510   206   580 D NativeLibraryHelper: compilePackagePattern pattern = com\.tnyoo\.z abi = armeabi-v7a
04-09 19:38:58.511   206   580 D NativeLibraryHelper: compilePackagePattern pattern = .*\.tmgp\..* abi = arm
04-09 19:38:58.513   206   580 D Zygote  : getAppDeviceConfig pattern = io\.kkzs
04-09 19:38:58.516   206   580 I Zygote  : begin parse app property file: /etc/mumu-configs/device-prop-configs/mumu.config
04-09 19:38:58.517   206   580 D Zygote  : getAppDeviceConfig pattern = .*com\.tencent\.tmgp\.sgame.*
04-09 19:38:58.517   206   580 I Zygote  : begin parse app property file: /etc/mumu-configs/device-prop-configs/xiaomi5s.config
04-09 19:38:58.518   206   580 D Zygote  : getAppDeviceConfig pattern = .*com\.tencent\.tmgp\.pubgm.*
04-09 19:38:58.518   206   580 I Zygote  : begin parse app property file: /etc/mumu-configs/device-prop-configs/mix2.config
04-09 19:38:58.522   206   580 D Zygote  : getAppDeviceConfig pattern = .*com\.netease\.hyxd.*
04-09 19:38:58.522   206   580 I Zygote  : begin parse app property file: /etc/mumu-configs/device-prop-configs/mumu.config
04-09 19:38:58.522   206   580 D Zygote  : getAppDeviceConfig pattern = .*shootgame.*
04-09 19:38:58.522   206   580 I Zygote  : begin parse app property file: /etc/mumu-configs/device-prop-configs/arm.config
04-09 19:38:58.524   206   580 D Zygote  : getAppDeviceConfig pattern = .*hanju.*
04-09 19:38:58.524   206   580 I Zygote  : begin parse app property file: /etc/mumu-configs/device-prop-configs/arm.config
04-09 19:38:58.524   206   580 D Zygote  : getAppDeviceConfig pattern = .*com\.tencent\.KiHan.*
04-09 19:38:58.524   206   580 I Zygote  : begin parse app property file: /etc/mumu-configs/device-prop-configs/mix2.config
04-09 19:38:58.525   206   580 D Zygote  : getAppDeviceConfig pattern = .*com\.tencent\.tmgp\.sskgame.*
04-09 19:38:58.525   206   580 I Zygote  : begin parse app property file: /etc/mumu-configs/device-prop-configs/x86.config
04-09 19:38:58.526   206   580 D Zygote  : Apps device config data:{.*com\.tencent\.KiHan.*={ro.product.name=chiron, ro.product.model=MIX 2, ro.product.brand=Xiaomi, ro.product.device=chiron, ro.product.manufacturer=Xiaomi, ro.product.board=msm8996}, .*hanju.*={ro.product.cpu.abi2=armeabi-v7a, ro.product.cpu.abi=armeabi-v7a}, .*shootgame.*={ro.product.cpu.abi2=armeabi-v7a, ro.product.cpu.abi=armeabi-v7a}, .*com\.tencent\.tmgp\.sskgame.*={ro.product.cpu.abi=x86}, .*com\.netease\.hyxd.*={ro.product.name=cancro, ro.product.model=MuMu, ro.product.brand=Android, ro.product.device=cancro, ro.product.manufacturer=Netease, ro.product.board=hammerhead}, .*com\.tencent\.tmgp\.pubgm.*={ro.product.name=chiron, ro.product.model=MIX 2, ro.product.brand=Xiaomi, ro.product.device=chiron, ro.product.manufacturer=Xiaomi, ro.product.board=msm8996}, .*com\.tencent\.tmgp\.sgame.*={ro.product.name=capricorn, ro.product.model=MI 5s, ro.product.brand=Xiaomi, ro.product.device=capricorn, ro.product.manufacturer=Xiaomi, ro.product.board=msm8996}, io\.kkzs={ro.product.name=cancro, ro.product.model=MuMu, ro.product.brand=Android, ro.product.device=cancro, ro.product.manufacturer=Netease, ro.product.board=hammerhead}}
04-09 19:38:58.820   206   580 I System  : Loaded time zone names for "" in 46ms (46ms in ICU)
04-09 19:38:58.833   206   580 I System  : Loaded time zone names for "en_US" in 12ms (12ms in ICU)
04-09 19:38:58.861   206   580 I System  : Loaded time zone names for "zh_CN" in 28ms (27ms in ICU)
04-09 19:38:58.945   206   580 I Zygote  : ...preloaded 3830 classes in 3896ms.
04-09 19:38:58.945   206   580 I art     : VMRuntime.preloadDexCaches starting
04-09 19:38:59.019   206   580 I art     : VMRuntime.preloadDexCaches strings total=244525 before=43917 after=43917
04-09 19:38:59.019   206   580 I art     : VMRuntime.preloadDexCaches types total=20155 before=6889 after=6919
04-09 19:38:59.019   206   580 I art     : VMRuntime.preloadDexCaches fields total=98504 before=35777 after=36004
04-09 19:38:59.019   206   580 I art     : VMRuntime.preloadDexCaches methods total=170492 before=70904 after=71494
04-09 19:38:59.019   206   580 I art     : VMRuntime.preloadDexCaches finished
04-09 19:38:59.019   206   206 D Zygote  : end preload
04-09 19:38:59.020   206   206 I art     : Starting a blocking GC Explicit
04-09 19:38:59.074   206   206 I art     : Explicit concurrent mark sweep GC freed 42554(5MB) AllocSpace objects, 121(2MB) LOS objects, 40% free, 3MB/6MB, paused 93us total 54.416ms
04-09 19:38:59.096   206   206 I art     : Starting a blocking GC Explicit
04-09 19:38:59.100   206   206 I art     : Explicit concurrent mark sweep GC freed 3867(185KB) AllocSpace objects, 0(0B) LOS objects, 40% free, 3MB/5MB, paused 82us total 3.783ms
04-09 19:38:59.116   206   579 I art     : Starting a blocking GC HeapTrim
04-09 19:38:59.119   206   206 I art     : Starting a blocking GC Background
04-09 19:38:59.164   206   206 I Zygote  : System server process 583 has been created
04-09 19:38:59.165   206   206 I Zygote  : Accepting command socket connections
04-09 19:38:59.192   583   583 I InstallerConnection: connecting...
04-09 19:38:59.192   204   204 I installd: new connection
04-09 19:38:59.288   583   583 I InstallerConnection: disconnecting...
04-09 19:38:59.288   204   204 E installd: eof
04-09 19:38:59.288   204   204 E installd: failed to read size
04-09 19:38:59.289   204   204 I installd: closing connection
04-09 19:38:59.420   583   583 I SystemServer: Entered the Android system server!
04-09 19:38:59.594   583   583 I SystemServiceManager: Starting com.android.server.pm.Installer
04-09 19:38:59.646   583   583 I Installer: Waiting for installd to be ready.
04-09 19:38:59.646   583   583 I InstallerConnection: connecting...
04-09 19:38:59.646   204   204 I installd: new connection
04-09 19:38:59.646   583   583 I SystemServiceManager: Starting com.android.server.am.ActivityManagerService$Lifecycle
04-09 19:38:59.787   583   583 I ActivityManager: Memory class: 192
04-09 19:38:59.895   583   583 D BatteryStatsImpl: Reading daily items from /data/system/batterystats-daily.xml
04-09 19:39:00.146   583   583 I IntentFirewall: Read new rules (A:0 B:0 S:0)
04-09 19:39:00.196   583   583 D AppOps  : AppOpsService published
04-09 19:39:00.197   583   583 I SystemServiceManager: Starting com.android.server.power.PowerManagerService
04-09 19:39:00.245   583   583 I libsuspend: Selected early suspend
04-09 19:39:00.245   583   583 E libsuspend: Error accessing /sys/power/wait_for_fb_sleep: No such file or directory
04-09 19:39:00.258   583   583 I SystemServiceManager: Starting com.android.server.lights.LightsService
04-09 19:39:00.262   583   583 E lights  : Unable to detect max_brightness. Try to set backlight.max_brightness_file
04-09 19:39:00.262   583   583 I SystemServiceManager: Starting com.android.server.display.DisplayManagerService
04-09 19:39:00.292   583   583 I SystemServiceManager: Starting phase 100
04-09 19:39:00.319   583   602 I DisplayManagerService: Display device added: DisplayDeviceInfo{"": uniqueId="local:0", 1024 x 576, modeId 1, defaultModeId 1, supportedModes [{id=1, width=1024, height=576, fps=60.000004}], colorTransformId 1, defaultColorTransformId 1, supportedColorTransforms [{id=1, colorTransform=0}], density 192, 160.0 x 160.0 dpi, appVsyncOff 0, presDeadline 17666666, touch INTERNAL, rotation 0, type BUILT_IN, state UNKNOWN, FLAG_DEFAULT_DISPLAY, FLAG_ROTATES_WITH_CONTENT, FLAG_SECURE, FLAG_SUPPORTS_PROTECTED_BUFFERS}
04-09 19:39:00.320   193   193 D SurfaceFlinger: Set power mode=2, type=0 flinger=0xb7062000
04-09 19:39:00.320   193   193 D SurfaceFlinger: Screen type=0 is already mode=2
04-09 19:39:00.320   583   602 I DisplayManagerService: Display device changed state: "", ON
04-09 19:39:00.321   583   583 I SystemServer: Package Manager
04-09 19:39:00.383   583   583 D PackageManager: readPackageBlacklistConfigPattern pattern = .*\.gbits\.atm.*
04-09 19:39:00.384   583   583 D PackageManager: readPackageBlacklistConfigPattern pattern = ^com\.tencent\.tmgp\.pubgmhd$
04-09 19:39:00.392   583   583 D PackageManager: readLargeHeapBlacklistConfigPattern pattern = com\.woniu\.wdqk\.mumu.*
04-09 19:39:00.480   583   583 W SystemConfig: No directory /system/etc/sysconfig, skipping
04-09 19:39:00.627   583   583 D SELinuxMMAC: Using policy file /system/etc/security/mac_permissions.xml
04-09 19:39:00.762   583   593 W art     : Suspending all threads took: 16.704ms
04-09 19:39:00.776   583   593 I art     : Background sticky concurrent mark sweep GC freed 7968(1252KB) AllocSpace objects, 36(712KB) LOS objects, 35% free, 3MB/5MB, paused 27.492ms total 89.685ms
04-09 19:39:00.895   583   583 E art     : DexFile_getDexOptNeeded file '/system/framework/org.apache.http.legacy.jar' does not exist
04-09 19:39:00.895   583   583 W PackageManager: Library not found: /system/framework/org.apache.http.legacy.jar
04-09 19:39:00.972   583   583 D PackageManager: No files in app dir /vendor/overlay
04-09 19:39:01.095   583   583 W PackageManager: Failed to parse /system/framework/oat: Missing base APK in /system/framework/oat
04-09 19:39:01.095   583   583 W PackageManager: Failed to parse /system/framework/x86: Missing base APK in /system/framework/x86
04-09 19:39:01.210   583   583 W PackageManager: Permission android.permission.DOWNLOAD_WITHOUT_NOTIFICATION from package com.android.providers.downloads in an unknown group android.permission-group.NETWORK
04-09 19:39:01.449   583   583 W PackageParser: Ignoring duplicate uses-permissions/uses-permissions-sdk-m: android.permission.USE_CREDENTIALS in package: com.android.settings at: Binary XML file line #55
04-09 19:39:01.449   583   583 W PackageParser: Ignoring duplicate uses-permissions/uses-permissions-sdk-m: android.permission.READ_SYNC_SETTINGS in package: com.android.settings at: Binary XML file line #60
04-09 19:39:01.449   583   583 W PackageParser: Ignoring duplicate uses-permissions/uses-permissions-sdk-m: android.permission.WRITE_SYNC_SETTINGS in package: com.android.settings at: Binary XML file line #61
04-09 19:39:01.604   583   583 W PackageParser: Ignoring duplicate uses-permissions/uses-permissions-sdk-m: android.permission.INSTALL_GRANT_RUNTIME_PERMISSIONS in package: com.android.shell at: Binary XML file line #101
04-09 19:39:01.650   583   583 W PackageParser: Ignoring duplicate uses-permissions/uses-permissions-sdk-m: android.permission.CONFIGURE_WIFI_DISPLAY in package: com.android.systemui at: Binary XML file line #120
04-09 19:39:01.895   583   583 W PackageParser: Ignoring duplicate uses-permissions/uses-permissions-sdk-m: android.permission.READ_CONTACTS in package: com.android.bluetooth at: Binary XML file line #58
04-09 19:39:01.895   583   583 W PackageParser: No actions in intent filter at /system/app/Bluetooth/Bluetooth.apk Binary XML file line #215
04-09 19:39:02.035   583   583 W PackageParser: No actions in intent filter at /system/app/CMFileManager/CMFileManager.apk Binary XML file line #164
04-09 19:39:02.275   583   583 W PackageParser: Unknown element under <application>: permission at /system/app/Gallery2/Gallery2.apk Binary XML file line #244
04-09 19:39:02.275   583   583 W PackageParser: Unknown element under <application>: permission at /system/app/Gallery2/Gallery2.apk Binary XML file line #247
04-09 19:39:02.453   583   583 W PackageParser: No actions in intent filter at /system/app/com.mumu.launcher/com.mumu.launcher.apk Binary XML file line #130
04-09 19:39:02.453   583   583 W PackageParser: No actions in intent filter at /system/app/com.mumu.launcher/com.mumu.launcher.apk Binary XML file line #143
04-09 19:39:02.522   583   583 W PackageParser: Ignoring duplicate uses-permissions/uses-permissions-sdk-m: android.permission.INTERNET in package: com.mumu.store at: Binary XML file line #19
04-09 19:39:02.522   583   583 W PackageParser: Ignoring duplicate uses-permissions/uses-permissions-sdk-m: android.permission.ACCESS_NETWORK_STATE in package: com.mumu.store at: Binary XML file line #20
04-09 19:39:02.522   583   583 W PackageParser: Ignoring duplicate uses-permissions/uses-permissions-sdk-m: android.permission.ACCESS_WIFI_STATE in package: com.mumu.store at: Binary XML file line #21
04-09 19:39:02.535   583   583 W PackageParser: No readPermission or writePermssion for <path-permission>: path-permission at /system/app/com.mumu.store/com.mumu.store.apk Binary XML file line #112
04-09 19:39:02.588   583   583 W PackageParser: Unknown element under <manifest>: meta-data at /system/app/io.kkzs-1.0.MuMu-1-8176/io.kkzs-1.0.MuMu-1-8176.apk Binary XML file line #29
04-09 19:39:02.588   583   583 W PackageParser: Unknown element under <manifest>: meta-data at /system/app/io.kkzs-1.0.MuMu-1-8176/io.kkzs-1.0.MuMu-1-8176.apk Binary XML file line #32
04-09 19:39:02.767   583   583 D PackageManager: No files in app dir /system/vendor/app
04-09 19:39:02.767   583   583 D PackageManager: No files in app dir /oem/app
04-09 19:39:02.787   583   583 D PackageManager: No files in app dir /data/app
04-09 19:39:02.787   583   583 D PackageManager: No files in app dir /data/app-private
04-09 19:39:02.787   583   583 W PackageManager: Package com.android.gallery3d desires unavailable shared library com.google.android.media.effects; ignoring!
04-09 19:39:02.787   583   583 W PackageManager: Package com.android.gallery3d desires unavailable shared library com.google.android.media.effects; ignoring!
04-09 19:39:02.787   583   583 I PackageManager: Adjusting ABI for : com.android.inputdevices to x86
04-09 19:39:02.804   583   583 I PackageManager: Adjusting ABI for : com.android.server.telecom to x86
04-09 19:39:02.804   583   583 I PackageManager: Adjusting ABI for : com.android.keychain to x86
04-09 19:39:02.805   583   583 I PackageManager: Adjusting ABI for : com.netease.mumu.cloner to x86
04-09 19:39:02.805   583   583 I PackageManager: Adjusting ABI for : com.netease.nemu_vinput.nemu to x86
04-09 19:39:02.805   583   583 I PackageManager: Adjusting ABI for : com.android.settings to x86
04-09 19:39:02.805   583   583 I PackageManager: Adjusting ABI for : com.netease.nemu_vapi_android.nemu to x86
04-09 19:39:02.805   583   583 I PackageManager: Adjusting ABI for : com.android.location.fused to x86
04-09 19:39:02.805   583   583 I PackageManager: Adjusting ABI for : com.android.providers.settings to x86
04-09 19:39:02.815   583   583 I PackageManager: Time to scan packages: 1.962 seconds
04-09 19:39:02.815   583   583 W PackageManager: Not granting permission android.permission.GLOBAL_SEARCH to package com.android.quicksearchbox (protectionLevel=18 flags=0x3808be45)
04-09 19:39:02.815   583   583 W PackageManager: Not granting permission android.permission.ACCESS_DOWNLOAD_MANAGER to package com.android.browser (protectionLevel=18 flags=0x3809be45)
04-09 19:39:02.815   583   583 W PackageManager: Not granting permission android.permission.SEND_DOWNLOAD_COMPLETED_INTENTS to package com.android.browser (protectionLevel=2 flags=0x3809be45)
04-09 19:39:02.816   583   583 W PackageManager: Not granting permission android.permission.BIND_WALLPAPER to package com.android.camera2 (protectionLevel=18 flags=0x3058bc45)
04-09 19:39:02.816   583   583 W PackageManager: Unknown permission com.android.launcher.permission.READ_SETTINGS in package com.android.onetimeinitializer
04-09 19:39:02.816   583   583 W PackageManager: Unknown permission com.android.launcher.permission.WRITE_SETTINGS in package com.android.onetimeinitializer
04-09 19:39:02.817   583   583 W PackageManager: Unknown permission com.cyanogenmod.filemanager.permissions.READ_THEME in package com.cyanogenmod.filemanager
04-09 19:39:02.817   583   583 W PackageManager: Unknown permission com.android.launcher.permission.READ_SETTINGS in package com.android.settings
04-09 19:39:02.817   583   583 W PackageManager: Unknown permission com.android.launcher.permission.WRITE_SETTINGS in package com.android.settings
04-09 19:39:02.817   583   583 W PackageManager: Not granting permission android.permission.READ_LOGS to package com.mumu.launcher (protectionLevel=50 flags=0x3858be45)
04-09 19:39:02.817   583   583 W PackageManager: Not granting permission android.permission.READ_LOGS to package com.mumu.store (protectionLevel=50 flags=0x3848be45)
04-09 19:39:02.817   583   583 W PackageManager: Unknown permission com.android.smspush.WAPPUSH_MANAGER_BIND in package com.android.phone
04-09 19:39:02.817   583   583 W PackageManager: Not granting permission android.permission.READ_LOGS to package io.kkzs (protectionLevel=50 flags=0x3848be45)
04-09 19:39:02.915   583   583 I com.android.server.vapi.BootNotify: notifyBootPMSReady:59: boot_progress boot status:pms_ready
04-09 19:39:02.985   583   583 I art     : Starting a blocking GC Explicit
04-09 19:39:03.106   583   583 I art     : Explicit concurrent mark sweep GC freed 26412(1598KB) AllocSpace objects, 2(40KB) LOS objects, 33% free, 4MB/7MB, paused 250us total 118.015ms
04-09 19:39:03.115   583   583 I SystemServer: User Service
04-09 19:39:03.145   191   191 I lowmemorykiller: ActivityManager connected
04-09 19:39:03.145   583   583 D SensorService: nuSensorService starting...
04-09 19:39:03.189   583   583 I SystemServiceManager: Starting com.android.server.BatteryService
04-09 19:39:03.190   583   616 D SensorService: nuSensorService thread starting...
04-09 19:39:03.190   583   615 D SensorService: new thread SensorEventAckReceiver
04-09 19:39:03.211   583   583 I SystemServiceManager: Starting com.android.server.usage.UsageStatsService
04-09 19:39:03.264   583   583 I SystemServiceManager: Starting com.android.server.webkit.WebViewUpdateService
04-09 19:39:03.281   583   583 I SystemServer: Reading configuration...
04-09 19:39:03.281   583   583 I SystemServer: Scheduling Policy
04-09 19:39:03.281   583   583 I SystemServiceManager: Starting com.android.server.telecom.TelecomLoaderService
04-09 19:39:03.300   583   583 I SystemServer: Telephony Registry
04-09 19:39:03.336   583   583 I SystemServer: Entropy Mixer
04-09 19:39:03.339   583   583 I EntropyMixer: Writing entropy...
04-09 19:39:03.343   583   583 I SystemServer: Camera Service
04-09 19:39:03.343   583   583 I SystemServiceManager: Starting com.android.server.camera.CameraService
04-09 19:39:03.372   583   583 I SystemServer: Account Manager
04-09 19:39:03.390   583   583 I SystemServer: Content Manager
04-09 19:39:03.393   583   583 I SystemServer: System Content Providers
04-09 19:39:03.407   583   583 W System  : ClassLoader referenced unknown path: /system/priv-app/SettingsProvider/lib/x86
04-09 19:39:03.532   583   583 I SystemServer: Vibrator Service
04-09 19:39:03.533   583   583 I SystemServer: Consumer IR Service
04-09 19:39:03.533   583   583 E ConsumerIrService: Can't open consumer IR HW Module, error: -2
04-09 19:39:03.533   583   583 I SystemServiceManager: Starting com.android.server.AlarmManagerService
04-09 19:39:03.534   583   583 D AlarmManagerService: Kernel timezone updated to -480 minutes west of GMT
04-09 19:39:03.535   583   583 I SystemServer: Init Watchdog
04-09 19:39:03.535   583   583 I SystemServer: Input Manager
04-09 19:39:03.535   583   583 I InputManager: Initializing input manager, mUseDevInputEventForAudioJack=true
04-09 19:39:03.642   583   583 I SystemServer: Window Manager
04-09 19:39:03.708   583   602 I WindowManager: No existing display settings /data/system/display_settings.xml; starting empty
04-09 19:39:03.943   583   583 I InputManager: Starting input manager
04-09 19:39:03.945   583   583 I SystemServer: Tab Manager
04-09 19:39:03.945   583   583 I SystemServer: Bluetooth Service
04-09 19:39:03.945   583   583 I SystemServiceManager: Starting com.android.server.BluetoothService
04-09 19:39:03.957   583   620 D EventHub: No input device configuration file found for device 'Android Power Button'.
04-09 19:39:03.965   583   620 W EventHub: Unable to disable kernel key repeat for /dev/input/event7: Function not implemented
04-09 19:39:03.965   583   620 I EventHub: New device: id=1, fd=61, path='/dev/input/event7', name='Android Power Button', classes=0x1, configuration='', keyLayout='/system/usr/keylayout/Generic.kl', keyCharacterMap='/system/usr/keychars/Generic.kcm', builtinKeyboard=false, wakeMechanism=EPOLLWAKEUP, usingClockIoctl=true
04-09 19:39:03.965   583   620 D EventHub: No input device configuration file found for device 'nemuVM via VirtualBox seamless mouse'.
04-09 19:39:03.966   583   620 I EventHub: New device: id=2, fd=62, path='/dev/input/event6', name='nemuVM via VirtualBox seamless mouse', classes=0x4, configuration='', keyLayout='', keyCharacterMap='', builtinKeyboard=false, wakeMechanism=EPOLLWAKEUP, usingClockIoctl=true
04-09 19:39:03.966   583   620 E EventHub: could not get driver version for /dev/input/mouse2, Not a typewriter
04-09 19:39:03.986   583   583 D BluetoothService: onStart: publishing BluetoothManagerService
04-09 19:39:03.986   583   583 I SystemServer: Input Method Service
04-09 19:39:04.005   583   620 E KeyLayoutMap: /system/usr/keylayout/nemuVM_Virtual_Input.kl:33: Expected key flag label, got 'WAKE_DROPPED'.
04-09 19:39:04.006   583   620 W EventHub: Unable to disable kernel key repeat for /dev/input/event5: Function not implemented
04-09 19:39:04.006   583   620 I EventHub: New device: id=3, fd=63, path='/dev/input/event5', name='nemuVM Virtual Input', classes=0x17, configuration='/system/usr/idc/nemuVM_Virtual_Input.idc', keyLayout='/system/usr/keylayout/Generic.kl', keyCharacterMap='/system/usr/keychars/Generic.kcm', builtinKeyboard=false, wakeMechanism=EPOLLWAKEUP, usingClockIoctl=true
04-09 19:39:04.006   583   620 E EventHub: could not get driver version for /dev/input/mouse1, Not a typewriter
04-09 19:39:04.024   583   620 D EventHub: No input device configuration file found for device 'VirtualBox mouse integration'.
04-09 19:39:04.024   583   620 I EventHub: New device: id=4, fd=64, path='/dev/input/event4', name='VirtualBox mouse integration', classes=0x4, configuration='', keyLayout='', keyCharacterMap='', builtinKeyboard=false, wakeMechanism=EPOLLWAKEUP, usingClockIoctl=true
04-09 19:39:04.024   583   620 D EventHub: No input device configuration file found for device 'Sleep Button'.
04-09 19:39:04.025   583   620 W EventHub: Unable to disable kernel key repeat for /dev/input/event1: Function not implemented
04-09 19:39:04.025   583   620 I EventHub: New device: id=5, fd=65, path='/dev/input/event1', name='Sleep Button', classes=0x1, configuration='', keyLayout='/system/usr/keylayout/Generic.kl', keyCharacterMap='/system/usr/keychars/Generic.kcm', builtinKeyboard=false, wakeMechanism=EPOLLWAKEUP, usingClockIoctl=true
04-09 19:39:04.025   583   620 I EventHub: ignoring event id /dev/input/event0 driver Power Button
04-09 19:39:04.035   583   620 D EventHub: No input device configuration file found for device 'AT Translated Set 2 keyboard'.
04-09 19:39:04.037   583   620 I EventHub: New device: id=6, fd=67, path='/dev/input/event2', name='AT Translated Set 2 keyboard', classes=0x3, configuration='', keyLayout='/system/usr/keylayout/Generic.kl', keyCharacterMap='/system/usr/keychars/Generic.kcm', builtinKeyboard=false, wakeMechanism=EPOLLWAKEUP, usingClockIoctl=true
04-09 19:39:04.037   583   620 E EventHub: could not get driver version for /dev/input/mice, Not a typewriter
04-09 19:39:04.071   583   620 E EventHub: could not get driver version for /dev/input/mouse0, Not a typewriter
04-09 19:39:04.087   583   620 D EventHub: No input device configuration file found for device 'VirtualBox USB Tablet'.
04-09 19:39:04.087   583   620 I EventHub: New device: id=7, fd=68, path='/dev/input/event3', name='VirtualBox USB Tablet', classes=0x80000004, configuration='', keyLayout='', keyCharacterMap='', builtinKeyboard=false, wakeMechanism=EPOLLWAKEUP, usingClockIoctl=true
04-09 19:39:04.108   583   583 I SystemServer: Accessibility Manager
04-09 19:39:04.161   583   583 I ActivityManager: Config changes=1df8 {1.0 ?mcc?mnc zh_CN ldltr sw479dp w853dp h479dp 192dpi nrml long land ?uimode ?night -touch -keyb/v/h -nav/h s.2}
04-09 19:39:04.172   583   583 I ActivityManager: Config changes=400 {1.0 ?mcc?mnc zh_CN ldltr sw479dp w853dp h455dp 192dpi nrml long land ?uimode ?night -touch -keyb/v/h -nav/h s.3}
04-09 19:39:04.183   583   620 I InputReader: Device added: id=-1, name='Virtual', sources=0x00000301
04-09 19:39:04.183   583   620 I InputReader:   Touch device 'VirtualBox USB Tablet' could not query the properties of its associated display.  The device will be inoperable until the display size becomes available.
04-09 19:39:04.183   583   620 I InputReader: Device added: id=7, name='VirtualBox USB Tablet', sources=0x00002002
04-09 19:39:04.183   583   620 I InputReader: Device added: id=6, name='AT Translated Set 2 keyboard', sources=0x00000101
04-09 19:39:04.183   583   620 I InputReader: Device added: id=5, name='Sleep Button', sources=0x00000101
04-09 19:39:04.183   583   620 I InputReader:   Touch device 'VirtualBox mouse integration' could not query the properties of its associated display.  The device will be inoperable until the display size becomes available.
04-09 19:39:04.183   583   620 I InputReader: Device added: id=4, name='VirtualBox mouse integration', sources=0x00002002
04-09 19:39:04.183   583   620 I InputReader:   Touch device 'nemuVM Virtual Input' could not query the properties of its associated display.  The device will be inoperable until the display size becomes available.
04-09 19:39:04.183   583   620 I InputReader: Device added: id=3, name='nemuVM Virtual Input', sources=0x00001103
04-09 19:39:04.184   583   620 I InputReader:   Touch device 'nemuVM via VirtualBox seamless mouse' could not query the properties of its associated display.  The device will be inoperable until the display size becomes available.
04-09 19:39:04.184   583   620 I InputReader: Device added: id=2, name='nemuVM via VirtualBox seamless mouse', sources=0x00002002
04-09 19:39:04.184   583   620 I InputReader: Device added: id=1, name='Android Power Button', sources=0x00000101
04-09 19:39:04.185   583   620 I InputReader: Reconfiguring input devices.  changes=0x00000004
04-09 19:39:04.216   583   620 I InputReader: Device reconfigured: id=2, name='nemuVM via VirtualBox seamless mouse', size 1024x576, orientation 0, mode 4, display id 0
04-09 19:39:04.216   583   620 I InputReader: Device reconfigured: id=3, name='nemuVM Virtual Input', size 1024x576, orientation 0, mode 1, display id 0
04-09 19:39:04.216   583   620 I InputReader: Device reconfigured: id=4, name='VirtualBox mouse integration', size 1024x576, orientation 0, mode 4, display id 0
04-09 19:39:04.216   583   620 I InputReader: Device reconfigured: id=7, name='VirtualBox USB Tablet', size 1024x576, orientation 0, mode 4, display id 0
04-09 19:39:04.216   583   619 I ActivityManager: Config changes=8 {1.0 ?mcc?mnc zh_CN ldltr sw479dp w853dp h455dp 192dpi nrml long land ?uimode ?night finger -keyb/v/h -nav/h s.4}
04-09 19:39:04.235   583   583 I SystemServiceManager: Starting com.android.server.MountService$Lifecycle
04-09 19:39:04.239   583   583 I SystemServiceManager: Starting com.android.server.UiModeManagerService
04-09 19:39:04.240   583   583 I ActivityManager: Config changes=200 {1.0 ?mcc?mnc zh_CN ldltr sw479dp w853dp h455dp 192dpi nrml long land finger -keyb/v/h -nav/h s.5}
04-09 19:39:04.241   583   623 D MountService: Thinking about reset, mSystemReady=false, mDaemonConnected=true
04-09 19:39:04.241   583   623 D MountService: Thinking about reset, mSystemReady=false, mDaemonConnected=true
04-09 19:39:04.243   583   583 I SystemServer: LockSettingsService
04-09 19:39:04.244   583   583 I SystemServiceManager: Starting com.android.server.DeviceIdleController
04-09 19:39:04.266   583   583 I SystemServiceManager: Starting com.android.server.devicepolicy.DevicePolicyManagerService$Lifecycle
04-09 19:39:04.279   583   596 I UsageStatsService: User[0] Rollover scheduled @ 2019-04-10 08:00:00(1554854400000)
04-09 19:39:04.288   583   583 I SystemServer: Status Bar
04-09 19:39:04.319   583   583 I SystemServer: Clipboard Service
04-09 19:39:04.320   583   583 I SystemServer: NetworkManagement Service
04-09 19:39:04.344   583   583 I SystemServer: Text Service Manager Service
04-09 19:39:04.345   583   583 W TextServicesManagerService: no available spell checker services found
04-09 19:39:04.345   583   583 I SystemServer: Network Score Service
04-09 19:39:04.359   583   583 I SystemServer: NetworkStats Service
04-09 19:39:04.386   583   583 I SystemServer: NetworkPolicy Service
04-09 19:39:04.388   583   623 D CryptdConnector: SND -> {1 cryptfs getfield SystemLocale}
04-09 19:39:04.405   186   215 I Ext4Crypt: ext4 crypto complete called on /data
04-09 19:39:04.405   186   215 I Ext4Crypt: No master key, so not ext4enc
04-09 19:39:04.406   583   625 D CryptdConnector: RCV <- {200 1 -1}
04-09 19:39:04.406   583   623 W MountService: No primary storage mounted!
04-09 19:39:04.406   583   623 D VoldConnector: SND -> {1 asec list}
04-09 19:39:04.416   583   624 D VoldConnector: RCV <- {200 1 asec operation succeeded}
04-09 19:39:04.416   583   623 I PackageManager: No secure containers found
04-09 19:39:04.416   583   623 W PackageManager: Not granting permission android.permission.GLOBAL_SEARCH to package com.android.quicksearchbox (protectionLevel=18 flags=0x3808be45)
04-09 19:39:04.416   583   623 W PackageManager: Not granting permission android.permission.ACCESS_DOWNLOAD_MANAGER to package com.android.browser (protectionLevel=18 flags=0x3809be45)
04-09 19:39:04.416   583   623 W PackageManager: Not granting permission android.permission.SEND_DOWNLOAD_COMPLETED_INTENTS to package com.android.browser (protectionLevel=2 flags=0x3809be45)
04-09 19:39:04.416   583   623 W PackageManager: Not granting permission android.permission.BIND_WALLPAPER to package com.android.camera2 (protectionLevel=18 flags=0x3058bc45)
04-09 19:39:04.416   583   623 W PackageManager: Unknown permission com.android.launcher.permission.READ_SETTINGS in package com.android.onetimeinitializer
04-09 19:39:04.416   583   623 W PackageManager: Unknown permission com.android.launcher.permission.WRITE_SETTINGS in package com.android.onetimeinitializer
04-09 19:39:04.416   583   623 W PackageManager: Unknown permission com.cyanogenmod.filemanager.permissions.READ_THEME in package com.cyanogenmod.filemanager
04-09 19:39:04.416   583   623 W PackageManager: Unknown permission com.android.launcher.permission.READ_SETTINGS in package com.android.settings
04-09 19:39:04.416   583   623 W PackageManager: Unknown permission com.android.launcher.permission.WRITE_SETTINGS in package com.android.settings
04-09 19:39:04.416   583   623 W PackageManager: Not granting permission android.permission.READ_LOGS to package com.mumu.launcher (protectionLevel=50 flags=0x3858be45)
04-09 19:39:04.416   583   623 W PackageManager: Not granting permission android.permission.READ_LOGS to package com.mumu.store (protectionLevel=50 flags=0x3848be45)
04-09 19:39:04.416   583   623 W PackageManager: Unknown permission com.android.smspush.WAPPUSH_MANAGER_BIND in package com.android.phone
04-09 19:39:04.416   583   623 W PackageManager: Not granting permission android.permission.READ_LOGS to package io.kkzs (protectionLevel=50 flags=0x3848be45)
04-09 19:39:04.427   583   623 W MountService: No primary storage defined yet; hacking together a stub
04-09 19:39:04.427   583   623 W MountService: No primary storage defined yet; hacking together a stub
04-09 19:39:04.428   583   623 W MountService: No primary storage mounted!
04-09 19:39:04.428   583   623 D VoldConnector: SND -> {2 asec list}
04-09 19:39:04.428   583   624 D VoldConnector: RCV <- {200 2 asec operation succeeded}
04-09 19:39:04.517   583   583 I SystemServiceManager: Starting com.android.server.wifi.p2p.WifiP2pService
04-09 19:39:04.666   583   583 I WifiP2pService: Registering wifip2p
04-09 19:39:04.667   583   583 I SystemServiceManager: Starting com.android.server.wifi.WifiService
04-09 19:39:04.762   583   583 D HS20    : Passpoint is disabled
04-09 19:39:04.771   583   583 D WifiController: isAirplaneModeOn = false, isWifiEnabled = true, isScanningAvailable = false
04-09 19:39:04.772   583   583 I WifiService: Registering wifi
04-09 19:39:04.773   583   583 I SystemServiceManager: Starting com.android.server.wifi.WifiScanningService
04-09 19:39:04.773   583   583 I WifiScanningService: Creating wifiscanner
04-09 19:39:04.773   583   583 I WifiScanningService: Starting wifiscanner
04-09 19:39:04.773   583   583 I SystemServiceManager: Starting com.android.server.wifi.RttService
04-09 19:39:04.773   583   583 I RttService: Creating rttmanager
04-09 19:39:04.774   583   583 I RttService: Starting rttmanager
04-09 19:39:04.774   583   583 I SystemServer: Connectivity Service
04-09 19:39:04.792   583   583 D ConnectivityService: ConnectivityService starting up
04-09 19:39:04.795   583   583 D ConnectivityService: wifiOnly=true
04-09 19:39:04.795   583   583 D ConnectivityService: networkAttributes - ignoring mobile as this dev is wifiOnly 0
04-09 19:39:04.795   583   583 D ConnectivityService: networkAttributes - ignoring mobile as this dev is wifiOnly 2
04-09 19:39:04.795   583   583 D ConnectivityService: networkAttributes - ignoring mobile as this dev is wifiOnly 3
04-09 19:39:04.795   583   583 D ConnectivityService: networkAttributes - ignoring mobile as this dev is wifiOnly 5
04-09 19:39:04.795   583   583 D ConnectivityService: networkAttributes - ignoring mobile as this dev is wifiOnly 10
04-09 19:39:04.795   583   583 D ConnectivityService: networkAttributes - ignoring mobile as this dev is wifiOnly 11
04-09 19:39:04.795   583   583 D ConnectivityService: networkAttributes - ignoring mobile as this dev is wifiOnly 12
04-09 19:39:04.795   583   583 E ConnectivityService: Ignoring protectedNetwork 10
04-09 19:39:04.795   583   583 E ConnectivityService: Ignoring protectedNetwork 11
04-09 19:39:04.795   583   583 E ConnectivityService: Ignoring protectedNetwork 12
04-09 19:39:04.795   583   583 E ConnectivityService: Ignoring protectedNetwork 14
04-09 19:39:04.795   583   583 E ConnectivityService: Ignoring protectedNetwork 15
04-09 19:39:04.823   583   583 I SystemServer: Network Service Discovery Service
04-09 19:39:04.825   583   583 D NsdService: Network service discovery enabled true
04-09 19:39:04.826   583   583 I SystemServer: UpdateLock Service
04-09 19:39:04.826   583   583 I SystemServiceManager: Starting com.android.server.notification.NotificationManagerService
04-09 19:39:04.875   583   583 I SystemServiceManager: Starting com.android.server.storage.DeviceStorageMonitorService
04-09 19:39:04.876   583   583 I SystemServer: Location Manager
04-09 19:39:04.913   583   583 I SystemServer: Country Detector
04-09 19:39:04.913   583   583 I SystemServer: Search Service
04-09 19:39:04.914   583   583 I SystemServer: DropBox Service
04-09 19:39:04.915   583   583 I SystemServer: Wallpaper Service
04-09 19:39:04.932   583   583 I SystemServer: Audio Service
04-09 19:39:04.952   583   583 I SystemServiceManager: Starting com.android.server.DockObserver
04-09 19:39:04.953   583   583 W DockObserver: This kernel does not have dock station support
04-09 19:39:04.953   583   583 I SystemServer: Wired Accessory Manager
04-09 19:39:04.954   583   583 W WiredAccessoryManager: This kernel does not have usb audio support
04-09 19:39:04.954   583   583 W WiredAccessoryManager: This kernel does not have HDMI audio support
04-09 19:39:04.954   583   583 I SystemServiceManager: Starting com.android.server.usb.UsbService$Lifecycle
04-09 19:39:04.970   583   630 D WifiApConfigStore: 2G band allowed channels are:1,6,11
04-09 19:39:05.013   583   583 I SystemServer: Serial Service
04-09 19:39:05.014   583   583 I SystemServer: TwilightService Service
04-09 19:39:05.014   583   583 I SystemServiceManager: Starting com.android.server.twilight.TwilightService
04-09 19:39:05.015   583   583 I SystemServer: JobSchedulerService Service
04-09 19:39:05.015   583   583 I SystemServiceManager: Starting com.android.server.job.JobSchedulerService
04-09 19:39:05.016   583   583 I SystemServer: BACKUP_MANAGER_SERVICE_CLASS Service
04-09 19:39:05.017   583   583 I SystemServiceManager: Starting com.android.server.backup.BackupManagerService$Lifecycle
04-09 19:39:05.017   583   583 I SystemServer: APPWIDGET_SERVICE_CLASS Service
04-09 19:39:05.017   583   583 I SystemServiceManager: Starting com.android.server.appwidget.AppWidgetService
04-09 19:39:05.025   583   583 I SystemServer: VOICE_RECOGNITION_MANAGER_SERVICE_CLASS Service
04-09 19:39:05.025   583   583 I SystemServiceManager: Starting com.android.server.voiceinteraction.VoiceInteractionManagerService
04-09 19:39:05.039   203   203 D PermissionCache: checking android.permission.CAPTURE_AUDIO_HOTWORD for uid=1000 => granted (12558 us)
04-09 19:39:05.039   583   583 W SoundTriggerHelper: listModules status=0, # of modules=0
04-09 19:39:05.040   583   583 I SystemServer: Gesture Launcher Service
04-09 19:39:05.040   583   583 I SystemServiceManager: Starting com.android.server.GestureLauncherService
04-09 19:39:05.040   583   583 I SystemServer: DiskStats Service
04-09 19:39:05.040   583   583 I SystemServer: SamplingProfiler Service
04-09 19:39:05.042   583   583 I SystemServer: NetworkTimeUpdateService
04-09 19:39:05.043   583   583 I SystemServer: CommonTimeManagementService
04-09 19:39:05.051   583   638 W TelecomManager: Telecom Service not found.
