04-09 19:39:05.051   203   563 E AudioFlinger: no wake lock to update!
04-09 19:39:05.052   203   203 D PermissionCache: checking android.permission.MODIFY_AUDIO_SETTINGS for uid=1000 => granted (70 us)
04-09 19:39:05.052   203   582 D BlueZ   : external/bluetooth/bluez/android/hal-audio.c:audio_set_mic_mute() 
04-09 19:39:05.115   583   583 I SystemServer: CertBlacklister
04-09 19:39:05.116   583   583 I SystemServiceManager: Starting com.android.server.dreams.DreamManagerService
04-09 19:39:05.140   583   583 I SystemServer: Assets Atlas Service
04-09 19:39:05.143   583   583 I SystemServiceManager: Starting com.android.server.print.PrintManagerService
04-09 19:39:05.145   583   640 D AssetAtlas: Loaded configuration: SliceMinArea (960x2048) flags=0x2 count=360
04-09 19:39:05.146   193   621 D         : HostConnection::get() New Host Connection established 0xb6d0a170, tid 621
04-09 19:39:05.176   583   583 I SystemServiceManager: Starting com.android.server.restrictions.RestrictionsManagerService
04-09 19:39:05.177   583   583 I SystemServiceManager: Starting com.android.server.media.MediaSessionService
04-09 19:39:05.188   583   583 I SystemServer: Media Router Service
04-09 19:39:05.188   583   583 I SystemServiceManager: Starting com.android.server.trust.TrustManagerService
04-09 19:39:05.189   583   583 I SystemServiceManager: Starting com.android.server.fingerprint.FingerprintService
04-09 19:39:05.206   583   583 W FingerprintService: fingerprint service not available
04-09 19:39:05.207   583   583 V FingerprintService: Fingerprint HAL id: 0
04-09 19:39:05.207   583   583 I SystemServer: BackgroundDexOptService
04-09 19:39:05.207   583   583 I SystemServiceManager: Starting com.android.server.pm.LauncherAppsService
04-09 19:39:05.208   583   583 I SystemServiceManager: Starting com.android.server.media.projection.MediaProjectionManagerService
04-09 19:39:05.253   583   640 D         : HostConnection::get() New Host Connection established 0x9d85d160, tid 640
04-09 19:39:05.325   583   583 D PackageManager: trimGetPackagesForUid uid = 1000 result = [com.android.inputdevices, com.android.server.telecom, com.android.keychain, com.netease.mumu.cloner, com.netease.nemu_vinput.nemu, com.android.settings, com.netease.nemu_vapi_android.nemu, com.android.location.fused, com.android.providers.settings, android]
04-09 19:39:05.327   583   583 I WindowManager: SAFE MODE not enabled
04-09 19:39:05.327   583   583 I SystemServiceManager: Starting com.android.server.MmsServiceBroker
04-09 19:39:05.353   583   640 D libEGL  : loaded /system/lib/egl/libEGL_emulation.so
04-09 19:39:05.355   583   640 D libEGL  : loaded /system/lib/egl/libGLESv1_CM_emulation.so
04-09 19:39:05.359   583   640 D libEGL  : loaded /system/lib/egl/libGLESv2_emulation.so
04-09 19:39:05.421   583   640 E EGL_emulation: egl: current context mark for deletion
04-09 19:39:05.422   583   640 D AssetAtlas: Rendered atlas in 167.76ms (68.08+99.68ms)
04-09 19:39:05.424   193   264 D         : HostConnection::get() New Host Connection established 0xb612f440, tid 264
04-09 19:39:05.457   583   583 E LockSettingsStorage: Cannot read file java.io.FileNotFoundException: /data/system/password.key: open failed: ENOENT (No such file or directory)
04-09 19:39:05.458   583   583 I SystemServiceManager: Starting phase 480
04-09 19:39:05.485   583   583 I SystemServiceManager: Starting phase 500
04-09 19:39:05.485   583   583 D BluetoothService: onBootPhase: PHASE_SYSTEM_SERVICES_READY
04-09 19:39:05.494   583   601 D Interception: refreshAirRules, refresh the air rules completely
04-09 19:39:05.494   583   601 D Interception: result: allow, reason: calleePkg is system app, rule: runType===retrieveService|||callerPkg===android|||calleePkg===com.android.bluetooth|||calleeClass===com.android.bluetooth.btservice.AdapterService|||action===android.bluetooth.IBluetooth
04-09 19:39:05.496   583   583 I WifiService: WifiService starting up with Wi-Fi enabled
04-09 19:39:05.496   583   583 D WifiService: setWifiEnabled: true pid=583, uid=1000
04-09 19:39:05.496   583   583 E WifiService: Invoking mWifiStateMachine.setWifiEnabled
04-09 19:39:05.497   583   631 D WifiController: WifiController msg { when=-1ms what=155656 target=com.android.internal.util.StateMachine$SmHandler } deferred for 499ms
04-09 19:39:05.499   583   631 D WifiService: New client listening to asynchronous messages
04-09 19:39:05.500   583   583 I WifiScanningService: Registering wifiscanner
04-09 19:39:05.502   583   583 I RttService: Registering rttmanager
04-09 19:39:05.531   583   583 V BackupManagerService: No ancestral data
04-09 19:39:05.561   583   583 V KeyValueBackupJob: Scheduling k/v pass in 243 minutes
04-09 19:39:05.566   583   583 V BackupManagerService: Starting with transport android/com.android.internal.backup.LocalTransport
04-09 19:39:05.566   583   583 V BackupManagerService: Found transports: 1
04-09 19:39:05.567   583   583 W BackupManagerService: Proposed transport ComponentInfo{android/com.android.internal.backup.LocalTransportService} not whitelisted; ignoring
04-09 19:39:05.567   583   583 I BackupManagerService: Found stale backup journal, scheduling
04-09 19:39:05.625   583   604 W KeyguardServiceDelegate: onScreenTurningOn(): no keyguard service!
04-09 19:39:05.671   583   583 D PackageManager: trimGetPackagesForUid uid = 10034 result = [com.mumu.store]
04-09 19:39:05.671   583   583 D PackageManager: trimGetPackagesForUid uid = 10033 result = [com.mumu.launcher]
04-09 19:39:05.671   583   583 D PackageManager: trimGetPackagesForUid uid = 10031 result = [com.android.provision]
04-09 19:39:05.671   583   583 D PackageManager: trimGetPackagesForUid uid = 10023 result = [com.android.gallery3d]
04-09 19:39:05.671   583   583 D PackageManager: trimGetPackagesForUid uid = 10018 result = [com.android.camera2]
04-09 19:39:05.671   583   583 D PackageManager: trimGetPackagesForUid uid = 10012 result = [com.android.systemui]
04-09 19:39:05.671   583   583 D PackageManager: trimGetPackagesForUid uid = 10007 result = [com.android.onetimeinitializer]
04-09 19:39:05.671   583   583 D PackageManager: trimGetPackagesForUid uid = 10006 result = [com.android.managedprovisioning]
04-09 19:39:05.671   583   583 D PackageManager: trimGetPackagesForUid uid = 10005 result = [com.android.externalstorage]
04-09 19:39:05.671   583   583 D PackageManager: trimGetPackagesForUid uid = 10004 result = [com.android.providers.downloads, com.android.providers.downloads.ui, com.android.providers.media]
04-09 19:39:05.672   583   583 D PackageManager: trimGetPackagesForUid uid = 10002 result = [com.android.calllogbackup, com.android.providers.contacts, com.android.providers.userdictionary]
04-09 19:39:05.672   583   583 D PackageManager: trimGetPackagesForUid uid = 10001 result = [com.android.providers.calendar]
04-09 19:39:05.672   583   583 D PackageManager: trimGetPackagesForUid uid = 1002 result = [com.android.bluetooth]
04-09 19:39:05.672   583   583 D PackageManager: trimGetPackagesForUid uid = 1001 result = [com.android.providers.telephony, com.android.mms.service, com.android.phone]
04-09 19:39:05.672   583   583 D PackageManager: trimGetPackagesForUid uid = 1000 result = [com.android.inputdevices, com.android.server.telecom, com.android.keychain, com.netease.mumu.cloner, com.netease.nemu_vinput.nemu, com.android.settings, com.netease.nemu_vapi_android.nemu, com.android.location.fused, com.android.providers.settings, android]
04-09 19:39:05.672   583   583 I ActivityManager: System now ready
04-09 19:39:05.689   583   583 I com.android.server.vapi.BootNotify: notifyBootAMSReady:42: boot_progress boot status:ams_ready
04-09 19:39:05.702   583   583 I SystemServer: Making services ready
04-09 19:39:05.702   583   583 I SystemServiceManager: Starting phase 550
04-09 19:39:05.703   583   583 D Interception: result: allow, reason: calleePkg is system app, rule: runType===retrieveService|||callerPkg===android|||calleePkg===com.android.server.telecom|||calleeClass===com.android.server.telecom.components.TelecomService|||action===com.android.ITelecomService
04-09 19:39:05.703   583   623 D MountService: Thinking about reset, mSystemReady=true, mDaemonConnected=true
04-09 19:39:05.704   583   623 D VoldConnector: SND -> {3 volume reset}
04-09 19:39:05.704   583   597 I ActivityManager: Force stopping com.android.providers.media appid=10004 user=-1: vold reset
04-09 19:39:05.704   583   624 D VoldConnector: RCV <- {651 emulated 7}
04-09 19:39:05.704   583   624 D VoldConnector: RCV <- {659 emulated}
04-09 19:39:05.704   583   624 D VoldConnector: RCV <- {650 emulated 2 "" ""}
04-09 19:39:05.704   583   624 D VoldConnector: RCV <- {654 emulated emulated}
04-09 19:39:05.704   583   624 D VoldConnector: RCV <- {651 emulated 0}
04-09 19:39:05.704   583   624 D VoldConnector: RCV <- {200 3 Command succeeded}
04-09 19:39:05.704   583   623 D VoldConnector: SND -> {4 volume user_added 0 0}
04-09 19:39:05.704   583   624 D VoldConnector: RCV <- {200 4 Command succeeded}
04-09 19:39:05.705   583   599 V MountService: Found primary storage at VolumeInfo{emulated}:
04-09 19:39:05.705   583   599 V MountService:     type=EMULATED diskId=null partGuid=null mountFlags=0 mountUserId=-1 
04-09 19:39:05.705   583   599 V MountService:     state=UNMOUNTED 
04-09 19:39:05.705   583   599 V MountService:     fsType=null fsUuid=null fsLabel=null 
04-09 19:39:05.705   583   599 V MountService:     path=null internalPath=null 
04-09 19:39:05.706   583   623 D VoldConnector: SND -> {5 volume mount emulated 3 -1}
04-09 19:39:05.706   186   214 V vold    : Waiting for FUSE to spin up...
04-09 19:39:05.706   583   624 D VoldConnector: RCV <- {651 emulated 1}
04-09 19:39:05.707   583   624 D VoldConnector: RCV <- {656 emulated /data/media}
04-09 19:39:05.707   583   624 D VoldConnector: RCV <- {655 emulated /storage/emulated}
04-09 19:39:05.707   583   583 D UsbAlsaManager: Adding ALSA device AlsaDevice: [card: 0, device: 0, type: 1]
04-09 19:39:05.707   583   583 D UsbAlsaManager: Adding ALSA device AlsaDevice: [card: 0, device: 1, type: 2]
04-09 19:39:05.707   583   583 D UsbAlsaManager: Adding ALSA device AlsaDevice: [card: 0, device: 0, type: 2]
04-09 19:39:05.708   583   583 I SystemServer: WebViewFactory preparation
04-09 19:39:05.744   583   583 I Zygote  : Process: zygote socket opened, supported ABIS: x86,armeabi-v7a,armeabi
04-09 19:39:05.749   583   650 D UsbHostManager: Added device UsbDevice[mName=/dev/bus/usb/001/002,mVendorId=33006,mProductId=33,mClass=0,mSubclass=0,mProtocol=0,mManufacturerName=VirtualBox,mProductName=USB Tablet,mVersion=1.16,mSerialNumber=null,mConfigurations=[
04-09 19:39:05.749   583   650 D UsbHostManager: UsbConfiguration[mId=1,mName=null,mAttributes=128,mMaxPower=50,mInterfaces=[
04-09 19:39:05.749   583   650 D UsbHostManager: UsbInterface[mId=0,mAlternateSetting=0,mName=null,mClass=3,mSubclass=0,mProtocol=0,mEndpoints=[
04-09 19:39:05.749   583   650 D UsbHostManager: UsbEndpoint[mAddress=129,mAttributes=3,mMaxPacketSize=8,mInterval=10]]]]
04-09 19:39:05.750   655   655 I art     : Late-enabling JIT
04-09 19:39:05.750   655   655 V libnb   : enter native_bridge2_initialize (null) arm
04-09 19:39:05.756   583   583 I ActivityManager: Start proc 655:WebViewLoader-x86/1037 [android.webkit.WebViewFactory$RelroFileCreator] for 
04-09 19:39:05.757   583   624 D VoldConnector: RCV <- {651 emulated 2}
04-09 19:39:05.757   583   624 D VoldConnector: RCV <- {200 5 Command succeeded}
04-09 19:39:05.792   583   597 D Interception: result: allow, reason: calleePkg is system app, rule: runType===broadcast|||callerPkg===android|||calleePkg===com.android.externalstorage|||calleeClass===com.android.externalstorage.MountReceiver|||action===android.os.storage.action.VOLUME_STATE_CHANGED
04-09 19:39:05.795   660   660 I art     : Late-enabling JIT
04-09 19:39:05.804   583   597 I ActivityManager: Start proc 660:com.android.externalstorage/u0a5 for broadcast com.android.externalstorage/.MountReceiver
04-09 19:39:05.804   583   583 D Interception: result: allow, reason: calleePkg is system app, rule: runType===retrieveService|||callerPkg===android|||calleePkg===com.android.systemui|||calleeClass===com.android.systemui.SystemUIService|||action===null
04-09 19:39:05.808   665   665 I art     : Late-enabling JIT
04-09 19:39:05.811   660   660 V libnb   : enter native_bridge2_initialize /data/user/0/com.android.externalstorage/code_cache arm
04-09 19:39:05.815   583   583 I ActivityManager: Start proc 665:com.android.systemui/u0a12 for service com.android.systemui/.SystemUIService
04-09 19:39:05.815   583   583 D NetworkManagement: not enabling bandwidth control
04-09 19:39:05.845   665   665 V libnb   : enter native_bridge2_initialize /data/user/0/com.android.systemui/code_cache arm
04-09 19:39:05.859   583   650 W ContextImpl: Calling a method in the system process without a qualified user: android.app.ContextImpl.sendBroadcast:784 com.android.server.usb.UsbSettingsManager.deviceAttached:742 com.android.server.usb.UsbHostManager.endUsbDeviceAdded:225 com.android.server.usb.UsbHostManager.monitorUsbHostBus:-2 com.android.server.usb.UsbHostManager.-wrap0:-1 
04-09 19:39:05.918   665   665 D houdini : [665] Initialize library(version: 6.1.2d_x.48748 RELEASE)... successfully.
04-09 19:39:05.918   660   660 D houdini : [660] Initialize library(version: 6.1.2d_x.48748 RELEASE)... successfully.
04-09 19:39:05.919   655   655 D houdini : [655] Initialize library(version: 6.1.2d_x.48748 RELEASE)... successfully.
04-09 19:39:05.951   199   235 I iptables: iptables: No chain/target/match by that name.
04-09 19:39:05.955   199   235 I iptables: iptables terminated by exit(1)
04-09 19:39:05.955   199   235 E Netd    : exec() res=0, status=256 for /system/bin/iptables -w -F st_penalty_log 
04-09 19:39:05.956   199   235 I ip6tables: ip6tables: No chain/target/match by that name.
04-09 19:39:05.959   199   235 I ip6tables: ip6tables terminated by exit(1)
04-09 19:39:05.959   199   235 E Netd    : exec() res=0, status=256 for /system/bin/ip6tables -w -F st_penalty_log 
04-09 19:39:05.963   199   235 I iptables: iptables: No chain/target/match by that name.
04-09 19:39:05.968   199   235 I iptables: iptables terminated by exit(1)
04-09 19:39:05.968   199   235 E Netd    : exec() res=0, status=256 for /system/bin/iptables -w -F st_penalty_reject 
04-09 19:39:05.971   199   235 I ip6tables: ip6tables: No chain/target/match by that name.
04-09 19:39:05.975   199   235 I ip6tables: ip6tables terminated by exit(1)
04-09 19:39:05.975   199   235 E Netd    : exec() res=0, status=256 for /system/bin/ip6tables -w -F st_penalty_reject 
04-09 19:39:05.977   199   235 I iptables: iptables: No chain/target/match by that name.
04-09 19:39:05.979   199   235 I iptables: iptables terminated by exit(1)
04-09 19:39:05.979   199   235 E Netd    : exec() res=0, status=256 for /system/bin/iptables -w -F st_clear_caught 
04-09 19:39:05.983   199   235 I ip6tables: ip6tables: No chain/target/match by that name.
04-09 19:39:05.991   199   235 I ip6tables: ip6tables terminated by exit(1)
04-09 19:39:05.991   199   235 E Netd    : exec() res=0, status=256 for /system/bin/ip6tables -w -F st_clear_caught 
04-09 19:39:05.994   199   235 I iptables: iptables: No chain/target/match by that name.
04-09 19:39:06.000   199   235 I iptables: iptables terminated by exit(1)
04-09 19:39:06.000   199   235 E Netd    : exec() res=0, status=256 for /system/bin/iptables -w -F st_clear_detect 
04-09 19:39:06.002   583   631 D WifiController: DEFERRED_TOGGLE handled
04-09 19:39:06.005   199   235 I ip6tables: ip6tables: No chain/target/match by that name.
04-09 19:39:06.005   199   235 I ip6tables: ip6tables terminated by exit(1)
04-09 19:39:06.005   199   235 E Netd    : exec() res=0, status=256 for /system/bin/ip6tables -w -F st_clear_detect 
04-09 19:39:06.008   199   235 I iptables: iptables: No chain/target/match by that name.
04-09 19:39:06.008   199   235 I iptables: iptables terminated by exit(1)
04-09 19:39:06.008   199   235 E Netd    : exec() res=0, status=256 for /system/bin/iptables -w -X st_penalty_log 
04-09 19:39:06.012   199   235 I ip6tables: ip6tables: No chain/target/match by that name.
04-09 19:39:06.012   199   235 I ip6tables: ip6tables terminated by exit(1)
04-09 19:39:06.012   199   235 E Netd    : exec() res=0, status=256 for /system/bin/ip6tables -w -X st_penalty_log 
04-09 19:39:06.014   199   235 I iptables: iptables: No chain/target/match by that name.
04-09 19:39:06.020   199   235 I iptables: iptables terminated by exit(1)
04-09 19:39:06.020   199   235 E Netd    : exec() res=0, status=256 for /system/bin/iptables -w -X st_penalty_reject 
04-09 19:39:06.023   199   235 I ip6tables: ip6tables: No chain/target/match by that name.
04-09 19:39:06.027   199   235 I ip6tables: ip6tables terminated by exit(1)
04-09 19:39:06.028   199   235 E Netd    : exec() res=0, status=256 for /system/bin/ip6tables -w -X st_penalty_reject 
04-09 19:39:06.030   199   235 I iptables: iptables: No chain/target/match by that name.
04-09 19:39:06.032   199   235 I iptables: iptables terminated by exit(1)
04-09 19:39:06.032   199   235 E Netd    : exec() res=0, status=256 for /system/bin/iptables -w -X st_clear_caught 
04-09 19:39:06.035   199   235 I ip6tables: ip6tables: No chain/target/match by that name.
04-09 19:39:06.038   199   235 I ip6tables: ip6tables terminated by exit(1)
04-09 19:39:06.039   199   235 E Netd    : exec() res=0, status=256 for /system/bin/ip6tables -w -X st_clear_caught 
04-09 19:39:06.041   199   235 I iptables: iptables: No chain/target/match by that name.
04-09 19:39:06.044   199   235 I iptables: iptables terminated by exit(1)
04-09 19:39:06.044   199   235 E Netd    : exec() res=0, status=256 for /system/bin/iptables -w -X st_clear_detect 
04-09 19:39:06.046   199   235 I ip6tables: ip6tables: No chain/target/match by that name.
04-09 19:39:06.050   199   235 I ip6tables: ip6tables terminated by exit(1)
04-09 19:39:06.050   199   235 E Netd    : exec() res=0, status=256 for /system/bin/ip6tables -w -X st_clear_detect 
04-09 19:39:06.080   655   655 W art     : Unexpected CPU variant for X86 using defaults: x86
04-09 19:39:06.080   665   665 W art     : Unexpected CPU variant for X86 using defaults: x86
04-09 19:39:06.080   660   660 W art     : Unexpected CPU variant for X86 using defaults: x86
04-09 19:39:06.126   655   655 I art     : JIT created with code_cache_capacity=2MB compile_threshold=1000
04-09 19:39:06.126   665   665 I art     : JIT created with code_cache_capacity=2MB compile_threshold=1000
04-09 19:39:06.126   660   660 I art     : JIT created with code_cache_capacity=2MB compile_threshold=1000
04-09 19:39:06.129   665   665 I Zygote  : fake Product info com.android.systemui not matched any pattern
04-09 19:39:06.132   655   655 I Zygote  : fake Product info WebViewLoader-x86 not matched any pattern
04-09 19:39:06.133   655   655 V WebViewFactory: RelroFileCreator (64bit = false),  32-bit lib: /system/app/webview/webview.apk!/lib/x86/libwebviewchromium.so, 64-bit lib: 
04-09 19:39:06.136   660   660 I Zygote  : fake Product info com.android.externalstorage not matched any pattern
04-09 19:39:06.239   583   630 E WifiStateMachine: Failed to reload STA firmware java.lang.IllegalArgumentException: command '2 softap fwreload eth1 STA' failed with '501 2 SoftAP command has failed'
04-09 19:39:06.241   199   235 D CommandListener: Setting iface cfg
04-09 19:39:06.241   199   235 D CommandListener: Trying to bring down eth1
04-09 19:39:06.241   199   235 D CommandListener: Clearing all IP addresses on eth1
04-09 19:39:06.242   583   583 W NetworkStats: bandwidth controls disabled, unable to track stats
04-09 19:39:06.242   583   583 W NetworkPolicy: bandwidth controls disabled, unable to enforce policy
04-09 19:39:06.242   583   630 E WifiMonitor: killSupplicant p2pfalse init.svc.wpa_supplicant=unknown init.svc.p2p_supplicant=unknown
04-09 19:39:06.243   583   583 D PermissionMonitor: Monitoring
04-09 19:39:06.298   583   583 D PermissionMonitor: Users: 1, Apps: 41
04-09 19:39:06.301   203   582 D BlueZ   : external/bluetooth/bluez/android/hal-audio.c:audio_set_parameters() 
04-09 19:39:06.301   583   583 I SystemServiceManager: Starting phase 600
04-09 19:39:06.301   583   601 D BluetoothManagerService: Added callback: android.bluetooth.BluetoothAdapter$1@e50f2e:true
04-09 19:39:06.304   583   583 I BackupManagerService: Backup enabled => false
04-09 19:39:06.335   583   638 D Interception: result: allow, reason: calleePkg is system app, rule: runType===retrieveService|||callerPkg===android|||calleePkg===com.android.bluetooth|||calleeClass===com.android.bluetooth.a2dp.A2dpService|||action===android.bluetooth.IBluetoothA2dp
04-09 19:39:06.335   203   203 I AudioFlinger: systemReady
04-09 19:39:06.362   583   630 D wifi    : Can not initialize the vendor function pointer table
04-09 19:39:06.362   583   630 E WifiNative-HAL: Could not start hal
04-09 19:39:06.362   583   630 E WifiStateMachine: Failed to start HAL
04-09 19:39:06.395   583   583 D Interception: result: allow, reason: calleePkg is system app, rule: runType===retrieveService|||callerPkg===android|||calleePkg===com.android.systemui|||calleeClass===com.android.systemui.ImageWallpaper|||action===android.service.wallpaper.WallpaperService
04-09 19:39:06.396   583   583 E InputMethodManagerService: Ignoring updateSystemUiLocked due to an invalid token. uid:1000 token:null
04-09 19:39:06.397   583   583 D Interception: result: allow, reason: calleePkg is system app, rule: runType===retrieveService|||callerPkg===android|||calleePkg===com.netease.nemu_vinput.nemu|||calleeClass===com.android.inputmethodcommon.SoftKeyboard|||action===android.view.InputMethod
04-09 19:39:06.401   583   583 I ActivityManager: Start proc 748:com.netease.nemu_vinput.nemu/1000 for service com.netease.nemu_vinput.nemu/com.android.inputmethodcommon.SoftKeyboard
04-09 19:39:06.401   583   583 V InputMethodManagerService: Adding window token: android.os.Binder@5701bc1
04-09 19:39:06.402   748   748 W         : Failed to bind-mount /system/lib/x86/cpuinfo as /proc/cpuinfo: No such file or directory
04-09 19:39:06.403   748   748 I art     : Late-enabling JIT
04-09 19:39:06.405   583   595 D PackageManager: trimGetPackagesForUid uid = 10005 result = [com.android.externalstorage]
04-09 19:39:06.414   748   748 V libnb   : enter native_bridge2_initialize /data/user/0/com.netease.nemu_vinput.nemu/code_cache arm
04-09 19:39:06.414   748   748 D houdini : [748] Initialize library(version: 6.1.2d_x.48748 RELEASE)... successfully.
04-09 19:39:06.416   748   748 W art     : Unexpected CPU variant for X86 using defaults: x86
04-09 19:39:06.416   748   748 I art     : JIT created with code_cache_capacity=2MB compile_threshold=1000
04-09 19:39:06.421   748   748 I Zygote  : fake Product info com.netease.nemu_vinput.nemu not matched any pattern
04-09 19:39:06.428   583   594 D PackageManager: trimGetPackagesForUid uid = 1000 result = [com.android.inputdevices, com.android.server.telecom, com.android.keychain, com.netease.mumu.cloner, com.netease.nemu_vinput.nemu, com.android.settings, com.netease.nemu_vapi_android.nemu, com.android.location.fused, com.android.providers.settings, android]
04-09 19:39:06.466   583   630 D WifiMonitor: startMonitoring(eth1) with mConnected = false
04-09 19:39:06.478   660   660 W System  : ClassLoader referenced unknown path: /system/priv-app/ExternalStorageProvider/lib/x86
04-09 19:39:06.480   660   660 D ExternalStorage: After updating volumes, found 1 active roots
04-09 19:39:06.481   660   660 D ExternalStorage: After updating volumes, found 1 active roots
04-09 19:39:06.482   583   609 D Interception: result: allow, reason: calleePkg is system app, rule: runType===broadcast|||callerPkg===android|||calleePkg===com.android.externalstorage|||calleeClass===com.android.externalstorage.MountReceiver|||action===android.os.storage.action.VOLUME_STATE_CHANGED
04-09 19:39:06.482   660   660 D ExternalStorage: After updating volumes, found 1 active roots
04-09 19:39:06.538   583   596 D GpsLocationProvider: Reset GPS properties, previous size = 0
04-09 19:39:06.538   583   596 D GpsLocationProvider: GpsParamsResource: SUPL_HOST=supl.google.com
04-09 19:39:06.538   583   596 D GpsLocationProvider: GpsParamsResource: SUPL_PORT=7275
04-09 19:39:06.538   583   596 D GpsLocationProvider: GpsParamsResource: NTP_SERVER=north-america.pool.ntp.org
04-09 19:39:06.538   583   596 D GpsLocationProvider: GpsParamsResource: SUPL_VER=0x20000
04-09 19:39:06.538   583   596 D GpsLocationProvider: GpsParamsResource: SUPL_MODE=1
04-09 19:39:06.568   583   583 W LocationManagerService: no network location provider found
04-09 19:39:06.568   583   583 D Interception: result: allow, reason: calleePkg is system app, rule: runType===retrieveService|||callerPkg===android|||calleePkg===com.android.location.fused|||calleeClass===com.android.location.fused.FusedLocationService|||action===com.android.location.service.FusedLocationProvider
04-09 19:39:06.569   583   583 E LocationManagerService: no geocoder provider found
04-09 19:39:06.569   583   583 E FlpHardwareProvider: Error hw_get_module 'flp': -2
04-09 19:39:06.569   583   583 E LocationManagerService: FLP HAL not supported
04-09 19:39:06.570   583   583 D Interception: result: allow, reason: callerPkg == calleePkg, rule: runType===retrieveService|||callerPkg===android|||calleePkg===android|||calleeClass===android.hardware.location.GeofenceHardwareService|||action===null
04-09 19:39:06.571   583   583 E LocationManagerService: Unable to bind FLP Geofence proxy.
04-09 19:39:06.571   583   583 E ActivityRecognitionHardware: Error hw_get_module: -2
04-09 19:39:06.571   583   583 E LocationManagerService: Hardware Activity-Recognition not supported.
04-09 19:39:06.571   583   583 E ActivityRecognitionProxy: ServiceWatcher could not start.
04-09 19:39:06.571   583   583 E LocationManagerService: Unable to bind ActivityRecognitionProxy.
04-09 19:39:06.574   583   583 I CommonTimeManagementService: No common time service detected on this platform.  Common time services will be unavailable.
04-09 19:39:06.574   583   583 I MmsServiceBroker: Delay connecting to MmsService until an API is called
04-09 19:39:06.575   583   620 I InputReader: Reconfiguring input devices.  changes=0x00000020
04-09 19:39:06.575   583   583 D MountService: onStartUser 0
04-09 19:39:06.575   583   583 D VoldConnector: SND -> {6 volume user_started 0}
04-09 19:39:06.575   186   214 D vold    : Linking /storage/emulated/0 to /mnt/user/0/primary
04-09 19:39:06.575   583   624 D VoldConnector: RCV <- {200 6 Command succeeded}
04-09 19:39:06.575   583   623 D MountService: Volume emulated broadcasting mounted to UserHandle{0}
04-09 19:39:06.576   583   597 D Interception: result: allow, reason: calleePkg is system app, rule: runType===broadcast|||callerPkg===android|||calleePkg===com.android.providers.downloads|||calleeClass===com.android.providers.downloads.DownloadReceiver|||action===android.intent.action.MEDIA_MOUNTED
04-09 19:39:06.579   767   767 I art     : Late-enabling JIT
04-09 19:39:06.582   583   596 D GpsLocationProvider: GPS properties reloaded, size = 8
04-09 19:39:06.583   583   596 E GpsLocationProvider: no AGPS interface in set_agps_server
04-09 19:39:06.587   583   597 I ActivityManager: Start proc 767:android.process.media/u0a4 for broadcast com.android.providers.downloads/.DownloadReceiver
04-09 19:39:06.588   583   596 D PackageManager: trimGetPackagesForUid uid = 1000 result = [com.android.inputdevices, com.android.server.telecom, com.android.keychain, com.netease.mumu.cloner, com.netease.nemu_vinput.nemu, com.android.settings, com.netease.nemu_vapi_android.nemu, com.android.location.fused, com.android.providers.settings, android]
04-09 19:39:06.588   767   767 V libnb   : enter native_bridge2_initialize /data/user/0/com.android.providers.downloads/code_cache arm
04-09 19:39:06.589   767   767 D houdini : [767] Initialize library(version: 6.1.2d_x.48748 RELEASE)... successfully.
04-09 19:39:06.592   767   767 W art     : Unexpected CPU variant for X86 using defaults: x86
04-09 19:39:06.592   767   767 I art     : JIT created with code_cache_capacity=2MB compile_threshold=1000
04-09 19:39:06.593   196   196 D local_gps: client connected
04-09 19:39:06.593   583   596 E GpsLocationProvider: no AGPS interface in set_agps_server
04-09 19:39:06.597   767   767 I Zygote  : fake Product info android.process.media not matched any pattern
04-09 19:39:06.621   748   748 W System  : ClassLoader referenced unknown path: /system/app/nemu-vinput-pack/lib/x86
04-09 19:39:06.625   583   598 W WindowManager: Keyguard drawn timeout. Setting mKeyguardDrawComplete
04-09 19:39:06.692   583   594 D PackageManager: trimGetPackagesForUid uid = 10004 result = [com.android.providers.downloads, com.android.providers.downloads.ui, com.android.providers.media]
04-09 19:39:06.695   767   767 W System  : ClassLoader referenced unknown path: /system/priv-app/DownloadProvider/lib/x86
04-09 19:39:06.699   767   767 W System  : ClassLoader referenced unknown path: /system/priv-app/MediaProvider/lib/x86
04-09 19:39:06.704   583   764 E WVMExtractor: Failed to open libwvm.so: dlopen failed: library "libwvm.so" not found
04-09 19:39:06.834   583   583 W VoiceInteractionManagerService: no available voice interaction services found for user 0
04-09 19:39:06.834   583   583 W VoiceInteractionManagerService: no available voice recognition services found for user 0
04-09 19:39:06.838   802   802 W         : Failed to bind-mount /system/lib/x86/cpuinfo as /proc/cpuinfo: No such file or directory
04-09 19:39:06.838   802   802 I art     : Late-enabling JIT
04-09 19:39:06.845   583   583 I ActivityManager: Start proc 802:com.netease.nemu_vapi_android.nemu/1000 for added application com.netease.nemu_vapi_android.nemu
04-09 19:39:06.855   802   802 V libnb   : enter native_bridge2_initialize /data/user/0/com.netease.nemu_vapi_android.nemu/code_cache arm
04-09 19:39:06.856   802   802 D houdini : [802] Initialize library(version: 6.1.2d_x.48748 RELEASE)... successfully.
04-09 19:39:06.858   802   802 W art     : Unexpected CPU variant for X86 using defaults: x86
04-09 19:39:06.859   802   802 I art     : JIT created with code_cache_capacity=2MB compile_threshold=1000
04-09 19:39:06.864   802   802 I Zygote  : fake Product info com.netease.nemu_vapi_android.nemu not matched any pattern
04-09 19:39:06.927   203   203 W OMXNodeInstance: [e:google.mpeg4.decoder] component does not support metadata mode; using fallback
04-09 19:39:06.929   203   203 W OMXNodeInstance: [f:google.h263.decoder] component does not support metadata mode; using fallback
04-09 19:39:06.958   203   203 W OMXNodeInstance: [10:google.h264.decoder] component does not support metadata mode; using fallback
04-09 19:39:06.971   203   203 W OMXNodeInstance: [11:google.hevc.decoder] component does not support metadata mode; using fallback
04-09 19:39:06.985   583   583 I ActivityManager: START u0 {act=android.intent.action.MAIN cat=[android.intent.category.HOME] flg=0x10000000 cmp=com.mumu.launcher/.Launcher} from uid 0 on display 0
04-09 19:39:06.986   203   203 W OMXNodeInstance: [12:google.vp8.decoder] component does not support metadata mode; using fallback
04-09 19:39:06.986   583   620 I InputReader: Reconfiguring input devices.  changes=0x00000010
04-09 19:39:06.987   203   203 W OMXNodeInstance: [13:google.vp9.decoder] component does not support metadata mode; using fallback
04-09 19:39:07.023   203   203 I SoftMPEG4Encoder: Construct SoftMPEG4Encoder
04-09 19:39:07.023   203   203 W ACodec  : do not know color format 0x7f000789 = 2130708361
04-09 19:39:07.030   203   203 W ACodec  : do not know color format 0x7f000789 = 2130708361
04-09 19:39:07.031   203   203 I SoftMPEG4Encoder: Construct SoftMPEG4Encoder
04-09 19:39:07.031   203   203 W ACodec  : do not know color format 0x7f000789 = 2130708361
04-09 19:39:07.068   203   203 W ACodec  : do not know color format 0x7f000789 = 2130708361
04-09 19:39:07.069   203   203 W MediaCodecList: unable to open media codecs configuration xml file: /etc/media_codecs_performance.xml
04-09 19:39:07.087   203   203 W MediaCodecList: unable to open media codecs configuration xml file: /data/misc/media/media_codecs_profiling_results.xml
04-09 19:39:07.088   583   783 I OMXClient: Using client-side OMX mux.
04-09 19:39:07.146   655   655 I art     : System.exit called, status: 0
04-09 19:39:07.146   655   655 I AndroidRuntime: VM exiting with result code 0, cleanup skipped.
04-09 19:39:07.160   583   609 D PackageManager: trimGetPackagesForUid uid = 10012 result = [com.android.systemui]
04-09 19:39:07.164   583   583 I ActivityManager: Start proc 850:com.mumu.launcher/u0a33 for activity com.mumu.launcher/.Launcher
04-09 19:39:07.164   583   583 I ActivityManager: Starting provision Activity: Intent { cmp=com.android.provision/.DefaultActivity }
04-09 19:39:07.165   583   583 D Interception: result: allow, reason: calleePkg is system app, rule: runType===activity|||callerPkg===android|||calleePkg===com.android.provision|||calleeClass===com.android.provision.DefaultActivity|||action===null
04-09 19:39:07.165   583   583 I ActivityManager: START u0 {cmp=com.android.provision/.DefaultActivity} from uid 1000 on display 0
04-09 19:39:07.166   850   850 W         : Failed to bind-mount /system/lib/x86/cpuinfo as /proc/cpuinfo: No such file or directory
04-09 19:39:07.167   850   850 I art     : Late-enabling JIT
04-09 19:39:07.167   850   850 V libnb   : enter native_bridge2_initialize /data/user/0/com.mumu.launcher/code_cache arm
04-09 19:39:07.169   850   850 D houdini : [850] Initialize library(version: 6.1.2d_x.48748 RELEASE)... successfully.
04-09 19:39:07.173   850   850 W art     : Unexpected CPU variant for X86 using defaults: x86
04-09 19:39:07.173   850   850 I art     : JIT created with code_cache_capacity=2MB compile_threshold=1000
04-09 19:39:07.179   850   850 I Zygote  : fake Product info com.mumu.launcher not matched any pattern
04-09 19:39:07.185   583   855 D PackageManager: trimGetPackagesForUid uid = 10016 result = [com.android.browser]
04-09 19:39:07.206   583   583 I ActivityManager: Starting com.android.setting.CryptKeeper: Intent { cmp=com.android.settings/.CryptKeeper }
04-09 19:39:07.206   583   583 D Interception: result: allow, reason: calleePkg is system app, rule: runType===activity|||callerPkg===android|||calleePkg===com.android.settings|||calleeClass===com.android.settings.CryptKeeper|||action===null
04-09 19:39:07.206   583   583 I ActivityManager: START u0 {cmp=com.android.settings/.CryptKeeper} from uid 1000 on display 0
04-09 19:39:07.206   583   583 I ActivityManager: Starting service: Intent { cmp=com.netease.nemu_vapi_android.nemu/com.netease.nemu_vapi_android.service.ApiService }
04-09 19:39:07.206   583   583 D Interception: result: allow, reason: calleePkg is system app, rule: runType===retrieveService|||callerPkg===android|||calleePkg===com.netease.nemu_vapi_android.nemu|||calleeClass===com.netease.nemu_vapi_android.service.ApiService|||action===null
04-09 19:39:07.207   583   594 W art     : Long monitor contention event with owner method=void com.android.server.am.ActivityManagerService.systemReady(java.lang.Runnable) from ActivityManagerService.java:12103 waiters=1 for 338ms
04-09 19:39:07.207   583   598 W art     : Long monitor contention event with owner method=void com.android.server.am.ActivityManagerService.systemReady(java.lang.Runnable) from ActivityManagerService.java:12103 waiters=0 for 373ms
04-09 19:39:07.211   748   748 D com.android.inputmethodcommon.InputMethodServer: init input method server
04-09 19:39:07.214   748   867 D com.android.inputmethodcommon.InputMethodServer: server start listening at: 8400
04-09 19:39:07.223   665   665 W System  : ClassLoader referenced unknown path: /system/priv-app/SystemUI/lib/x86
04-09 19:39:07.301   762   762 I wpa_supplicant: Successfully initialized wpa_supplicant
04-09 19:39:07.318   583   583 W art     : Long monitor contention event with owner method=void com.android.server.am.ActivityManagerService.attachApplication(android.app.IApplicationThread) from ActivityManagerService.java:6383 waiters=6 for 109ms
04-09 19:39:07.319   583   583 D PackageManager: trimGetPackagesForUid uid = 1000 result = [com.android.inputdevices, com.android.server.telecom, com.android.keychain, com.netease.mumu.cloner, com.netease.nemu_vinput.nemu, com.android.settings, com.netease.nemu_vapi_android.nemu, com.android.location.fused, com.android.providers.settings, android]
04-09 19:39:07.319   583   595 D Interception: result: allow, reason: calleePkg is system app, rule: runType===retrieveService|||callerPkg===android|||calleePkg===com.android.providers.downloads|||calleeClass===com.android.providers.downloads.DownloadService|||action===null
04-09 19:39:07.320   583   583 D RttService: SCAN_AVAILABLE : 1
04-09 19:39:07.320   583   644 D RttService: DefaultState got{ when=0 what=160513 target=com.android.internal.util.StateMachine$SmHandler }
04-09 19:39:07.321   665   665 V SystemUIService: Starting SystemUI services.
04-09 19:39:07.325   583   594 D PackageManager: trimGetPackagesForUid uid = 10033 result = [com.mumu.launcher]
04-09 19:39:07.336   583   855 D PackageManager: trimGetPackagesForUid uid = 1000 result = [com.android.inputdevices, com.android.server.telecom, com.android.keychain, com.netease.mumu.cloner, com.netease.nemu_vinput.nemu, com.android.settings, com.netease.nemu_vapi_android.nemu, com.android.location.fused, com.android.providers.settings, android]
04-09 19:39:07.383   583   869 I OMXClient: Using client-side OMX mux.
04-09 19:39:07.407   583   583 I Choreographer: Skipped 108 frames!  The application may be doing too much work on its main thread.
04-09 19:39:07.416   583   872 I OMXClient: Using client-side OMX mux.
04-09 19:39:07.430   583   630 D WifiConfigStore: Loading config and enabling all networks 
04-09 19:39:07.433   583   630 D WifiConfigStore: loaded 0 passpoint configs
04-09 19:39:07.467   583   877 I OMXClient: Using client-side OMX mux.
04-09 19:39:07.496   583   583 W System  : ClassLoader referenced unknown path: /system/priv-app/Telecom/lib/x86
04-09 19:39:07.497   583   880 I OMXClient: Using client-side OMX mux.
04-09 19:39:07.503   583   630 W WifiConfigStore: Upgrading network 0 to android.uid.system:1000
04-09 19:39:07.504   583   630 E WifiConfigStore: readAutoJoinStatus: Error parsing configurationjava.io.FileNotFoundException: /data/misc/wifi/autojoinconfig.txt: open failed: ENOENT (No such file or directory)
04-09 19:39:07.504   583   630 E WifiConfigStore: buildPnoList sortedWifiConfigurations size 1
04-09 19:39:07.504   583   630 E WifiConfigStore: found sortedWifiConfigurations : "NemuWiFi"NONE
04-09 19:39:07.504   583   630 D WifiNative-HAL: Setting external_sim to 1
04-09 19:39:07.505   583   630 D WifiStateMachine: Setting OUI to DA-A1-19
04-09 19:39:07.529   583   630 D WifiConfigStore: Retrieve network priorities after PNO.
04-09 19:39:07.529   583   630 D WifiNative-HAL: Failing getSupportedFeatureset because HAL isn't started
04-09 19:39:07.533   583   630 E native  : do suspend false
04-09 19:39:07.533   583   630 D WifiConfigStore: No blacklist allowed without epno enabled
04-09 19:39:07.533   583   630 D WifiConfigStore: Retrieve network priorities after PNO.
04-09 19:39:07.534   762   762 I wpa_supplicant: eth1: Trying to associate with 01:80:c2:00:00:03 (SSID='NemuWiFi' freq=2412 MHz)
04-09 19:39:07.534   762   762 I wpa_supplicant: eth1: Associated with 01:80:c2:00:00:03
04-09 19:39:07.534   762   762 I wpa_supplicant: eth1: CTRL-EVENT-CONNECTED - Connection to 01:80:c2:00:00:03 completed [id=0 id_str=]
04-09 19:39:07.536   583   630 D WIFI    : Registering NetworkFactory
04-09 19:39:07.536   583   630 D WIFI_UT : Registering NetworkFactory
04-09 19:39:07.536   583   632 D ConnectivityService: Got NetworkFactory Messenger for WIFI
04-09 19:39:07.536   583   632 D ConnectivityService: Got NetworkFactory Messenger for WIFI_UT
04-09 19:39:07.537   583   884 I OMXClient: Using client-side OMX mux.
04-09 19:39:07.541   583   630 D WifiConfigStore: Retrieve network priorities after PNO.
04-09 19:39:07.544   583   630 D ConnectivityService: registerNetworkAgent NetworkAgentInfo{ ni{[type: WIFI[], state: CONNECTING/CONNECTING, reason: (unspecified), extra: 0x, roaming: false, failover: false, isAvailable: true]}  network{100}  lp{{LinkAddresses: []  Routes: [] DnsAddresses: [] Domains: null MTU: 0 TcpBufferSizes: 524288,1048576,2097152,262144,524288,1048576}}  nc{[ Transports: WIFI Capabilities: INTERNET&NOT_RESTRICTED&TRUSTED&NOT_VPN LinkUpBandwidth>=1048576Kbps LinkDnBandwidth>=1048576Kbps]}  Score{20}  everValidated{false}  lastValidated{false}  created{false} lingering{false} explicitlySelected{false} acceptUnvalidated{false} everCaptivePortalDetected{false} lastCaptivePortalDetected{false} }
04-09 19:39:07.544   583   630 E WifiConfigStore: saveWifiConfigBSSID Setting BSSID for "NemuWiFi"NONE to any
04-09 19:39:07.544   583   632 D ConnectivityService: NetworkAgentInfo [WIFI () - 100] EVENT_NETWORK_INFO_CHANGED, going from null to CONNECTING
04-09 19:39:07.562   583   630 E WifiConfigStore: saveWifiConfigBSSID Setting BSSID for "NemuWiFi"NONE to any
04-09 19:39:07.587   583   865 D PackageManager: trimGetPackagesForUid uid = 10012 result = [com.android.systemui]
04-09 19:39:07.613   583   609 W ContextImpl: Calling a method in the system process without a qualified user: android.app.ContextImpl.sendBroadcast:784 com.android.server.tabs.TabManagerService.notifyOpening:360 com.android.server.tabs.TabManagerService.onUpdate:156 android.app.tabs.ITabManager$Stub.onTransact:53 android.os.Binder.execTransact:453 
04-09 19:39:07.614   583   609 I com.android.server.tabs.TabManagerService: notifyOpening:361: notify tab opened in android as it's new task com.mumu.launcher
04-09 19:39:07.614   583   595 W art     : Long monitor contention event with owner method=java.lang.String android.content.res.StringBlock.nativeGetString(long, int) from StringBlock.java:4294967294 waiters=0 for 276ms
04-09 19:39:07.615   850   850 W System  : ClassLoader referenced unknown path: /system/app/com.mumu.launcher/lib/x86
04-09 19:39:07.653   199   235 D CommandListener: Setting iface cfg
04-09 19:39:07.655   583   630 D WifiStateMachine: Start Dhcp Watchdog 1
04-09 19:39:07.655   583   630 D WIFI    : got request NetworkRequest [ id=1, legacyType=-1, [ Capabilities: INTERNET&NOT_RESTRICTED&TRUSTED&NOT_VPN] ] with score 0
04-09 19:39:07.655   583   630 D WIFI_UT : got request NetworkRequest [ id=1, legacyType=-1, [ Capabilities: INTERNET&NOT_RESTRICTED&TRUSTED&NOT_VPN] ] with score 0
04-09 19:39:07.656   583   632 D ConnectivityService: notifyType CAP_CHANGED for NetworkAgentInfo [WIFI () - 100]
04-09 19:39:07.657   583   630 D IpReachabilityMonitor: watch: iface{eth1/5}, v{1}, ntable=[]
04-09 19:39:07.657   583   632 D ConnectivityService: updateNetworkScore for NetworkAgentInfo [WIFI () - 100] to 56
04-09 19:39:07.661   802   802 W System  : ClassLoader referenced unknown path: /system/app/nemu-vapi-android-pack/lib/x86
04-09 19:39:07.676   583   630 E native  : do suspend false
04-09 19:39:07.676   583   890 D DhcpClient: Receive thread started
04-09 19:39:07.677   583   889 D DhcpClient: Broadcasting DHCPDISCOVER
04-09 19:39:07.680   583   890 D DhcpClient: Received packet: 08:00:27:f8:dc:d2 OFFER, ip /10.0.3.15, mask /255.255.255.0, DNS servers: /192.168.1.1 , gateways [/10.0.3.2] lease time 86400, domain null
04-09 19:39:07.680   583   889 D DhcpClient: Got pending lease: IP address 10.0.3.15/24 Gateway 10.0.3.2  DNS servers: [ 192.168.1.1 ] Domains DHCP server /10.0.3.2 Vendor info null lease 86400 seconds
04-09 19:39:07.680   583   889 D DhcpClient: Broadcasting DHCPREQUEST ciaddr=0.0.0.0 request=10.0.3.15 serverid=10.0.3.2
04-09 19:39:07.681   583   890 D DhcpClient: Received packet: 08:00:27:f8:dc:d2 ACK: your new IP /10.0.3.15, netmask /255.255.255.0, gateways [/10.0.3.2] DNS servers: /192.168.1.1 , lease time 86400
04-09 19:39:07.681   583   889 D DhcpClient: Confirmed lease: IP address 10.0.3.15/24 Gateway 10.0.3.2  DNS servers: [ 192.168.1.1 ] Domains DHCP server /10.0.3.2 Vendor info null lease 86400 seconds
04-09 19:39:07.681   199   235 D CommandListener: Setting iface cfg
04-09 19:39:07.681   199   227 E Netd    : ifc_reset_connections failed on iface eth1 for address 10.0.3.15/8 (Unknown error -1)
04-09 19:39:07.682   583   889 D DhcpClient: Scheduling renewal in 43199s
04-09 19:39:07.682   583   630 D IpReachabilityMonitor: watch: iface{eth1/5}, v{2}, ntable=[]
04-09 19:39:07.685   583   630 D IpReachabilityMonitor: watch: iface{eth1/5}, v{3}, ntable=[10.0.3.2/NUD_NONE]
04-09 19:39:07.685   583   630 D WifiStateMachine: WifiStateMachine: handleSuccessfulIpConfiguration and no scan results"NemuWiFi"NONE
04-09 19:39:07.686   583   632 D ConnectivityService: NetworkAgentInfo [WIFI () - 100] EVENT_NETWORK_INFO_CHANGED, going from CONNECTING to CONNECTED
04-09 19:39:07.686   583   632 D ConnectivityService: Adding iface eth1 to network 100
04-09 19:39:07.699   583   632 E ConnectivityService: Unexpected mtu value: 0, eth1
04-09 19:39:07.699   583   632 D ConnectivityService: Adding Route [fe80::/64 -> :: eth1] to network 100
04-09 19:39:07.699   583   632 D ConnectivityService: Adding Route [10.0.3.0/24 -> 0.0.0.0 eth1] to network 100
04-09 19:39:07.700   583   632 D ConnectivityService: Adding Route [0.0.0.0/0 -> 10.0.3.2 eth1] to network 100
04-09 19:39:07.700   583   632 D ConnectivityService: Setting Dns servers for network 100 to [/192.168.1.1]
04-09 19:39:07.713   583   630 E WifiStateMachine: Did not find remoteAddress {10.0.3.2} in /proc/net/arp
04-09 19:39:07.715   583   888 D NetlinkSocketObserver: NeighborEvent{elapsedMs=23743, 10.0.3.2, [525400123502], RTM_NEWNEIGH, NUD_REACHABLE}
04-09 19:39:07.725   850   850 W art     : Verification of void com.mumu.launcher.LauncherApplication.<clinit>() took 109.976ms
04-09 19:39:07.837   583   897 D Interception: result: allow, reason: calleePkg is system app, rule: runType===provider|||callerPkg===android|||calleePkg===com.android.providers.contacts|||calleeClass===com.android.providers.contacts.CallLogProvider|||action===call_log
04-09 19:39:07.841   583   897 I ActivityManager: Start proc 898:android.process.acore/u0a2 for content provider com.android.providers.contacts/.CallLogProvider
04-09 19:39:07.842   583   583 I Telecom : Class: TelecomSystem.INSTANCE being set
04-09 19:39:07.843   898   898 I art     : Late-enabling JIT
04-09 19:39:07.843   583   583 W ContextImpl: Calling a method in the system process without a qualified user: android.app.ContextImpl.startService:1242 android.content.ContextWrapper.startService:581 com.android.server.telecom.components.TelecomService.initializeTelecomSystem:107 com.android.server.telecom.components.TelecomService.onBind:46 android.app.ActivityThread.handleBindService:2931 
04-09 19:39:07.843   583   583 D Interception: result: allow, reason: calleePkg is system app, rule: runType===retrieveService|||callerPkg===android|||calleePkg===com.android.server.telecom|||calleeClass===com.android.server.telecom.components.BluetoothPhoneService|||action===null
04-09 19:39:07.864   898   898 V libnb   : enter native_bridge2_initialize /data/user/0/com.android.providers.contacts/code_cache arm
04-09 19:39:07.865   898   898 D houdini : [898] Initialize library(version: 6.1.2d_x.48748 RELEASE)... successfully.
04-09 19:39:07.868   898   898 W art     : Unexpected CPU variant for X86 using defaults: x86
04-09 19:39:07.868   898   898 I art     : JIT created with code_cache_capacity=2MB compile_threshold=1000
04-09 19:39:07.873   898   898 I Zygote  : fake Product info android.process.acore not matched any pattern
04-09 19:39:07.914   802   802 I boot_progress_api_start: 23944
04-09 19:39:07.925   802   802 W ContextImpl: Calling a method in the system process without a qualified user: android.app.ContextImpl.bindService:1306 android.content.ContextWrapper.bindService:604 com.netease.nemu_vapi_android.service.ApiService.bindRemoteAppService:42 com.netease.nemu_vapi_android.service.ApiService.onCreate:34 android.app.ActivityThread.handleCreateService:2904 
04-09 19:39:07.928   583   849 D Interception: result: allow, reason: callerPkg == calleePkg, rule: runType===retrieveService|||callerPkg===com.netease.nemu_vapi_android.nemu|||calleePkg===com.netease.nemu_vapi_android.nemu|||calleeClass===com.netease.nemu_vapi_android.service.AppService|||action===null
04-09 19:39:07.931   583   583 W System  : ClassLoader referenced unknown path: /system/priv-app/FusedLocation/lib/x86
04-09 19:39:07.960   583   583 D GpsNetInitiatedHandler: location enabled :true
04-09 19:39:07.960   583   583 I WiredAccessoryManager: notifyWiredAccessoryChanged: when=0 bits= mask=154
04-09 19:39:07.960   583   583 V WiredAccessoryManager: newName=h2w newState=0 headsetState=0 prev headsetState=0
04-09 19:39:07.960   583   583 E WiredAccessoryManager: No state change.
04-09 19:39:07.960   583   583 V WiredAccessoryManager: init()
04-09 19:39:07.989   193   264 D PermissionCache: checking android.permission.HARDWARE_TEST for uid=1000 => granted (1122 us)
04-09 19:39:07.991   203   844 D BlueZ   : external/bluetooth/bluez/android/hal-audio.c:audio_set_mic_mute() 
