04-09 19:39:07.999   583   583 I Choreographer: Skipped 34 frames!  The application may be doing too much work on its main thread.
04-09 19:39:08.008   193   622 D         : HostConnection::get() New Host Connection established 0xb612f6d0, tid 622
04-09 19:39:08.025   583   583 D         : HostConnection::get() New Host Connection established 0x9d4c6df0, tid 583
04-09 19:39:08.026   583   632 D ConnectivityService: sending Proxy Broadcast for [] 0 xl=
04-09 19:39:08.026   583   632 D ConnectivityService: notifyType IP_CHANGED for NetworkAgentInfo [WIFI () - 100]
04-09 19:39:08.026   583   632 D ConnectivityService: scheduleUnvalidatedPrompt 100
04-09 19:39:08.026   583   632 D ConnectivityService: updateSignalStrengthThresholds: CONNECT, sending [] to NetworkAgentInfo [WIFI () - 100]
04-09 19:39:08.026   583   632 D ConnectivityService: rematch for NetworkAgentInfo [WIFI () - 100]
04-09 19:39:08.026   583   632 D ConnectivityService:    accepting network in place of null
04-09 19:39:08.027   583   632 D ConnectivityService: Switching to new default network: NetworkAgentInfo{ ni{[type: WIFI[], state: CONNECTED/CONNECTED, reason: (unspecified), extra: "NemuWiFi", roaming: false, failover: false, isAvailable: true]}  network{100}  lp{{InterfaceName: eth1 LinkAddresses: [fe80::a00:27ff:fef8:dcd2/64,10.0.3.15/24,]  Routes: [fe80::/64 -> :: eth1,10.0.3.0/24 -> 0.0.0.0 eth1,0.0.0.0/0 -> 10.0.3.2 eth1,] DnsAddresses: [192.168.1.1,] Domains: null MTU: 0 TcpBufferSizes: 524288,1048576,2097152,262144,524288,1048576 HttpProxy: [192.168.1.4] 8888 xl= }}  nc{[ Transports: WIFI Capabilities: INTERNET&NOT_RESTRICTED&TRUSTED&NOT_VPN LinkUpBandwidth>=1048576Kbps LinkDnBandwidth>=1048576Kbps SignalStrength: -65]}  Score{16}  everValidated{false}  lastValidated{false}  created{true} lingering{false} explicitlySelected{false} acceptUnvalidated{false} everCaptivePortalDetected{false} lastCaptivePortalDetected{false} }
04-09 19:39:08.068   665   896 E WVMExtractor: Failed to open libwvm.so: dlopen failed: library "libwvm.so" not found
04-09 19:39:08.069   583   849 D PackageManager: trimGetPackagesForUid uid = 10002 result = [com.android.calllogbackup, com.android.providers.contacts, com.android.providers.userdictionary]
04-09 19:39:08.074   898   898 W System  : ClassLoader referenced unknown path: /system/priv-app/ContactsProvider/lib/x86
04-09 19:39:08.076   665   920 I OMXClient: Using client-side OMX mux.
04-09 19:39:08.113   850   850 V Launcher: LauncherAppState inited
04-09 19:39:08.130   665   925 I OMXClient: Using client-side OMX mux.
04-09 19:39:08.151   918   918 E ProbeModule: insmod_by_dep: cannot load module: [ipt_IDLETIMER]
04-09 19:39:08.155   931   931 E ProbeModule: insmod_by_dep: cannot load module: [ip6t_IDLETIMER]
04-09 19:39:08.155   199   235 V IdletimerController: runCmd(/system/bin/ip6tables -w -t raw -A idletimer_raw_PREROUTING -i eth1 -j IDLETIMER --timeout 15 --label 1 --send_nl_msg 1) res_ipv4=1, res_ipv6=1
04-09 19:39:08.155   583   632 E ConnectivityService: Exception in setupDataActivityTracking java.lang.IllegalStateException: command '24 idletimer add eth1 15 1' failed with '400 24 Failed to add interface'
04-09 19:39:08.156   583   632 D ConnectivityService: sending Proxy Broadcast for [192.168.1.4] 8888 xl=
04-09 19:39:08.156   583   632 D ConnectivityService: Setting tx/rx TCP buffers to 524288,1048576,2097152,262144,524288,1048576
04-09 19:39:08.160   583   632 D CSLegacyTypeTracker: Sending CONNECTED broadcast for type 1 NetworkAgentInfo [WIFI () - 100] isDefaultNetwork=true
04-09 19:39:08.160   583   632 D ConnectivityService: sendStickyBroadcast: action=android.net.conn.CONNECTIVITY_CHANGE
04-09 19:39:08.160   583   632 D ConnectivityService: notifyType PRECHECK for NetworkAgentInfo [WIFI () - 100]
04-09 19:39:08.160   583   632 D ConnectivityService: setProvNotificationVisibleIntent null visible=false networkType=MOBILE extraInfo=null highPriority=false
04-09 19:39:08.163   583   632 D ConnectivityService: NetworkAgentInfo [WIFI () - 100] validation  passed
04-09 19:39:08.164   583   632 D ConnectivityService: notifyType CAP_CHANGED for NetworkAgentInfo [WIFI () - 100]
04-09 19:39:08.164   583   632 D ConnectivityService: sendStickyBroadcast: action=android.net.conn.INET_CONDITION_ACTION
04-09 19:39:08.165   665   933 I OMXClient: Using client-side OMX mux.
04-09 19:39:08.261   583   583 D RttService: SCAN_AVAILABLE : 3
04-09 19:39:08.261   583   644 D RttService: DefaultState got{ when=0 what=160512 target=com.android.internal.util.StateMachine$SmHandler }
04-09 19:39:08.261   583   643 E WifiScanningService: could not start HAL
04-09 19:39:08.266   583   583 D PackageManager: trimGetPackagesForUid uid = 1000 result = [com.android.inputdevices, com.android.server.telecom, com.android.keychain, com.netease.mumu.cloner, com.netease.nemu_vinput.nemu, com.android.settings, com.netease.nemu_vapi_android.nemu, com.android.location.fused, com.android.providers.settings, android]
04-09 19:39:08.275   583   609 D Interception: result: allow, reason: calleePkg is system app, rule: runType===broadcast|||callerPkg===android|||calleePkg===com.android.providers.media|||calleeClass===com.android.providers.media.MediaScannerReceiver|||action===android.intent.action.MEDIA_MOUNTED
04-09 19:39:08.303   767   767 D MediaScannerReceiver: action: android.intent.action.MEDIA_MOUNTED path: /storage/emulated/0
04-09 19:39:08.304   583   609 D Interception: result: allow, reason: calleePkg is system app, rule: runType===retrieveService|||callerPkg===android|||calleePkg===com.android.providers.media|||calleeClass===com.android.providers.media.MediaScannerService|||action===null
04-09 19:39:08.304   583   866 D Interception: result: allow, reason: calleePkg is system app, rule: runType===broadcast|||callerPkg===android|||calleePkg===com.mumu.store|||calleeClass===fake.com.android.providers.downloads.DownloadReceiver|||action===android.intent.action.MEDIA_MOUNTED
04-09 19:39:08.309   942   942 W         : Failed to bind-mount /system/lib/x86/cpuinfo as /proc/cpuinfo: No such file or directory
04-09 19:39:08.312   942   942 I art     : Late-enabling JIT
04-09 19:39:08.312   942   942 V libnb   : enter native_bridge2_initialize /data/user/0/com.mumu.store/code_cache arm
04-09 19:39:08.313   942   942 D houdini : [942] Initialize library(version: 6.1.2d_x.48748 RELEASE)... successfully.
04-09 19:39:08.315   583   866 I ActivityManager: Start proc 942:com.mumu.store/u0a34 for broadcast com.mumu.store/fake.com.android.providers.downloads.DownloadReceiver
04-09 19:39:08.318   942   942 W art     : Unexpected CPU variant for X86 using defaults: x86
04-09 19:39:08.318   942   942 I art     : JIT created with code_cache_capacity=2MB compile_threshold=1000
04-09 19:39:08.320   942   942 I Zygote  : fake Product info com.mumu.store not matched any pattern
04-09 19:39:08.486   583   601 E BluetoothManagerService: MESSAGE_TIMEOUT_BIND
04-09 19:39:08.563   583   583 I FusedLocation: engine started (com.android.location.fused)
04-09 19:39:08.563   583   601 D Tethering: MasterInitialState.processMessage what=3
04-09 19:39:08.602   898   898 W System  : ClassLoader referenced unknown path: /system/app/UserDictionaryProvider/lib/x86
04-09 19:39:08.711   583   630 D WifiNetworkAgent: NetworkAgent: Received signal strength thresholds: []
04-09 19:39:08.712   583   630 D WifiNative-HAL: stopRssiMonitoring, cmdId 0
04-09 19:39:08.897   583   865 D PackageManager: trimGetPackagesForUid uid = 10034 result = [com.mumu.store]
04-09 19:39:09.068   942   942 W System  : ClassLoader referenced unknown path: /system/app/com.mumu.store/lib/x86
04-09 19:39:09.261   665   665 I vol.Events: writeEvent collection_started
04-09 19:39:09.270   665   967 I vol.Events: writeEvent external_ringer_mode_changed normal
04-09 19:39:09.270   665   967 I vol.Events: writeEvent internal_ringer_mode_changed normal
04-09 19:39:09.304   583   934 D GpsLocationProvider: NTP server returned: 1554809948865 (Tue Apr 09 19:39:08 GMT+08:00 2019) reference: 25333 certainty: 159 system time offset: -439
04-09 19:39:09.336   203   203 D BlueZ   : external/bluetooth/bluez/android/hal-audio.c:audio_set_parameters() 
04-09 19:39:09.414   942   942 I MultiDex: VM with version 2.1.0 has multidex support
04-09 19:39:09.414   942   942 I MultiDex: Installing application
04-09 19:39:09.414   942   942 I MultiDex: VM has multidex support, MultiDex support library is disabled.
04-09 19:39:09.776   665   967 I vol.Events: writeEvent level_changed STREAM_ALARM 6
04-09 19:39:09.777   665   967 I vol.Events: writeEvent level_changed STREAM_BLUETOOTH_SCO 7
04-09 19:39:09.778   665   967 I vol.Events: writeEvent level_changed STREAM_MUSIC 11
04-09 19:39:09.779   665   967 I vol.Events: writeEvent level_changed STREAM_RING 5
04-09 19:39:09.780   665   967 I vol.Events: writeEvent level_changed STREAM_SYSTEM 5
04-09 19:39:09.781   665   967 I vol.Events: writeEvent level_changed STREAM_VOICE_CALL 4
04-09 19:39:09.926   665   665 D StorageNotification: Notifying about private volume: VolumeInfo{private}:
04-09 19:39:09.926   665   665 D StorageNotification:     type=PRIVATE diskId=null partGuid=null mountFlags=0 mountUserId=-1 
04-09 19:39:09.926   665   665 D StorageNotification:     state=MOUNTED 
04-09 19:39:09.926   665   665 D StorageNotification:     fsType=null fsUuid=null fsLabel=null 
04-09 19:39:09.926   665   665 D StorageNotification:     path=/data internalPath=null 
04-09 19:39:10.184   850   978 W art     : Method processed more than once: java.lang.String com.netease.nis.bugrpt.b.a.a(java.lang.String)
04-09 19:39:10.193   850   850 D mumu sale promotion: create launcher
04-09 19:39:10.193   850   850 W Launcher: setApplicationContext called twice! old=com.mumu.launcher.LauncherApplication@780976e new=com.mumu.launcher.LauncherApplication@780976e
04-09 19:39:10.236   850   850 D mumu sale promotion: read from sale promotion profile, has cached sale promotion: false
04-09 19:39:10.326   583   645 V KeyValueBackupJob: Scheduling k/v pass in 243 minutes
04-09 19:39:10.462   802   802 D com.netease.nemu_android_watchdog_lib.core.Watchdog: get frontend port from reflect
04-09 19:39:10.462   802   802 D com.netease.nemu_android_watchdog_lib.core.Watchdog: get frontend port from reflect result: 22471
04-09 19:39:10.463   802   802 D com.netease.nemu_android_watchdog_lib.core.Watchdog: get frontend port: 22471
04-09 19:39:10.463   802   802 D com.netease.nemu_android_watchdog_lib.utils.StorageUtil: block size: 4096	block count: 8224220	avail count: 8198957
04-09 19:39:10.463   802   802 D com.netease.nemu_android_watchdog_lib.utils.StorageUtil: used byte: 103477248	available byte: 33582927872
04-09 19:39:10.514   898   957 I ContactLocale: AddressBook Labels [zh-CN]: [, A, B, C, D, E, F, G, H, I, J, K, L, M, N, O, P, Q, R, S, T, U, V, W, X, Y, Z, , , , , , , , , , , , , , , , , , , , , , , , , , , , , , , , , , , , , , , , , , , , , , , , , , , , , , , , , , , , , , , , , , , , , , , , , , , , , , , , , , , , , , , , , , , , , , , , , , , , , , , , , , , , , , , , , , , , , , , , , , , , , , , , , , , , , , , , , , , , , , , , , , , , , , , , , , , , , , , , , , , , , , , , , , , , , , , , , , , , , , , , , , , #, ]
04-09 19:39:10.580   802   802 I boot_progress_app_bind: 26609
04-09 19:39:10.753   898   957 I ContactDirectoryManager: deleted 0 stale rows which don't have any relevant directory
04-09 19:39:10.755   898   957 I ContactDirectoryManager: Discovered 0 contact directories in 59ms
04-09 19:39:11.157   802   802 I boot_progress_api_work: 27186
04-09 19:39:11.352   583   865 I StatusBarManagerService: registerStatusBar bar=com.android.internal.statusbar.IStatusBar$Stub$Proxy@759787f
04-09 19:39:11.370   583   849 D Interception: result: allow, reason: calleePkg is system app, rule: runType===retrieveService|||callerPkg===android|||calleePkg===com.mumu.store|||calleeClass===fake.com.android.providers.downloads.DownloadService|||action===null
04-09 19:39:11.377   583   583 D Interception: result: allow, reason: calleePkg is system app, rule: runType===broadcast|||callerPkg===android|||calleePkg===com.netease.nemu_vapi_android.nemu|||calleeClass===com.netease.nemu_vapi_android.receiver.LaunchReceiver|||action===android.net.conn.CONNECTIVITY_CHANGE
04-09 19:39:11.377   802   802 I boot_progress_receive: 27407
04-09 19:39:11.377   802   802 I boot_progress_receive: broadcast: Intent { act=android.net.conn.CONNECTIVITY_CHANGE flg=0x4000010 cmp=com.netease.nemu_vapi_android.nemu/com.netease.nemu_vapi_android.receiver.LaunchReceiver (has extras) }
04-09 19:39:11.378   802   802 W ContextImpl: Calling a method in the system process without a qualified user: android.app.ContextImpl.startService:1242 android.content.ContextWrapper.startService:581 android.content.ContextWrapper.startService:581 com.netease.nemu_vapi_android.receiver.LaunchReceiver.onReceive:30 android.app.ActivityThread.handleReceiver:2752 
04-09 19:39:11.378   583   595 D Interception: result: allow, reason: calleePkg is system app, rule: runType===broadcast|||callerPkg===android|||calleePkg===com.android.providers.downloads|||calleeClass===com.android.providers.downloads.DownloadReceiver|||action===android.net.conn.CONNECTIVITY_CHANGE
04-09 19:39:11.380   942   942 D DownloadService: onCreate null
04-09 19:39:11.381   583   849 D Interception: result: allow, reason: calleePkg is system app, rule: runType===retrieveService|||callerPkg===android|||calleePkg===com.android.providers.downloads|||calleeClass===com.android.providers.downloads.DownloadService|||action===null
04-09 19:39:11.390   583   595 D Interception: result: allow, reason: calleePkg is system app, rule: runType===broadcast|||callerPkg===android|||calleePkg===com.mumu.store|||calleeClass===fake.com.android.providers.downloads.DownloadReceiver|||action===android.net.conn.CONNECTIVITY_CHANGE
04-09 19:39:11.391   942   942 D DownloadManager: onStartCommand
04-09 19:39:11.391   942  1002 V DownloadManager: Updating for startId 1
04-09 19:39:11.395   942   942 D DownloadManager: onStartCommand
04-09 19:39:11.408   850   850 D mumu sale promotion: create floating window
04-09 19:39:11.536   942   999 I download: restore channels 0
04-09 19:39:11.540   942  1002 V DownloadManager: Updating for startId 2
04-09 19:39:11.545   942  1002 V DownloadManager: Nothing left; stopped
04-09 19:39:11.547   583   593 I art     : Background partial concurrent mark sweep GC freed 54172(3MB) AllocSpace objects, 22(7MB) LOS objects, 33% free, 6MB/10MB, paused 289us total 130.029ms
04-09 19:39:11.560   850  1005 D OpenGLRenderer: Use EGL_SWAP_BEHAVIOR_PRESERVED: true
04-09 19:39:11.562   583   631 D WifiService: New client listening to asynchronous messages
04-09 19:39:11.677   850   862 W art     : Suspending all threads took: 19.830ms
04-09 19:39:11.682   850   850 D         : HostConnection::get() New Host Connection established 0xad83bd90, tid 850
04-09 19:39:11.702   850   862 I art     : Background sticky concurrent mark sweep GC freed 12002(1397KB) AllocSpace objects, 18(400KB) LOS objects, 33% free, 3MB/5MB, paused 33.668ms total 136.456ms
04-09 19:39:11.774   850   978 W art     : Method processed more than once: java.lang.String com.netease.nis.bugrpt.b.e.a(java.io.InputStream)
04-09 19:39:11.807   583   601 D BluetoothManagerService: Added callback: android.bluetooth.IBluetoothManagerCallback$Stub$Proxy@ce57f98:true
04-09 19:39:11.826   850  1005 D libEGL  : loaded /system/lib/egl/libEGL_emulation.so
04-09 19:39:11.827   583   594 D Interception: result: allow, reason: calleePkg is system app, rule: runType===retrieveService|||callerPkg===com.android.systemui|||calleePkg===com.android.bluetooth|||calleeClass===com.android.bluetooth.hid.HidService|||action===android.bluetooth.IBluetoothInputDevice
04-09 19:39:11.828   583   865 D Interception: result: allow, reason: calleePkg is system app, rule: runType===retrieveService|||callerPkg===com.android.systemui|||calleePkg===com.android.bluetooth|||calleeClass===com.android.bluetooth.pan.PanService|||action===android.bluetooth.IBluetoothPan
04-09 19:39:11.828   665   665 D LocalBluetoothProfileManager: Adding local MAP profile
04-09 19:39:11.829   665   665 D BluetoothMap: Create BluetoothMap proxy object
04-09 19:39:11.830   583   866 D Interception: result: allow, reason: calleePkg is system app, rule: runType===retrieveService|||callerPkg===com.android.systemui|||calleePkg===com.android.bluetooth|||calleeClass===com.android.bluetooth.map.BluetoothMapService|||action===android.bluetooth.IBluetoothMap
04-09 19:39:11.831   583   609 D Interception: result: allow, reason: calleePkg is system app, rule: runType===retrieveService|||callerPkg===com.android.systemui|||calleePkg===com.android.bluetooth|||calleeClass===com.android.bluetooth.pbap.BluetoothPbapService|||action===android.bluetooth.IBluetoothPbap
04-09 19:39:11.831   665   665 D LocalBluetoothProfileManager: LocalBluetoothProfileManager construction complete
04-09 19:39:11.833   583   866 D ConnectivityService: listenForNetwork for Listen from uid/pid:10012/665 for NetworkRequest [ id=3, legacyType=-1, [] ]
04-09 19:39:11.841   850  1005 D         : HostConnection::get() New Host Connection established 0xa2366580, tid 1005
04-09 19:39:11.847   665   665 I CameraManagerGlobal: Connecting to camera service
04-09 19:39:11.850   203   582 V EmulatedCamera_GenyCamera: getCameraOrientation: camera orientation set to 0
04-09 19:39:11.850   203   582 V EmulatedCamera_GenyCamera: getCameraInfo: overriding parent method, orientation: 0
04-09 19:39:11.850   203   582 V EmulatedCamera_Camera: getCameraInfo
04-09 19:39:11.850   203   582 V EmulatedCamera_BaseCamera: getCameraInfo
04-09 19:39:11.850   203   582 I CameraService: getCameraCharacteristics: Switching to HAL1 shim implementation...
04-09 19:39:11.850   203   582 V EmulatedCamera_GenyCamera: getCameraOrientation: camera orientation set to 0
04-09 19:39:11.850   203   582 V EmulatedCamera_GenyCamera: getCameraInfo: overriding parent method, orientation: 0
04-09 19:39:11.850   203   582 V EmulatedCamera_Camera: getCameraInfo
04-09 19:39:11.850   203   582 V EmulatedCamera_BaseCamera: getCameraInfo
04-09 19:39:11.850   203   582 I CameraService: CameraService::connect call (PID 203 "media", camera ID 0) for HAL version default and Camera API version 1
04-09 19:39:11.850   203   582 E CameraService: getCameraPriorityFromProcState: Received invalid process state -1 from ActivityManagerService!
04-09 19:39:11.850   203   582 V EmulatedCamera_GenyCamera: getCameraOrientation: camera orientation set to 0
04-09 19:39:11.850   203   582 V EmulatedCamera_GenyCamera: getCameraInfo: overriding parent method, orientation: 0
04-09 19:39:11.850   203   582 V EmulatedCamera_Camera: getCameraInfo
04-09 19:39:11.850   203   582 V EmulatedCamera_BaseCamera: getCameraInfo
04-09 19:39:11.851   850  1005 D libEGL  : loaded /system/lib/egl/libGLESv1_CM_emulation.so
04-09 19:39:11.854   850  1005 D libEGL  : loaded /system/lib/egl/libGLESv2_emulation.so
04-09 19:39:11.861   850  1005 I OpenGLRenderer: Initialized EGL, version 1.4
04-09 19:39:11.875   203  1014 E WVMExtractor: Failed to open libwvm.so: dlopen failed: library "libwvm.so" not found
04-09 19:39:11.877   203  1013 D NuPlayerDriver: notifyListener_l(0xb14c8000), (1, 0, 0)
04-09 19:39:11.894   203  1015 D NuPlayerDriver: notifyListener_l(0xb14c8060), (1, 0, 0)
04-09 19:39:11.895   203  1018 E FileSource: Failed to open file '/system/media/audio/ui/VideoStop.ogg'. (No such file or directory)
04-09 19:39:11.895   203  1018 E GenericSource: Failed to create data source!
04-09 19:39:11.895   203  1017 D NuPlayerDriver: notifyListener_l(0xb14c80c0), (100, 1, -2147483648)
04-09 19:39:11.895   203  1017 E MediaPlayer: error (1, -2147483648)
04-09 19:39:11.895   203   582 I CameraClient: Opening camera 0
04-09 19:39:11.895   203   582 V EmulatedCamera_GenyCamera: getCameraOrientation: camera orientation set to 0
04-09 19:39:11.895   203   582 V EmulatedCamera_GenyCamera: getCameraInfo: overriding parent method, orientation: 0
04-09 19:39:11.895   203   582 V EmulatedCamera_Camera: getCameraInfo
04-09 19:39:11.895   203   582 V EmulatedCamera_BaseCamera: getCameraInfo
04-09 19:39:11.895   203   582 V EmulatedCamera_Camera: connectCamera
04-09 19:39:11.895   203   582 V EmulatedCamera_GenyDevice: connectDevice
04-09 19:39:11.895   197   197 E local_camera: player have not connect this server yet. main:204
04-09 19:39:11.895   203   582 E EmulatedCamera_GenyClient: receiveMessage: Unable to obtain payload size, receive: PLDown
04-09 19:39:11.895   203   582 E EmulatedCamera_GenyClient: doQuery Response to query '   7connect' has failed: I/O error
04-09 19:39:11.895   203   582 E EmulatedCamera_GenyClient: queryConnect: Query failed: No error message
04-09 19:39:11.895   203   582 E EmulatedCamera_GenyDevice: connectDevice: Connection to device 'back' failed
04-09 19:39:11.895   203   582 E CameraClient: Could not open camera 0: -19
04-09 19:39:11.895   203   582 E CameraClient: initialize: Camera 0: unable to initialize device: No such device (-19)
04-09 19:39:11.895   203   582 I CameraFlashlight: Destroying camera 0
04-09 19:39:11.895   203   582 E CameraService: connectHelper: Could not initialize client from HAL module.
04-09 19:39:11.895   203   582 D NuPlayerDriver: reset(0xb14c8000)
04-09 19:39:11.895   203   582 D NuPlayerDriver: notifyListener_l(0xb14c8000), (8, 0, 0)
04-09 19:39:11.895   203  1013 D NuPlayerDriver: notifyResetComplete(0xb14c8000)
04-09 19:39:11.895   203   582 D NuPlayerDriver: reset(0xb14c8060)
04-09 19:39:11.895   203   582 D NuPlayerDriver: notifyListener_l(0xb14c8060), (8, 0, 0)
04-09 19:39:11.895   203  1015 D NuPlayerDriver: notifyResetComplete(0xb14c8060)
04-09 19:39:11.895   203   582 D NuPlayerDriver: reset(0xb14c80c0)
04-09 19:39:11.895   203   582 D NuPlayerDriver: notifyListener_l(0xb14c80c0), (8, 0, 0)
04-09 19:39:11.896   203  1017 D NuPlayerDriver: notifyResetComplete(0xb14c80c0)
04-09 19:39:11.897   203   582 I CameraService: disconnect: Disconnected client for camera 0 for PID 203
04-09 19:39:11.897   203   582 E CameraService: initializeShimMetadata: Error -19 (Unknown error -19) initializing shim metadata.
04-09 19:39:11.911   665   665 W CameraManager: Error querying camera device 0 for listing.
04-09 19:39:11.917   850  1005 W EGL_emulation: eglSurfaceAttrib not implemented
04-09 19:39:11.917   850  1005 W OpenGLRenderer: Failed to set EGL_SWAP_BEHAVIOR on surface 0x9fb772a0, error=EGL_SUCCESS
04-09 19:39:11.920   193   262 D         : HostConnection::get() New Host Connection established 0xb6d0a2b0, tid 262
04-09 19:39:11.949   665  1021 D OpenGLRenderer: Use EGL_SWAP_BEHAVIOR_PRESERVED: true
04-09 19:39:11.949   665  1021 D OpenGLRenderer: profile bars disabled
04-09 19:39:11.949   665  1021 D OpenGLRenderer: ambientRatio = 1.50
04-09 19:39:11.965   583   602 I ActivityManager: Displayed com.mumu.launcher/.Launcher: +4s805ms
04-09 19:39:12.003   665   665 D         : HostConnection::get() New Host Connection established 0x9fc5a080, tid 665
04-09 19:39:12.007   665   665 D PhoneStatusBar: disable: < EXPAND* icons alerts system_info BACK* HOME* RECENT* clock SEARCH* quick_settings >
04-09 19:39:12.014   850   850 W System.err: java.lang.NoSuchMethodException: loadLabelOnDark [class android.content.pm.PackageManager]
04-09 19:39:12.018   665   665 D PhoneStatusBar: heads up is enabled
04-09 19:39:12.029   850   850 W System.err: 	at java.lang.Class.getMethod(Class.java:624)
04-09 19:39:12.029   850   850 W System.err: 	at java.lang.Class.getDeclaredMethod(Class.java:586)
04-09 19:39:12.029   850   850 W System.err: 	at com.mumu.launcher.le.a(Utils.java:15)
04-09 19:39:12.029   850   850 W System.err: 	at com.mumu.launcher.BubbleTextView.a(BubbleTextView.java:198)
04-09 19:39:12.029   850   850 W System.err: 	at com.mumu.launcher.Launcher.a(Launcher.java:1365)
04-09 19:39:12.029   850   850 W System.err: 	at com.mumu.launcher.Launcher.a(Launcher.java:1350)
04-09 19:39:12.029   850   850 W System.err: 	at com.mumu.launcher.Launcher.a(Launcher.java:3901)
04-09 19:39:12.029   850   850 W System.err: 	at com.mumu.launcher.hm.run(LauncherModel.java:2294)
04-09 19:39:12.029   850   850 W System.err: 	at com.mumu.launcher.bd.handleMessage(DeferredHandler.java:50)
04-09 19:39:12.029   850   850 W System.err: 	at android.os.Handler.dispatchMessage(Handler.java:102)
04-09 19:39:12.029   850   850 W System.err: 	at android.os.Looper.loop(Looper.java:148)
04-09 19:39:12.029   850   850 W System.err: 	at android.app.ActivityThread.main(ActivityThread.java:5529)
04-09 19:39:12.029   850   850 W System.err: 	at java.lang.reflect.Method.invoke(Native Method)
04-09 19:39:12.029   850   850 W System.err: 	at com.android.internal.os.ZygoteInit$MethodAndArgsCaller.run(ZygoteInit.java:745)
04-09 19:39:12.029   850   850 W System.err: 	at com.android.internal.os.ZygoteInit.main(ZygoteInit.java:635)
04-09 19:39:12.031   850   850 W System.err: java.lang.NoSuchMethodException: loadLabelOnDark [class android.content.pm.PackageManager]
04-09 19:39:12.031   850   850 W System.err: 	at java.lang.Class.getMethod(Class.java:624)
04-09 19:39:12.031   850   850 W System.err: 	at java.lang.Class.getDeclaredMethod(Class.java:586)
04-09 19:39:12.031   850   850 W System.err: 	at com.mumu.launcher.le.a(Utils.java:15)
04-09 19:39:12.031   850   850 W System.err: 	at com.mumu.launcher.BubbleTextView.a(BubbleTextView.java:198)
04-09 19:39:12.031   850   850 W System.err: 	at com.mumu.launcher.Launcher.a(Launcher.java:1365)
04-09 19:39:12.031   850   850 W System.err: 	at com.mumu.launcher.Launcher.a(Launcher.java:1350)
04-09 19:39:12.031   850   850 W System.err: 	at com.mumu.launcher.Launcher.a(Launcher.java:3901)
04-09 19:39:12.031   850   850 W System.err: 	at com.mumu.launcher.hm.run(LauncherModel.java:2294)
04-09 19:39:12.031   850   850 W System.err: 	at com.mumu.launcher.bd.handleMessage(DeferredHandler.java:50)
04-09 19:39:12.031   850   850 W System.err: 	at android.os.Handler.dispatchMessage(Handler.java:102)
04-09 19:39:12.031   850   850 W System.err: 	at android.os.Looper.loop(Looper.java:148)
04-09 19:39:12.031   850   850 W System.err: 	at android.app.ActivityThread.main(ActivityThread.java:5529)
04-09 19:39:12.031   850   850 W System.err: 	at java.lang.reflect.Method.invoke(Native Method)
04-09 19:39:12.031   850   850 W System.err: 	at com.android.internal.os.ZygoteInit$MethodAndArgsCaller.run(ZygoteInit.java:745)
04-09 19:39:12.031   850   850 W System.err: 	at com.android.internal.os.ZygoteInit.main(ZygoteInit.java:635)
04-09 19:39:12.032   850   850 W System.err: java.lang.NoSuchMethodException: loadLabelOnDark [class android.content.pm.PackageManager]
04-09 19:39:12.032   850   850 W System.err: 	at java.lang.Class.getMethod(Class.java:624)
04-09 19:39:12.032   850   850 W System.err: 	at java.lang.Class.getDeclaredMethod(Class.java:586)
04-09 19:39:12.032   850   850 W System.err: 	at com.mumu.launcher.le.a(Utils.java:15)
04-09 19:39:12.032   850   850 W System.err: 	at com.mumu.launcher.BubbleTextView.a(BubbleTextView.java:198)
04-09 19:39:12.032   850   850 W System.err: 	at com.mumu.launcher.Launcher.a(Launcher.java:1365)
04-09 19:39:12.032   850   850 W System.err: 	at com.mumu.launcher.Launcher.a(Launcher.java:1350)
04-09 19:39:12.032   850   850 W System.err: 	at com.mumu.launcher.Launcher.a(Launcher.java:3901)
04-09 19:39:12.032   850   850 W System.err: 	at com.mumu.launcher.hm.run(LauncherModel.java:2294)
04-09 19:39:12.032   850   850 W System.err: 	at com.mumu.launcher.bd.handleMessage(DeferredHandler.java:50)
04-09 19:39:12.032   850   850 W System.err: 	at android.os.Handler.dispatchMessage(Handler.java:102)
04-09 19:39:12.032   850   850 W System.err: 	at android.os.Looper.loop(Looper.java:148)
04-09 19:39:12.032   850   850 W System.err: 	at android.app.ActivityThread.main(ActivityThread.java:5529)
04-09 19:39:12.032   850   850 W System.err: 	at java.lang.reflect.Method.invoke(Native Method)
04-09 19:39:12.032   850   850 W System.err: 	at com.android.internal.os.ZygoteInit$MethodAndArgsCaller.run(ZygoteInit.java:745)
04-09 19:39:12.032   850   850 W System.err: 	at com.android.internal.os.ZygoteInit.main(ZygoteInit.java:635)
04-09 19:39:12.144   850   850 W System.err: java.lang.NoSuchMethodException: loadLabelOnDark [class android.content.pm.PackageManager]
04-09 19:39:12.144   850   850 W System.err: 	at java.lang.Class.getMethod(Class.java:624)
04-09 19:39:12.144   850   850 W System.err: 	at java.lang.Class.getDeclaredMethod(Class.java:586)
04-09 19:39:12.144   850   850 W System.err: 	at com.mumu.launcher.le.a(Utils.java:15)
04-09 19:39:12.144   850   850 W System.err: 	at com.mumu.launcher.Folder.b(Folder.java:540)
04-09 19:39:12.144   850   850 W System.err: 	at com.mumu.launcher.Folder.a(Folder.java:375)
04-09 19:39:12.144   850   850 W System.err: 	at com.mumu.launcher.FolderIcon.a(FolderIcon.java:162)
04-09 19:39:12.144   850   850 W System.err: 	at com.mumu.launcher.Launcher.a(Launcher.java:3926)
04-09 19:39:12.144   850   850 W System.err: 	at com.mumu.launcher.hm.run(LauncherModel.java:2294)
04-09 19:39:12.144   850   850 W System.err: 	at com.mumu.launcher.bd.handleMessage(DeferredHandler.java:50)
04-09 19:39:12.144   850   850 W System.err: 	at android.os.Handler.dispatchMessage(Handler.java:102)
04-09 19:39:12.144   850   850 W System.err: 	at android.os.Looper.loop(Looper.java:148)
04-09 19:39:12.144   850   850 W System.err: 	at android.app.ActivityThread.main(ActivityThread.java:5529)
04-09 19:39:12.144   850   850 W System.err: 	at java.lang.reflect.Method.invoke(Native Method)
04-09 19:39:12.144   850   850 W System.err: 	at com.android.internal.os.ZygoteInit$MethodAndArgsCaller.run(ZygoteInit.java:745)
04-09 19:39:12.144   850   850 W System.err: 	at com.android.internal.os.ZygoteInit.main(ZygoteInit.java:635)
04-09 19:39:12.145   850   850 W System.err: java.lang.NoSuchMethodException: loadLabelOnDark [class android.content.pm.PackageManager]
04-09 19:39:12.145   850   850 W System.err: 	at java.lang.Class.getMethod(Class.java:624)
04-09 19:39:12.145   850   850 W System.err: 	at java.lang.Class.getDeclaredMethod(Class.java:586)
04-09 19:39:12.145   850   850 W System.err: 	at com.mumu.launcher.le.a(Utils.java:15)
04-09 19:39:12.145   850   850 W System.err: 	at com.mumu.launcher.Folder.b(Folder.java:540)
04-09 19:39:12.145   850   850 W System.err: 	at com.mumu.launcher.Folder.a(Folder.java:375)
04-09 19:39:12.145   850   850 W System.err: 	at com.mumu.launcher.FolderIcon.a(FolderIcon.java:162)
04-09 19:39:12.145   850   850 W System.err: 	at com.mumu.launcher.Launcher.a(Launcher.java:3926)
04-09 19:39:12.145   850   850 W System.err: 	at com.mumu.launcher.hm.run(LauncherModel.java:2294)
04-09 19:39:12.145   850   850 W System.err: 	at com.mumu.launcher.bd.handleMessage(DeferredHandler.java:50)
04-09 19:39:12.145   850   850 W System.err: 	at android.os.Handler.dispatchMessage(Handler.java:102)
04-09 19:39:12.145   850   850 W System.err: 	at android.os.Looper.loop(Looper.java:148)
04-09 19:39:12.145   850   850 W System.err: 	at android.app.ActivityThread.main(ActivityThread.java:5529)
04-09 19:39:12.145   850   850 W System.err: 	at java.lang.reflect.Method.invoke(Native Method)
04-09 19:39:12.145   850   850 W System.err: 	at com.android.internal.os.ZygoteInit$MethodAndArgsCaller.run(ZygoteInit.java:745)
04-09 19:39:12.145   850   850 W System.err: 	at com.android.internal.os.ZygoteInit.main(ZygoteInit.java:635)
04-09 19:39:12.145   850   850 W System.err: java.lang.NoSuchMethodException: loadLabelOnDark [class android.content.pm.PackageManager]
04-09 19:39:12.145   850   850 W System.err: 	at java.lang.Class.getMethod(Class.java:624)
04-09 19:39:12.145   850   850 W System.err: 	at java.lang.Class.getDeclaredMethod(Class.java:586)
04-09 19:39:12.145   850   850 W System.err: 	at com.mumu.launcher.le.a(Utils.java:15)
04-09 19:39:12.145   850   850 W System.err: 	at com.mumu.launcher.Folder.b(Folder.java:540)
04-09 19:39:12.145   850   850 W System.err: 	at com.mumu.launcher.Folder.a(Folder.java:375)
04-09 19:39:12.145   850   850 W System.err: 	at com.mumu.launcher.FolderIcon.a(FolderIcon.java:162)
04-09 19:39:12.145   850   850 W System.err: 	at com.mumu.launcher.Launcher.a(Launcher.java:3926)
04-09 19:39:12.145   850   850 W System.err: 	at com.mumu.launcher.hm.run(LauncherModel.java:2294)
04-09 19:39:12.145   850   850 W System.err: 	at com.mumu.launcher.bd.handleMessage(DeferredHandler.java:50)
04-09 19:39:12.145   850   850 W System.err: 	at android.os.Handler.dispatchMessage(Handler.java:102)
04-09 19:39:12.145   850   850 W System.err: 	at android.os.Looper.loop(Looper.java:148)
04-09 19:39:12.145   850   850 W System.err: 	at android.app.ActivityThread.main(ActivityThread.java:5529)
04-09 19:39:12.145   850   850 W System.err: 	at java.lang.reflect.Method.invoke(Native Method)
04-09 19:39:12.145   850   850 W System.err: 	at com.android.internal.os.ZygoteInit$MethodAndArgsCaller.run(ZygoteInit.java:745)
04-09 19:39:12.145   850   850 W System.err: 	at com.android.internal.os.ZygoteInit.main(ZygoteInit.java:635)
04-09 19:39:12.146   850   850 W System.err: java.lang.NoSuchMethodException: loadLabelOnDark [class android.content.pm.PackageManager]
04-09 19:39:12.146   850   850 W System.err: 	at java.lang.Class.getMethod(Class.java:624)
04-09 19:39:12.146   850   850 W System.err: 	at java.lang.Class.getDeclaredMethod(Class.java:586)
04-09 19:39:12.146   850   850 W System.err: 	at com.mumu.launcher.le.a(Utils.java:15)
04-09 19:39:12.146   850   850 W System.err: 	at com.mumu.launcher.Folder.b(Folder.java:540)
04-09 19:39:12.146   850   850 W System.err: 	at com.mumu.launcher.Folder.a(Folder.java:375)
04-09 19:39:12.146   850   850 W System.err: 	at com.mumu.launcher.FolderIcon.a(FolderIcon.java:162)
04-09 19:39:12.146   850   850 W System.err: 	at com.mumu.launcher.Launcher.a(Launcher.java:3926)
04-09 19:39:12.146   850   850 W System.err: 	at com.mumu.launcher.hm.run(LauncherModel.java:2294)
04-09 19:39:12.146   850   850 W System.err: 	at com.mumu.launcher.bd.handleMessage(DeferredHandler.java:50)
04-09 19:39:12.146   850   850 W System.err: 	at android.os.Handler.dispatchMessage(Handler.java:102)
04-09 19:39:12.146   850   850 W System.err: 	at android.os.Looper.loop(Looper.java:148)
04-09 19:39:12.146   850   850 W System.err: 	at android.app.ActivityThread.main(ActivityThread.java:5529)
04-09 19:39:12.146   850   850 W System.err: 	at java.lang.reflect.Method.invoke(Native Method)
04-09 19:39:12.146   850   850 W System.err: 	at com.android.internal.os.ZygoteInit$MethodAndArgsCaller.run(ZygoteInit.java:745)
04-09 19:39:12.146   850   850 W System.err: 	at com.android.internal.os.ZygoteInit.main(ZygoteInit.java:635)
04-09 19:39:12.147   850   850 W System.err: java.lang.NoSuchMethodException: loadLabelOnDark [class android.content.pm.PackageManager]
04-09 19:39:12.147   850   850 W System.err: 	at java.lang.Class.getMethod(Class.java:624)
04-09 19:39:12.147   850   850 W System.err: 	at java.lang.Class.getDeclaredMethod(Class.java:586)
04-09 19:39:12.147   850   850 W System.err: 	at com.mumu.launcher.le.a(Utils.java:15)
04-09 19:39:12.147   850   850 W System.err: 	at com.mumu.launcher.Folder.b(Folder.java:540)
04-09 19:39:12.147   850   850 W System.err: 	at com.mumu.launcher.Folder.a(Folder.java:375)
04-09 19:39:12.147   850   850 W System.err: 	at com.mumu.launcher.FolderIcon.a(FolderIcon.java:162)
04-09 19:39:12.147   850   850 W System.err: 	at com.mumu.launcher.Launcher.a(Launcher.java:3926)
04-09 19:39:12.147   850   850 W System.err: 	at com.mumu.launcher.hm.run(LauncherModel.java:2294)
04-09 19:39:12.147   850   850 W System.err: 	at com.mumu.launcher.bd.handleMessage(DeferredHandler.java:50)
04-09 19:39:12.147   850   850 W System.err: 	at android.os.Handler.dispatchMessage(Handler.java:102)
04-09 19:39:12.147   850   850 W System.err: 	at android.os.Looper.loop(Looper.java:148)
04-09 19:39:12.147   850   850 W System.err: 	at android.app.ActivityThread.main(ActivityThread.java:5529)
04-09 19:39:12.147   850   850 W System.err: 	at java.lang.reflect.Method.invoke(Native Method)
04-09 19:39:12.147   850   850 W System.err: 	at com.android.internal.os.ZygoteInit$MethodAndArgsCaller.run(ZygoteInit.java:745)
04-09 19:39:12.147   850   850 W System.err: 	at com.android.internal.os.ZygoteInit.main(ZygoteInit.java:635)
04-09 19:39:12.177   665   712 I art     : Background partial concurrent mark sweep GC freed 13723(799KB) AllocSpace objects, 0(0B) LOS objects, 39% free, 7MB/12MB, paused 107us total 129.606ms
04-09 19:39:12.277   583   631 D WifiService: New client listening to asynchronous messages
04-09 19:39:12.278   665   665 D ViewRootImpl: changeCanvasOpacity: opaque=true
04-09 19:39:12.293   850   850 D mumu sale promotion: finish binding items
04-09 19:39:12.293   850   850 D mumu sale promotion: we don't have cached sale promotion
04-09 19:39:12.375   583   597 I com.android.server.vapi.BootNotify: notifyBootCompleted:25: boot_progress boot status:enable_screen
04-09 19:39:12.380   583   597 D Interception: result: allow, reason: calleePkg is system app, rule: runType===retrieveService|||callerPkg===android|||calleePkg===com.android.systemui|||calleeClass===com.android.systemui.keyguard.KeyguardService|||action===null
04-09 19:39:12.380   583   597 V KeyguardServiceDelegate: *** Keyguard started
04-09 19:39:12.380   583   597 W KeyguardServiceDelegate: onScreenTurningOn(): no keyguard service!
04-09 19:39:12.381   193   262 I SurfaceFlinger: Boot is finished (22556 ms)
04-09 19:39:12.384   204   204 E installd: Unable to unlink boot marker at /data/dalvik-cache/arm/.booting, error=No such file or directory
04-09 19:39:12.384   583   597 E ActivityManager: Unable to mark boot complete for abi: armeabi-v7a
04-09 19:39:12.385   583   597 I SystemServiceManager: Starting phase 1000
04-09 19:39:12.399  1024  1024 W         : Failed to bind-mount /system/lib/x86/cpuinfo as /proc/cpuinfo: No such file or directory
04-09 19:39:12.400  1024  1024 I art     : Late-enabling JIT
04-09 19:39:12.403  1024  1024 V libnb   : enter native_bridge2_initialize /data/user/0/com.android.bluetooth/code_cache arm
04-09 19:39:12.406   583   597 I ActivityManager: Start proc 1024:com.android.bluetooth/1002 for on-hold
04-09 19:39:12.434  1024  1024 D houdini : [1024] Initialize library(version: 6.1.2d_x.48748 RELEASE)... successfully.
04-09 19:39:12.452   583  1030 D Interception: result: allow, reason: calleePkg is system app, rule: runType===retrieveService|||callerPkg===android|||calleePkg===com.android.keychain|||calleeClass===com.android.keychain.KeyChainService|||action===android.security.IKeyChainService
04-09 19:39:12.467  1032  1032 W         : Failed to bind-mount /system/lib/x86/cpuinfo as /proc/cpuinfo: No such file or directory
04-09 19:39:12.468  1032  1032 I art     : Late-enabling JIT
04-09 19:39:12.469   583  1030 I ActivityManager: Start proc 1032:com.android.keychain/1000 for service com.android.keychain/.KeyChainService
04-09 19:39:12.490  1024  1024 W art     : Unexpected CPU variant for X86 using defaults: x86
04-09 19:39:12.491  1024  1024 I art     : JIT created with code_cache_capacity=2MB compile_threshold=1000
04-09 19:39:12.491  1032  1032 V libnb   : enter native_bridge2_initialize /data/user/0/com.android.keychain/code_cache arm
04-09 19:39:12.492  1032  1032 D houdini : [1032] Initialize library(version: 6.1.2d_x.48748 RELEASE)... successfully.
04-09 19:39:12.502  1032  1032 W art     : Unexpected CPU variant for X86 using defaults: x86
04-09 19:39:12.502  1032  1032 I art     : JIT created with code_cache_capacity=2MB compile_threshold=1000
04-09 19:39:12.508   665  1021 D libEGL  : loaded /system/lib/egl/libEGL_emulation.so
04-09 19:39:12.514   665  1021 D         : HostConnection::get() New Host Connection established 0x9fc5a9e0, tid 1021
04-09 19:39:12.520   665  1021 D libEGL  : loaded /system/lib/egl/libGLESv1_CM_emulation.so
04-09 19:39:12.525   665  1021 D libEGL  : loaded /system/lib/egl/libGLESv2_emulation.so
04-09 19:39:12.534  1024  1024 I Zygote  : fake Product info com.android.bluetooth not matched any pattern
04-09 19:39:12.539  1032  1032 I Zygote  : fake Product info com.android.keychain not matched any pattern
04-09 19:39:12.545   665  1021 I OpenGLRenderer: Initialized EGL, version 1.4
04-09 19:39:12.583   665  1021 W EGL_emulation: eglSurfaceAttrib not implemented
04-09 19:39:12.583   665  1021 W OpenGLRenderer: Failed to set EGL_SWAP_BEHAVIOR on surface 0xb3a6fde0, error=EGL_SUCCESS
04-09 19:39:12.629   583   594 D PackageManager: trimGetPackagesForUid uid = 1000 result = [com.android.inputdevices, com.android.server.telecom, com.android.keychain, com.netease.mumu.cloner, com.netease.nemu_vinput.nemu, com.android.settings, com.netease.nemu_vapi_android.nemu, com.android.location.fused, com.android.providers.settings, android]
04-09 19:39:12.635  1032  1032 W System  : ClassLoader referenced unknown path: /system/app/KeyChain/lib/x86
04-09 19:39:12.647   583   866 D PackageManager: trimGetPackagesForUid uid = 1002 result = [com.android.bluetooth]
04-09 19:39:13.296   665   712 I art     : Background sticky concurrent mark sweep GC freed 32507(1402KB) AllocSpace objects, 1(3MB) LOS objects, 35% free, 7MB/12MB, paused 239us total 360.103ms
04-09 19:39:13.338   665   665 I Choreographer: Skipped 63 frames!  The application may be doing too much work on its main thread.
04-09 19:39:13.385   583   598 W WindowManager: Keyguard drawn timeout. Setting mKeyguardDrawComplete
04-09 19:39:13.403  1024  1024 D AdapterServiceConfig: Adding HeadsetService
04-09 19:39:13.403  1024  1024 D AdapterServiceConfig: Adding A2dpService
04-09 19:39:13.403  1024  1024 D AdapterServiceConfig: Adding HidService
04-09 19:39:13.403  1024  1024 D AdapterServiceConfig: Adding HealthService
04-09 19:39:13.403  1024  1024 D AdapterServiceConfig: Adding PanService
04-09 19:39:13.403  1024  1024 D AdapterServiceConfig: Adding GattService
04-09 19:39:13.403  1024  1024 D AdapterServiceConfig: Adding BluetoothMapService
04-09 19:39:13.424  1024  1024 D BlueZ   : external/bluetooth/bluez/android/hal-bluetooth.c:open_bluetooth() 
04-09 19:39:13.424  1024  1024 D BlueZ   : external/bluetooth/bluez/android/hal-bluetooth.c:get_bluetooth_interface() 
04-09 19:39:13.461   583   601 D BluetoothManagerService: Added callback: android.bluetooth.IBluetoothManagerCallback$Stub$Proxy@e4a9f71:true
04-09 19:39:13.468  1024  1024 D BluetoothAdapterState: make() - Creating AdapterState
04-09 19:39:13.472  1024  1024 D BlueZ   : external/bluetooth/bluez/android/hal-bluetooth.c:init() 
04-09 19:39:13.472  1024  1091 I BluetoothAdapterState: Entering OffState
04-09 19:39:13.632   583   637 D NotificationSQLiteLog: Pruned event entries: 0
04-09 19:39:13.646   583   583 V KeyguardServiceDelegate: *** Keyguard connected (yay!)
04-09 19:39:13.655   583   594 D CryptdConnector: SND -> {2 cryptfs getpw}
04-09 19:39:13.655   186   215 D VoldCryptCmdListener: cryptfs getpw
04-09 19:39:13.658   186   215 I Ext4Crypt: ext4 crypto complete called on /data
04-09 19:39:13.658   186   215 I Ext4Crypt: No master key, so not ext4enc
04-09 19:39:13.658   186   215 I Ext4Crypt: ext4 crypto complete called on /data
04-09 19:39:13.658   186   215 I Ext4Crypt: No master key, so not ext4enc
04-09 19:39:13.658   583   625 D CryptdConnector: RCV <- {200 2 -1}
04-09 19:39:13.658   583   594 D CryptdConnector: SND -> {3 cryptfs clearpw}
04-09 19:39:13.659   186   215 D VoldCryptCmdListener: cryptfs clearpw
04-09 19:39:13.659   186   215 I Ext4Crypt: ext4 crypto complete called on /data
04-09 19:39:13.659   186   215 I Ext4Crypt: No master key, so not ext4enc
04-09 19:39:13.659   583   625 D CryptdConnector: RCV <- {200 3 0}
04-09 19:39:13.681   583   632 D ConnectivityService: notifyType CAP_CHANGED for NetworkAgentInfo [WIFI () - 100]
04-09 19:39:13.684   583   632 D ConnectivityService: updateNetworkScore for NetworkAgentInfo [WIFI () - 100] to 60
04-09 19:39:13.889  1105  1105 I bluetoothd: Bluetooth daemon 5.44
04-09 19:39:13.889  1105  1105 I bluetoothd: Starting SDP server
04-09 19:39:13.890  1105  1105 I bluetoothd: Bluetooth management interface 1.8 initialized
04-09 19:39:13.890  1105  1105 I bluetoothd: Kernel connection control will be used
04-09 19:39:13.921   665   665 D PhoneStatusBar: disable: < EXPAND ICONS* alerts SYSTEM_INFO* BACK HOME RECENT clock SEARCH quick_settings >
04-09 19:39:13.947   665   665 D PhoneStatusBar: disable: < EXPAND ICONS alerts SYSTEM_INFO BACK HOME RECENT clock SEARCH quick_settings >
04-09 19:39:13.959   583   849 V KeyguardServiceDelegate: **** SHOWN CALLED ****
04-09 19:39:13.959   583  1023 D Interception: result: allow, reason: callerPkg == calleePkg, rule: runType===broadcast|||callerPkg===android|||calleePkg===android|||calleeClass===com.android.server.BootReceiver|||action===android.intent.action.BOOT_COMPLETED
04-09 19:39:13.992   583   602 D         : HostConnection::get() New Host Connection established 0x9e73e0f0, tid 602
04-09 19:39:14.045   665  1021 W EGL_emulation: eglSurfaceAttrib not implemented
04-09 19:39:14.045   665  1021 W OpenGLRenderer: Failed to set EGL_SWAP_BEHAVIOR on surface 0xb3a6fde0, error=EGL_SUCCESS
04-09 19:39:14.065  1115  1115 I bluetoothd: running () 
04-09 19:39:14.067   583   583 D Interception: result: allow, reason: calleePkg is system app, rule: runType===broadcast|||callerPkg===android|||calleePkg===com.android.systemui|||calleeClass===com.android.systemui.BootReceiver|||action===android.intent.action.BOOT_COMPLETED
04-09 19:39:14.072   583  1117 I RecoverySystem: No recovery log file
04-09 19:39:14.098   583  1117 I BootReceiver: Copying audit failures to DropBox
04-09 19:39:14.099   583  1117 I BootReceiver: Checking for fsck errors
04-09 19:39:14.162   802   802 D com.netease.nemu_vapi_android.service.AppService: dropbox tag: SYSTEM_BOOT
04-09 19:39:14.163   802   802 D com.netease.nemu_vapi_android.service.AppService: dropbox time: 1554809954097
04-09 19:39:14.163   802   802 D com.netease.nemu_vapi_android.service.AppService: dropbox file is not to be trackd
04-09 19:39:14.180   665   665 D PhoneStatusBar: disable: < expand* ICONS alerts SYSTEM_INFO back* HOME RECENT clock SEARCH quick_settings >
04-09 19:39:14.184   583   849 D Interception: result: allow, reason: calleePkg is system app, rule: runType===broadcast|||callerPkg===android|||calleePkg===com.netease.nemu_vapi_android.nemu|||calleeClass===com.netease.nemu_vapi_android.receiver.LaunchReceiver|||action===android.intent.action.BOOT_COMPLETED
04-09 19:39:14.184   802   802 I boot_progress_receive: 30214
04-09 19:39:14.184   802   802 I boot_progress_receive: broadcast: Intent { act=android.intent.action.BOOT_COMPLETED flg=0x8000010 cmp=com.netease.nemu_vapi_android.nemu/com.netease.nemu_vapi_android.receiver.LaunchReceiver (has extras) }
04-09 19:39:14.185   802   802 W ContextImpl: Calling a method in the system process without a qualified user: android.app.ContextImpl.startService:1242 android.content.ContextWrapper.startService:581 android.content.ContextWrapper.startService:581 com.netease.nemu_vapi_android.receiver.LaunchReceiver.onReceive:30 android.app.ActivityThread.handleReceiver:2752 
04-09 19:39:14.186   583   595 D Interception: result: allow, reason: calleePkg is system app, rule: runType===broadcast|||callerPkg===android|||calleePkg===com.android.phone|||calleeClass===com.android.phone.OtaStartupReceiver|||action===android.intent.action.BOOT_COMPLETED
04-09 19:39:14.192  1120  1120 I art     : Late-enabling JIT
04-09 19:39:14.198   583   595 I ActivityManager: Start proc 1120:com.android.phone/1001 for broadcast com.android.phone/.OtaStartupReceiver
04-09 19:39:14.199  1120  1120 V libnb   : enter native_bridge2_initialize /data/user/0/com.android.phone/code_cache arm
04-09 19:39:14.201  1120  1120 D houdini : [1120] Initialize library(version: 6.1.2d_x.48748 RELEASE)... successfully.
04-09 19:39:14.215  1120  1120 W art     : Unexpected CPU variant for X86 using defaults: x86
04-09 19:39:14.217  1120  1120 I art     : JIT created with code_cache_capacity=2MB compile_threshold=1000
04-09 19:39:14.229  1120  1120 I Zygote  : fake Product info com.android.phone not matched any pattern
04-09 19:39:14.250   583  1023 D PackageManager: trimGetPackagesForUid uid = 1001 result = [com.android.providers.telephony, com.android.mms.service, com.android.phone]
04-09 19:39:14.255  1120  1120 W System  : ClassLoader referenced unknown path: /system/priv-app/TeleService/lib/x86
04-09 19:39:14.377  1120  1120 W System  : ClassLoader referenced unknown path: /system/priv-app/TelephonyProvider/lib/x86
04-09 19:39:14.445  1120  1120 D TelephonyProvider: dbh.onOpen: ok, queried table=siminfo
04-09 19:39:14.445  1120  1120 D TelephonyProvider: dbh.onOpen: ok, queried table=carriers
04-09 19:39:14.446   802  1134 D com.netease.nemu_vapi_android.thread.HttpServer: http server response data: 
04-09 19:39:14.446   802  1134 W LYF     : try to download file return response
04-09 19:39:14.524   802  1134 D com.netease.nemu_vapi_android.thread.HttpServer: http server response data: {"errcode":0,"message":"OK","return":{"active":"com.mumu.launcher","installed":[],"recent":[]}}
04-09 19:39:14.788   583   596 D GpsLocationProvider: received SIM related action: 
