--------- beginning of main
04-09 19:38:46.457   122   122 E ProbeModule: insmod_by_dep: cannot load module: [acpi-cpufreq]
04-09 19:38:46.512   130   130 E ProbeModule: insmod_by_dep: cannot load module: [btusb]
04-09 19:38:46.631   142   142 E ProbeModule: insmod_by_dep: cannot load module: [psmouse]
04-09 19:38:46.793   148   148 I sh      : vt value: 1
04-09 19:38:46.793   148   148 I sh      : vpipe module: /system/lib/vpipe.ko
04-09 19:38:46.919   177   177 I sh      : tmpfs on / type tmpfs (ro,relatime)
04-09 19:38:46.919   177   177 I sh      : /dev/block/sda6 on /system type ext4 (ro,noatime,data=ordered)
04-09 19:38:46.920   177   177 I sh      : /dev/sdb3 on /data type ext4 (rw,noatime,data=ordered)
04-09 19:38:46.920   177   177 I sh      : tmpfs on /dev type tmpfs (rw,nosuid,relatime,mode=755)
04-09 19:38:46.920   177   177 I sh      : devpts on /dev/pts type devpts (rw,relatime,mode=600)
04-09 19:38:46.920   177   177 I sh      : proc on /proc type proc (rw,relatime)
04-09 19:38:46.920   177   177 I sh      : sysfs on /sys type sysfs (rw,relatime)
04-09 19:38:46.920   177   177 I sh      : /sys/kernel/debug on /sys/kernel/debug type debugfs (rw,relatime,mode=755)
04-09 19:38:46.920   177   177 I sh      : none on /acct type cgroup (rw,relatime,cpuacct)
04-09 19:38:46.920   177   177 I sh      : none on /sys/fs/cgroup type tmpfs (rw,relatime,mode=750,gid=1000)
04-09 19:38:46.920   177   177 I sh      : tmpfs on /mnt type tmpfs (rw,relatime,mode=755,gid=1000)
04-09 19:38:46.920   177   177 I sh      : none on /dev/cpuctl type cgroup (rw,relatime,cpu)
04-09 19:38:46.920   177   177 I sh      : pstore on /sys/fs/pstore type pstore (rw,relatime)
04-09 19:38:46.920   177   177 I sh      : tmpfs on /storage type tmpfs (rw,relatime,mode=755,gid=1000)
04-09 19:38:46.943   177   177 I sh      : cp: /system/lib/arm/libGLESv3.so: Read-only file system
04-09 19:38:46.943   177   177 I sh      : sh terminated by exit(1)
04-09 19:38:47.540   187   187 I /system/bin/tzdatacheck: tzdata file /data/misc/zoneinfo/current/tzdata does not exist. No action required.
04-09 19:38:47.821   194   194 D         : vinput property get resolution_x: 1024
04-09 19:38:47.821   194   194 D         : vinput property get resolution_y: 576
04-09 19:38:47.821   194   194 D         : vinput get converted xmax: 1024
04-09 19:38:47.821   194   194 D         : vinput get converted ymax: 576
04-09 19:38:47.822   194   194 D         : vinput create input deivce by property
04-09 19:38:47.864   195   195 E vinput-seamless: found seamless mouse device
04-09 19:38:47.880   196   196 D local_gps: wait for connect
04-09 19:38:47.902   209   209 I powerbtn: open event0(Power Button) ok fd=4
04-09 19:38:48.327   204   204 I installd: installd firing up
04-09 19:38:48.343   200   200 I         : debuggerd: starting
--------- beginning of system
04-09 19:38:48.455   186   186 I vold    : Vold 3.0 (the awakening) firing up
04-09 19:38:48.455   186   186 V vold    : Detected support for: exfat ext4 iso9660 ntfs vfat
04-09 19:38:48.616   205   205 I keystore: Found keymaster0 module Keymaster OpenSSL HAL, version 2
04-09 19:38:48.616   205   205 I SoftKeymaster: system/keymaster/soft_keymaster_device.cpp, Line 122: Creating device
04-09 19:38:48.616   205   205 D SoftKeymaster: system/keymaster/soft_keymaster_device.cpp, Line 123: Device address: 0xb71e2000
04-09 19:38:48.628   205   205 I keystore: Keymaster0 module is software-only.  Using SoftKeymasterDevice instead.
04-09 19:38:48.628   205   205 I SoftKeymaster: system/keymaster/soft_keymaster_device.cpp, Line 122: Creating device
04-09 19:38:48.628   205   205 D SoftKeymaster: system/keymaster/soft_keymaster_device.cpp, Line 123: Device address: 0xb71e2180
04-09 19:38:48.628   205   205 I keystore: SELinux: Keystore SELinux is disabled.
04-09 19:38:48.638   207   207 I gatekeeperd: Starting gatekeeperd...
04-09 19:38:48.638   207   207 W gatekeeperd: falling back to software GateKeeper
04-09 19:38:48.683   191   191 I lowmemorykiller: Using in-kernel low memory killer interface
04-09 19:38:49.047   208   208 I perfprofd: starting Android Wide Profiling daemon
04-09 19:38:49.060   208   208 E perfprofd: unable to open configuration file /data/data/com.google.android.gms/files/perfprofd.conf
04-09 19:38:49.060   208   208 I perfprofd: random seed set to 2708797827
04-09 19:38:49.069   199   199 I Netd    : Netd 1.0 starting
04-09 19:38:49.103   199   199 D TetherController: Setting IP forward enable = 0
04-09 19:38:49.104   229   229 E ProbeModule: insmod_by_dep: cannot load module: [net-pf-16-proto-5]
04-09 19:38:49.104   199   199 E Netd    : Unable to create netlink socket: Protocol not supported
04-09 19:38:49.104   199   199 E Netd    : Unable to open quota socket
04-09 19:38:49.105   199   199 D MDnsDS  : MDnsSdListener::Hander starting up
04-09 19:38:49.107   199   232 D MDnsDS  : MDnsSdListener starting to monitor
04-09 19:38:49.107   199   232 D MDnsDS  : Going to poll with pollCount 1
04-09 19:38:49.825   193   193 I SurfaceFlinger: SurfaceFlinger is starting
04-09 19:38:49.825   193   193 I SurfaceFlinger: SurfaceFlinger's main thread ready to run. Initializing graphics H/W...
04-09 19:38:49.885   193   193 D libEGL  : loaded /system/lib/egl/libEGL_emulation.so
04-09 19:38:49.925   193   193 D         : HostConnection::get() New Host Connection established 0xb70521b0, tid 193
04-09 19:38:49.957   193   193 D libEGL  : loaded /system/lib/egl/libGLESv1_CM_emulation.so
04-09 19:38:49.961   193   193 D libEGL  : loaded /system/lib/egl/libGLESv2_emulation.so
04-09 19:38:49.995   193   193 E SurfaceFlinger: hwcomposer module not found
04-09 19:38:49.995   193   193 I SurfaceFlinger: EGL information:
04-09 19:38:49.995   193   193 I SurfaceFlinger: vendor    : Android
04-09 19:38:49.995   193   193 I SurfaceFlinger: version   : 1.4 Android META-EGL
04-09 19:38:49.995   193   193 I SurfaceFlinger: extensions: EGL_KHR_get_all_proc_addresses EGL_ANDROID_presentation_time EGL_KHR_swap_buffers_with_damage EGL_KHR_image_base EGL_KHR_fence_sync EGL_ANDROID_image_native_buffer 
04-09 19:38:49.995   193   193 I SurfaceFlinger: Client API: OpenGL_ES
04-09 19:38:49.995   193   193 I SurfaceFlinger: EGLSurface: 8-8-8-0, config=0x96
04-09 19:38:50.053   193   193 I SurfaceFlinger: OpenGL ES informations:
04-09 19:38:50.053   193   193 I SurfaceFlinger: vendor    : NetEase
04-09 19:38:50.053   193   193 I SurfaceFlinger: renderer  : MuMu GL (Intel(R) HD Graphics 5500 Direct3D11 vs_5_0 ps_5_0)
04-09 19:38:50.053   193   193 I SurfaceFlinger: version   : OpenGL ES 3.0 (MuMu GL, Powered by ANGLE 2.1.0.axccacxx)
04-09 19:38:50.053   193   193 I SurfaceFlinger: extensions: GL_ANGLE_client_arrays GL_ANGLE_depth_texture GL_ANGLE_framebuffer_blit GL_ANGLE_framebuffer_multisample GL_ANGLE_instanced_arrays GL_ANGLE_lossy_etc_decode GL_ANGLE_pack_reverse_row_order GL_ANGLE_program_cache_control GL_ANGLE_request_extension GL_ANGLE_robust_client_memory GL_ANGLE_texture_compression_dxt3 GL_ANGLE_texture_compression_dxt5 GL_ANGLE_texture_usage GL_CHROMIUM_bind_generates_resource GL_CHROMIUM_bind_uniform_location GL_CHROMIUM_color_buffer_float_rgb GL_CHROMIUM_color_buffer_float_rgba GL_CHROMIUM_copy_compressed_texture GL_CHROMIUM_copy_texture GL_CHROMIUM_sync_query GL_EXT_blend_minmax GL_EXT_color_buffer_float GL_EXT_color_buffer_half_float GL_EXT_debug_marker GL_EXT_discard_framebuffer GL_EXT_disjoint_timer_query GL_EXT_draw_buffers GL_EXT_frag_depth GL_EXT_occlusion_query_boolean GL_EXT_read_format_bgra GL_EXT_robustness GL_EXT_sRGB GL_EXT_shader_texture_lod GL_EXT_texture_compression_dxt1 GL_EXT_texture_compression_s3tc_srgb GL_EXT_texture_filter_anisotropic GL_EXT_texture
04-09 19:38:50.053   193   193 I SurfaceFlinger: GL_MAX_TEXTURE_SIZE = 16384
04-09 19:38:50.053   193   193 I SurfaceFlinger: GL_MAX_VIEWPORT_DIMS = 32767
04-09 19:38:50.076   193   193 D SurfaceFlinger: Open /dev/tty0 OK
04-09 19:38:50.095   193   193 D SurfaceFlinger: Set power mode=2, type=0 flinger=0xb7062000
04-09 19:38:50.396   203   203 V MediaUtils: physMem: 3182817280
04-09 19:38:50.396   203   203 V MediaUtils: requested limit: 2068831180
04-09 19:38:50.396   203   203 V MediaUtils: actual limit: 2068831180
04-09 19:38:50.396   203   203 V MediaUtils: original limits: 4294967295/4294967295
04-09 19:38:50.396   203   203 V MediaUtils: new limits: 2068831180/4294967295
04-09 19:38:50.594   203   203 I mediaserver: ServiceManager: 0xb614c680
04-09 19:38:50.594   203   203 I mediaserver: mediaServer start AudioFlinger
04-09 19:38:50.594   203   203 I AudioFlinger: Using default 3000 mSec as standby time.
04-09 19:38:50.594   203   203 I mediaserver: mediaServer start mediaPlayerService
04-09 19:38:50.624   203   203 E         : batterystats service unavailable!
04-09 19:38:50.625   203   203 E         : batterystats service unavailable!
04-09 19:38:50.625   203   203 I mediaserver: mediaServer start ResourceManagerService
04-09 19:38:50.625   203   203 I mediaserver: mediaServer start CameraService
04-09 19:38:50.650   395   395 E ProbeModule: insmod_by_dep: cannot load module: [iptable_nat]
04-09 19:38:50.651   397   397 E ProbeModule: insmod_by_dep: cannot load module: [iptable_nat]
04-09 19:38:50.654   400   400 E ProbeModule: insmod_by_dep: cannot load module: [iptable_nat]
04-09 19:38:50.655   402   402 E ProbeModule: insmod_by_dep: cannot load module: [iptable_nat]
04-09 19:38:50.661   405   405 E ProbeModule: insmod_by_dep: cannot load module: [iptable_nat]
04-09 19:38:50.662   407   407 E ProbeModule: insmod_by_dep: cannot load module: [iptable_nat]
04-09 19:38:50.665   203   203 I CameraService: CameraService started (pid=203)
04-09 19:38:50.665   203   203 I CameraService: CameraService process starting
04-09 19:38:50.666   203   203 E         : batterystats service unavailable!
04-09 19:38:50.666   203   203 E         : batterystats service unavailable!
04-09 19:38:50.668   410   410 E ProbeModule: insmod_by_dep: cannot load module: [iptable_nat]
04-09 19:38:50.670   412   412 E ProbeModule: insmod_by_dep: cannot load module: [iptable_nat]
04-09 19:38:50.671   199   199 I iptables: iptables v1.4.20: can't initialize iptables table `nat': Table does not exist (do you need to insmod?)
04-09 19:38:50.671   199   199 I iptables: Perhaps iptables or your kernel needs to be upgraded.
04-09 19:38:50.671   199   199 I iptables: iptables terminated by exit(3)
04-09 19:38:50.671   199   199 E Netd    : exec() res=0, status=768 for /system/bin/iptables -w -t nat -N oem_nat_pre 
04-09 19:38:50.674   415   415 E ProbeModule: insmod_by_dep: cannot load module: [iptable_nat]
04-09 19:38:50.674   417   417 E ProbeModule: insmod_by_dep: cannot load module: [iptable_nat]
04-09 19:38:50.674   199   199 I iptables: iptables v1.4.20: can't initialize iptables table `nat': Table does not exist (do you need to insmod?)
04-09 19:38:50.674   199   199 I iptables: Perhaps iptables or your kernel needs to be upgraded.
04-09 19:38:50.674   199   199 I iptables: iptables terminated by exit(3)
04-09 19:38:50.674   199   199 E Netd    : exec() res=0, status=768 for /system/bin/iptables -w -t nat -A PREROUTING -j oem_nat_pre 
04-09 19:38:50.678   420   420 E ProbeModule: insmod_by_dep: cannot load module: [iptable_nat]
04-09 19:38:50.679   422   422 E ProbeModule: insmod_by_dep: cannot load module: [iptable_nat]
04-09 19:38:50.684   425   425 E ProbeModule: insmod_by_dep: cannot load module: [iptable_nat]
04-09 19:38:50.684   427   427 E ProbeModule: insmod_by_dep: cannot load module: [iptable_nat]
04-09 19:38:50.690   430   430 E ProbeModule: insmod_by_dep: cannot load module: [iptable_nat]
04-09 19:38:50.691   432   432 E ProbeModule: insmod_by_dep: cannot load module: [iptable_nat]
04-09 19:38:50.695   435   435 E ProbeModule: insmod_by_dep: cannot load module: [iptable_nat]
04-09 19:38:50.699   437   437 E ProbeModule: insmod_by_dep: cannot load module: [iptable_nat]
04-09 19:38:50.699   199   199 I iptables: iptables v1.4.20: can't initialize iptables table `nat': Table does not exist (do you need to insmod?)
04-09 19:38:50.699   199   199 I iptables: Perhaps iptables or your kernel needs to be upgraded.
04-09 19:38:50.699   199   199 I iptables: iptables terminated by exit(3)
04-09 19:38:50.699   199   199 E Netd    : exec() res=0, status=768 for /system/bin/iptables -w -t nat -N natctrl_nat_POSTROUTING 
04-09 19:38:50.702   440   440 E ProbeModule: insmod_by_dep: cannot load module: [iptable_nat]
04-09 19:38:50.703   442   442 E ProbeModule: insmod_by_dep: cannot load module: [iptable_nat]
04-09 19:38:50.703   199   199 I iptables: iptables v1.4.20: can't initialize iptables table `nat': Table does not exist (do you need to insmod?)
04-09 19:38:50.704   199   199 I iptables: Perhaps iptables or your kernel needs to be upgraded.
04-09 19:38:50.704   199   199 I iptables: iptables terminated by exit(3)
04-09 19:38:50.704   199   199 E Netd    : exec() res=0, status=768 for /system/bin/iptables -w -t nat -A POSTROUTING -j natctrl_nat_POSTROUTING 
04-09 19:38:50.715   447   447 E ProbeModule: insmod_by_dep: cannot load module: [iptable_nat]
04-09 19:38:50.716   449   449 E ProbeModule: insmod_by_dep: cannot load module: [iptable_nat]
04-09 19:38:51.030   199   199 I OemIptablesHook: OEM iptable hook installed.
04-09 19:38:51.107   308   308 I BootAnimation: boot animation disabled
04-09 19:38:51.138   469   469 E ProbeModule: insmod_by_dep: cannot load module: [ipt_owner]
04-09 19:38:51.140   471   471 E ProbeModule: insmod_by_dep: cannot load module: [ipt_owner]
04-09 19:38:51.141   473   473 E ProbeModule: insmod_by_dep: cannot load module: [ipt_owner]
04-09 19:38:51.141   199   199 I iptables: iptables: No chain/target/match by that name.
04-09 19:38:51.142   199   199 I iptables: iptables terminated by exit(1)
04-09 19:38:51.142   199   199 E Netd    : exec() res=0, status=256 for /system/bin/iptables -w -A fw_dozable -m owner --uid-owner 0-9999 -j RETURN 
04-09 19:38:51.146   476   476 E ProbeModule: insmod_by_dep: cannot load module: [ip6t_owner]
04-09 19:38:51.147   478   478 E ProbeModule: insmod_by_dep: cannot load module: [ip6t_owner]
04-09 19:38:51.151   193   193 D SurfaceFlinger: shader cache generated - 24 shaders in 1046.336548 ms
04-09 19:38:51.151   480   480 E ProbeModule: insmod_by_dep: cannot load module: [ip6t_owner]
04-09 19:38:51.152   199   199 I ip6tables: ip6tables: No chain/target/match by that name.
04-09 19:38:51.153   199   199 I ip6tables: ip6tables terminated by exit(1)
04-09 19:38:51.153   199   199 E Netd    : exec() res=0, status=256 for /system/bin/ip6tables -w -A fw_dozable -m owner --uid-owner 0-9999 -j RETURN 
04-09 19:38:51.244   199   199 V NatController: runCmd(/system/bin/iptables -w -F natctrl_FORWARD) res=0
04-09 19:38:51.251   199   199 V NatController: runCmd(/system/bin/iptables -w -A natctrl_FORWARD -j DROP) res=0
04-09 19:38:51.256   495   495 E ProbeModule: insmod_by_dep: cannot load module: [iptable_nat]
04-09 19:38:51.257   497   497 E ProbeModule: insmod_by_dep: cannot load module: [iptable_nat]
04-09 19:38:51.258   199   199 V NatController: runCmd(/system/bin/iptables -w -t nat -F natctrl_nat_POSTROUTING) res=3
04-09 19:38:51.737   546   546 E ProbeModule: insmod_by_dep: cannot load module: [ipt_owner]
04-09 19:38:51.738   548   548 E ProbeModule: insmod_by_dep: cannot load module: [ipt_owner]
04-09 19:38:51.739   550   550 E ProbeModule: insmod_by_dep: cannot load module: [ipt_owner]
04-09 19:38:51.740   199   199 I iptables: iptables: No chain/target/match by that name.
04-09 19:38:51.740   199   199 I iptables: iptables terminated by exit(1)
04-09 19:38:51.740   199   199 E BandwidthController: runIptablesCmd(): res=1 status=256 failed /system/bin/iptables -w -A bw_INPUT -m owner --socket-exists
04-09 19:38:51.743   553   553 E ProbeModule: insmod_by_dep: cannot load module: [ip6t_owner]
04-09 19:38:51.744   555   555 E ProbeModule: insmod_by_dep: cannot load module: [ip6t_owner]
04-09 19:38:51.744   557   557 E ProbeModule: insmod_by_dep: cannot load module: [ip6t_owner]
04-09 19:38:51.745   199   199 I ip6tables: ip6tables: No chain/target/match by that name.
04-09 19:38:51.745   199   199 I ip6tables: ip6tables terminated by exit(1)
04-09 19:38:51.745   199   199 E BandwidthController: runIptablesCmd(): res=1 status=256 failed /system/bin/ip6tables -w -A bw_INPUT -m owner --socket-exists
04-09 19:38:51.942   203   203 V EmulatedCamera_GenyCamera: Initialize:
04-09 19:38:51.942   203   203 V EmulatedCamera_GenyCamera:    initializing back camera on local srv port 24801
04-09 19:38:51.943   203   203 V EmulatedCamera_GenyDevice: Initialize: Connected to the emulated camera service 'back'
04-09 19:38:51.943   203   203 V EmulatedCamera_Device: initializeWhiteBalanceModes with auto, 1.000000, 1.000000
04-09 19:38:51.943   203   203 V EmulatedCamera_Device: initializeWhiteBalanceModes with incandescent, 1.380000, 0.600000
04-09 19:38:51.943   203   203 V EmulatedCamera_Device: initializeWhiteBalanceModes with daylight, 1.090000, 0.920000
04-09 19:38:51.943   203   203 V EmulatedCamera_Device: initializeWhiteBalanceModes with twilight, 0.920000, 1.220000
04-09 19:38:51.943   203   203 V EmulatedCamera_Device: setWhiteBalanceMode with white balance auto
04-09 19:38:51.943   203   203 V EmulatedCamera_GenyCamera: getCameraOrientation: camera orientation set to 0
04-09 19:38:51.943   203   203 V EmulatedCamera_GenyCamera: Initialize: Geny camera back is initialized. Current frame is 1280x720
04-09 19:38:51.943   203   203 V EmulatedCamera_GenyCamera: Initialize:
04-09 19:38:51.943   203   203 V EmulatedCamera_GenyCamera:    initializing front camera on local srv port 24811
04-09 19:38:51.943   203   203 E EmulatedCamera_GenyClient: connectClient: Unable to connect to the camera service port 24811: Connection refused
04-09 19:38:51.943   203   203 V EmulatedCamera_Device: EmulatedCameraDevice destructor
04-09 19:38:51.971   203   203 I CameraService: Loaded "Emulated Camera Module" camera module
04-09 19:38:51.972   203   203 V EmulatedCamera_GenyCamera: getCameraOrientation: camera orientation set to 0
04-09 19:38:51.972   203   203 V EmulatedCamera_GenyCamera: getCameraInfo: overriding parent method, orientation: 0
04-09 19:38:51.972   203   203 V EmulatedCamera_Camera: getCameraInfo
04-09 19:38:51.972   203   203 V EmulatedCamera_BaseCamera: getCameraInfo
04-09 19:38:51.972   203   203 I CameraFlashlight: Opening camera 0
04-09 19:38:51.972   203   203 V EmulatedCamera_GenyCamera: getCameraOrientation: camera orientation set to 0
04-09 19:38:51.972   203   203 V EmulatedCamera_GenyCamera: getCameraInfo: overriding parent method, orientation: 0
04-09 19:38:51.972   203   203 V EmulatedCamera_Camera: getCameraInfo
04-09 19:38:51.972   203   203 V EmulatedCamera_BaseCamera: getCameraInfo
04-09 19:38:51.972   203   203 V EmulatedCamera_Camera: connectCamera
04-09 19:38:51.972   203   203 V EmulatedCamera_GenyDevice: connectDevice
04-09 19:38:51.972   197   197 E local_camera: player have not connect this server yet. main:204
04-09 19:38:51.972   203   203 E EmulatedCamera_GenyClient: receiveMessage: Unable to obtain payload size, receive: PLDown
04-09 19:38:51.972   203   203 E EmulatedCamera_GenyClient: doQuery Response to query '   7connect' has failed: I/O error
04-09 19:38:51.972   203   203 E EmulatedCamera_GenyClient: queryConnect: Query failed: No error message
04-09 19:38:51.972   203   203 E EmulatedCamera_GenyDevice: connectDevice: Connection to device 'back' failed
04-09 19:38:51.972   203   203 E CameraFlashlight: Could not open camera 0: -19
04-09 19:38:51.972   203   203 E CameraFlashlight: connectCameraDevice: initializing camera 0 failed
04-09 19:38:51.972   203   203 I CameraFlashlight: Destroying camera 0
04-09 19:38:51.972   203   203 E CameraFlashlight: findFlashUnits: failed to check if camera 0 has a flash unit. No such device (-19)
04-09 19:38:51.972   203   203 V EmulatedCamera_GenyCamera: getCameraOrientation: camera orientation set to 0
04-09 19:38:51.972   203   203 V EmulatedCamera_GenyCamera: getCameraInfo: overriding parent method, orientation: 0
04-09 19:38:51.972   203   203 V EmulatedCamera_Camera: getCameraInfo
04-09 19:38:51.972   203   203 V EmulatedCamera_BaseCamera: getCameraInfo
04-09 19:38:51.972   203   203 I mediaserver: mediaServer start AudioPolicyService
04-09 19:38:51.972   203   203 I AudioPolicyService: AudioPolicyService CSTOR in new mode
04-09 19:38:51.980   203   203 I APM::ConfigParsingUtils: loadAudioPolicyConfig() loaded /system/etc/audio_policy.conf
04-09 19:38:52.011   203   203 E audio_hw_primary: Failed to open /system/etc/mixer_paths.xml
04-09 19:38:52.011   203   203 I AudioFlinger: loadHwModule() Loaded primary audio interface from Grouper audio HW HAL (audio) handle 1
04-09 19:38:52.011   203   203 I AudioFlinger: openOutput(), module 1 Device 2, SamplingRate 48000, Format 0x000001, Channels 3, flags 2
04-09 19:38:52.024   203   203 I AudioFlinger: AudioStreamOut::open(), mHalFormatIsLinearPcm = 1
04-09 19:38:52.025   203   203 I AudioFlinger: HAL output buffer size 512 frames, normal sink buffer size 1024 frames
04-09 19:38:52.039   203   203 I BufferProvider: found effect "Multichannel Downmix To Stereo" from The Android Open Source Project
04-09 19:38:52.039   203   203 E MonoPipe: Failed to fetch local time frequency when constructing a MonoPipe (res = -32).  getNextWriteTimestamp calls will be non-functional
04-09 19:38:52.044   203   203 I AudioFlinger: Using module 1 has the primary audio interface
04-09 19:38:52.045   203   563 I AudioFlinger: AudioFlinger's thread 0xb1c40000 ready to run
04-09 19:38:52.045   203   563 E AudioFlinger: no wake lock to update!
04-09 19:38:52.059   203   564 I AudioFlinger: AudioFlinger's thread 0xb1840000 ready to run
04-09 19:38:52.085   203   203 D BlueZ   : external/bluetooth/bluez/android/hal-audio.c:audio_open() 
04-09 19:38:52.085   203   203 D BlueZ   : external/bluetooth/bluez/android/hal-audio.c:audio_ipc_init() 
04-09 19:38:52.085   203   565 D BlueZ   : external/bluetooth/bluez/android/hal-audio.c:ipc_handler() 
04-09 19:38:52.085   203   565 D BlueZ   : external/bluetooth/bluez/android/hal-audio.c:ipc_handler() Waiting for connection ...
04-09 19:38:52.085   203   203 E BlueZ   : APTX: failed to open library libbt-aptx.so (dlopen failed: library "libbt-aptx.so" not found)
04-09 19:38:52.085   203   203 D BlueZ   : external/bluetooth/bluez/android/hal-audio.c:audio_init_check() 
04-09 19:38:52.085   203   203 D BlueZ   : external/bluetooth/bluez/android/hal-audio.c:audio_set_master_volume() 
04-09 19:38:52.085   203   203 D BlueZ   : external/bluetooth/bluez/android/hal-audio.c:set_master_mute() 
04-09 19:38:52.085   203   203 I AudioFlinger: loadHwModule() Loaded a2dp audio interface from A2DP Bluez HW HAL (audio) handle 4
04-09 19:38:52.100   203   203 I AudioFlinger: loadHwModule() Loaded usb audio interface from USB audio HW HAL (audio) handle 5
04-09 19:38:52.100   203   203 I mediaserver: mediaServer start SoundTriggerHwService
04-09 19:38:52.101   203   203 E SoundTriggerHwService: couldn't load sound trigger module sound_trigger.primary (No such file or directory)
04-09 19:38:52.101   203   203 I mediaserver: mediaServer start RadioService
04-09 19:38:52.101   203   203 I RadioService: RadioService
04-09 19:38:52.101   203   203 I RadioService: onFirstRef
04-09 19:38:52.101   203   203 E RadioService: couldn't load radio module radio.primary (No such file or directory)
04-09 19:38:52.101   203   203 I mediaserver: mediaServer start CameraService::pingCameraServiceProxy
04-09 19:38:52.101   203   203 I ServiceManager: Waiting for service media.camera.proxy...
04-09 19:38:52.158   206   206 D AndroidRuntime: >>>>>> START com.android.internal.os.ZygoteInit uid 0 <<<<<<
04-09 19:38:52.354   206   206 D AndroidRuntime: CheckJNI is OFF
04-09 19:38:52.379   573   573 E ProbeModule: insmod_by_dep: cannot load module: [netdev-dummy0]
04-09 19:38:52.381   575   575 E ProbeModule: insmod_by_dep: cannot load module: [dummy0]
04-09 19:38:52.381   199   199 E Netd    : cannot find interface dummy0
04-09 19:38:52.410   206   206 I art     : option[0]=-Xzygote
04-09 19:38:52.410   206   206 I art     : option[1]=-Xstacktracefile:/data/anr/traces.txt
04-09 19:38:52.410   206   206 I art     : option[2]=exit
04-09 19:38:52.410   206   206 I art     : option[3]=vfprintf
04-09 19:38:52.410   206   206 I art     : option[4]=sensitiveThread
04-09 19:38:52.410   206   206 I art     : option[5]=-verbose:gc
04-09 19:38:52.410   206   206 I art     : option[6]=-Xms16m
04-09 19:38:52.410   206   206 I art     : option[7]=-Xmx512m
04-09 19:38:52.410   206   206 I art     : option[8]=-XX:HeapGrowthLimit=192m
04-09 19:38:52.410   206   206 I art     : option[9]=-XX:HeapMinFree=512k
04-09 19:38:52.410   206   206 I art     : option[10]=-XX:HeapMaxFree=8m
04-09 19:38:52.410   206   206 I art     : option[11]=-XX:HeapTargetUtilization=0.75
04-09 19:38:52.410   206   206 I art     : option[12]=-Xusejit:true
04-09 19:38:52.410   206   206 I art     : option[13]=-agentlib:jdwp=transport=dt_android_adb,suspend=n,server=y
04-09 19:38:52.410   206   206 I art     : option[14]=-Xlockprofthreshold:500
04-09 19:38:52.410   206   206 I art     : option[15]=-Ximage-compiler-option
04-09 19:38:52.410   206   206 I art     : option[16]=--runtime-arg
04-09 19:38:52.410   206   206 I art     : option[17]=-Ximage-compiler-option
04-09 19:38:52.410   206   206 I art     : option[18]=-Xms64m
04-09 19:38:52.410   206   206 I art     : option[19]=-Ximage-compiler-option
04-09 19:38:52.410   206   206 I art     : option[20]=--runtime-arg
04-09 19:38:52.410   206   206 I art     : option[21]=-Ximage-compiler-option
04-09 19:38:52.410   206   206 I art     : option[22]=-Xmx64m
04-09 19:38:52.411   206   206 I art     : option[23]=-Ximage-compiler-option
04-09 19:38:52.411   206   206 I art     : option[24]=--compiler-filter=verify-at-runtime
04-09 19:38:52.411   206   206 I art     : option[25]=-Ximage-compiler-option
04-09 19:38:52.411   206   206 I art     : option[26]=--image-classes=/system/etc/preloaded-classes
04-09 19:38:52.412   206   206 I art     : option[27]=-Xcompiler-option
04-09 19:38:52.412   206   206 I art     : option[28]=--runtime-arg
04-09 19:38:52.412   206   206 I art     : option[29]=-Xcompiler-option
04-09 19:38:52.412   206   206 I art     : option[30]=-Xms64m
04-09 19:38:52.412   206   206 I art     : option[31]=-Xcompiler-option
04-09 19:38:52.412   206   206 I art     : option[32]=--runtime-arg
04-09 19:38:52.412   206   206 I art     : option[33]=-Xcompiler-option
04-09 19:38:52.412   206   206 I art     : option[34]=-Xmx512m
04-09 19:38:52.412   206   206 I art     : option[35]=-Xcompiler-option
04-09 19:38:52.412   206   206 I art     : option[36]=--compiler-filter=verify-at-runtime
04-09 19:38:52.412   206   206 I art     : option[37]=-Ximage-compiler-option
04-09 19:38:52.412   206   206 I art     : option[38]=--instruction-set-variant=x86
04-09 19:38:52.412   206   206 I art     : option[39]=-Xcompiler-option
04-09 19:38:52.412   206   206 I art     : option[40]=--instruction-set-variant=x86
04-09 19:38:52.412   206   206 I art     : option[41]=-Ximage-compiler-option
04-09 19:38:52.412   206   206 I art     : option[42]=--instruction-set-features=default
04-09 19:38:52.412   206   206 I art     : option[43]=-Xcompiler-option
04-09 19:38:52.412   206   206 I art     : option[44]=--instruction-set-features=default
04-09 19:38:52.412   206   206 I art     : option[45]=-Duser.locale=zh-CN
04-09 19:38:52.412   206   206 I art     : option[46]=-XX:NativeBridge=libnb.so
04-09 19:38:52.412   206   206 I art     : option[47]=--cpu-abilist=x86,armeabi-v7a,armeabi
04-09 19:38:52.412   206   206 I art     : option[48]=-Xfingerprint:OnePlus/OnePlus2/OnePlus2:6.0.1/MMB29M/1447841200:user/release-keys
04-09 19:38:52.605   206   206 W art     : 70be0000-715c2000 rw-p 00000000 08:13 1015812    /data/dalvik-cache/x86/system@framework@boot.art
04-09 19:38:52.605   206   206 W art     : af65f000-b1544000 r--p 00000000 08:06 997        /system/framework/x86/boot.oat
04-09 19:38:52.605   206   206 W art     : b1544000-b32c2000 r-xp 01ee5000 08:06 997        /system/framework/x86/boot.oat
04-09 19:38:52.605   206   206 W art     : b32c2000-b32c3000 rw-p 03c63000 08:06 997        /system/framework/x86/boot.oat
04-09 19:38:52.605   206   206 W art     : b32c3000-b39f1000 r-xp 00000000 08:06 1386       /system/lib/libart.so
04-09 19:38:52.605   206   206 W art     : b39f1000-b39f2000 ---p 00000000 00:00 0 
04-09 19:38:52.605   206   206 W art     : b39f2000-b39fd000 r--p 0072e000 08:06 1386       /system/lib/libart.so
04-09 19:38:52.605   206   206 W art     : b39fd000-b39fe000 rw-p 00739000 08:06 1386       /system/lib/libart.so
04-09 19:38:52.605   206   206 W art     : b39fe000-b3b00000 rw-p 00000000 00:00 0 
04-09 19:38:52.605   206   206 W art     : b3b01000-b3b1e000 r--p 009e2000 08:13 1015812    /data/dalvik-cache/x86/system@framework@boot.art
04-09 19:38:52.605   206   206 W art     : b3b1e000-b3b1f000 r-xp 00000000 08:06 1522       /system/lib/libsigchain.so
04-09 19:38:52.605   206   206 W art     : b3b1f000-b3b20000 r--p 00000000 08:06 1522       /system/lib/libsigchain.so
04-09 19:38:52.605   206   206 W art     : b3b20000-b3b21000 rw-p 00001000 08:06 1522       /system/lib/libsigchain.so
04-09 19:38:52.605   206   206 W art     : b3b21000-b3b23000 r--p 00000000 00:00 0 
04-09 19:38:52.605   206   206 W art     : b3b23000-b3b43000 r--s 00000000 00:0e 7217       /dev/__properties__
04-09 19:38:52.605   206   206 W art     : b3b43000-b3b44000 rw-p 00000000 00:00 0 
04-09 19:38:52.605   206   206 W art     : b3b44000-b5239000 r-xp 00000000 08:06 1369       /system/lib/libLLVM.so
04-09 19:38:52.605   206   206 W art     : b5239000-b523a000 ---p 00000000 00:00 0 
04-09 19:38:52.605   206   206 W art     : b523a000-b5335000 r--p 016f5000 08:06 1369       /system/lib/libLLVM.so
04-09 19:38:52.605   206   206 W art     : b5335000-b5336000 rw-p 017f0000 08:06 1369       /system/lib/libLLVM.so
04-09 19:38:52.605   206   206 W art     : b5336000-b533e000 rw-p 00000000 00:00 0 
04-09 19:38:52.605   206   206 W art     : b533e000-b5404000 r-xp 00000000 08:06 1401       /system/lib/libbcinfo.so
04-09 19:38:52.605   206   206 W art     : b5404000-b5407000 r--p 000c5000 08:06 1401       /system/lib/libbcinfo.so
04-09 19:38:52.605   206   206 W art     : b5407000-b5408000 rw-p 000c8000 08:06 1401       /system/lib/libbcinfo.so
04-09 19:38:52.605   206   206 W art     : b5408000-b5409000 r--p 00000000 00:00 0 
04-09 19:38:52.605   206   206 W art     : b5409000-b5471000 r-xp 00000000 08:06 1400       /system/lib/libbcc.so
04-09 19:38:52.605   206   206 W art     : b5471000-b5472000 ---p 00000000 00:00 0 
04-09 19:38:52.605   206   206 W art     : b5472000-b5473000 r--p 00068000 08:06 1400       /system/lib/libbcc.so
04-09 19:38:52.605   206   206 W art     : b5473000-b5474000 rw-p 00069000 08:06 1400       /system/lib/libbcc.so
04-09 19:38:52.605   206   206 W art     : b5474000-b5480000 r-xp 00000000 08:06 1415       /system/lib/libcommon_time_client.so
04-09 19:38:52.605   206   206 W art     : b5480000-b5481000 ---p 00000000 00:00 0 
04-09 19:38:52.605   206   206 W art     : b5481000-b5484000 r--p 0000c000 08:06 1415       /system/lib/libcommon_time_client.so
04-09 19:38:52.605   206   206 W art     : b5484000-b5485000 rw-p 0000f000 08:06 1415       /system/lib/libcommon_time_client.so
04-09 19:38:52.605   206   206 W art     : b5485000-b5486000 r--p 00000000 00:00 0 
04-09 19:38:52.605   206   206 W art     : b5486000-b54ad000 r-xp 00000000 08:06 1507       /system/lib/libprotobuf-cpp-lite.so
04-09 19:38:52.605   206   206 W art     : b54ad000-b54ae000 ---p 00000000 00:00 0 
04-09 19:38:52.605   206   206 W art     : b54ae000-b54af000 r--p 00027000 08:06 1507       /system/lib/libprotobuf-cpp-lite.so
04-09 19:38:52.605   206   206 W art     : b54af000-b54b0000 rw-p 00028000 08:06 1507       /system/lib/libprotobuf-cpp-lite.so
04-09 19:38:52.605   206   206 W art     : b54b0000-b54bb000 r-xp 00000000 08:06 1539       /system/lib/libstagefright_avc_common.so
04-09 19:38:52.605   206   206 W art     : b54bb000-b54bc000 r--p 0000a000 08:06 1539       /system/lib/libstagefright_avc_common.so
04-09 19:38:52.605   206   206 W art     : b54bc000-b54bd000 rw-p 0000b000 08:06 1539       /system/lib/libstagefright_avc_common.so
04-09 19:38:52.605   206   206 W art     : b54bd000-b54be000 r-xp 00000000 08:06 1540       /system/lib/libstagefright_enc_common.so
04-09 19:38:52.605   206   206 W art     : b54be000-b54bf000 r--p 00000000 08:06 1540       /system/lib/libstagefright_enc_common.so
04-09 19:38:52.605   206   206 W art     : b54bf000-b54c0000 rw-p 00001000 08:06 1540       /system/lib/libstagefright_enc_common.so
04-09 19:38:52.605   206   206 W art     : b54c0000-b54c3000 r-xp 00000000 08:06 1504       /system/lib/libpowermanager.so
04-09 19:38:52.605   206   206 W art     : b54c3000-b54c4000 r--p 00002000 08:06 1504       /system/lib/libpowermanager.so
04-09 19:38:52.605   206   206 W art     : b54c4000-b54c5000 rw-p 00003000 08:06 1504       /system/lib/libpowermanager.so
04-09 19:38:52.605   206   206 W art     : b54c5000-b54e8000 r-xp 00000000 08:06 1581       /system/lib/libvorbisidec.so
04-09 19:38:52.605   206   206 W art     : b54e8000-b54e9000 r--p 00022000 08:06 1581       /system/lib/libvorbisidec.so
04-09 19:38:52.605   206   206 W art     : b54e9000-b54ea000 rw-p 00023000 08:06 1581       /system/lib/libvorbisidec.so
04-09 19:38:52.605   206   206 W art     : b54ea000-b54ed000 r-xp 00000000 08:06 1566       /system/lib/libstagefright_yuv.so
04-09 19:38:52.605   206   206 W art     : b54ed000-b54ee000 r--p 00002000 08:06 1566       /system/lib/libstagefright_yuv.so
04-09 19:38:52.605   206   206 W art     : b54ee000-b54ef000 rw-p 00003000 08:06 1566       /system/lib/libstagefright_yuv.so
04-09 19:38:52.605   206   206 W art     : b54ef000-b552a000 r-xp 00000000 08:06 1544       /system/lib/libstagefright_omx.so
04-09 19:38:52.605   206   206 W art     : b552a000-b552b000 ---p 00000000 00:00 0 
04-09 19:38:52.605   206   206 W art     : b552b000-b552e000 r--p 0003b000 08:06 1544       /system/lib/libstagefright_omx.so
04-09 19:38:52.605   206   206 W art     : b552e000-b552f000 rw-p 0003e000 08:06 1544       /system/lib/libstagefright_omx.so
04-09 19:38:52.605   206   206 W art     : b552f000-b5580000 r-xp 00000000 08:06 1496       /system/lib/libopus.so
04-09 19:38:52.605   206   206 W art     : b5580000-b5581000 ---p 00000000 00:00 0 
04-09 19:38:52.605   206   206 W art     : b5581000-b5582000 r--p 00051000 08:06 1496       /system/lib/libopus.so
04-09 19:38:52.605   206   206 W art     : b5582000-b5583000 rw-p 00052000 08:06 1496       /system/lib/libopus.so
04-09 19:38:52.605   206   206 W art     : b5583000-b5584000 r--p 00000000 00:00 0 
04-09 19:38:52.605   206   206 W art     : b5584000-b558b000 r-xp 00000000 08:06 1481       /system/lib/libmediautils.so
04-09 19:38:52.605   206   206 W art     : b558b000-b558c000 ---p 00000000 00:00 0 
04-09 19:38:52.605   206   206 W art     : b558c000-b558d000 r--p 00007000 08:06 1481       /system/lib/libmediautils.so
04-09 19:38:52.605   206   206 W art     : b558d000-b558e000 rw-p 00008000 08:06 1481       /system/lib/libmediautils.so
04-09 19:38:52.605   206   206 W art     : b558e000-b55af000 r-xp 00000000 08:06 1423       /system/lib/libdrmframework.so
04-09 19:38:52.605   206   206 W art     : b55af000-b55b2000 r--p 00020000 08:06 1423       /system/lib/libdrmframework.so
04-09 19:38:52.605   206   206 W art     : b55b2000-b55b3000 rw-p 00023000 08:06 1423       /system/lib/libdrmframework.so
04-09 19:38:52.605   206   206 W art     : b55b3000-b55d8000 r-xp 00000000 08:06 1377       /system/lib/libRScpp.so
04-09 19:38:52.605   206   206 W art     : b55d8000-b55d9000 r--p 00024000 08:06 1377       /system/lib/libRScpp.so
04-09 19:38:52.605   206   206 W art     : b55d9000-b55da000 rw-p 00025000 08:06 1377       /system/lib/libRScpp.so
04-09 19:38:52.605   206   206 W art     : b55da000-b5638000 r-xp 00000000 08:06 1373       /system/lib/libRS.so
04-09 19:38:52.605   206   206 W art     : b5638000-b5639000 ---p 00000000 00:00 0 
04-09 19:38:52.605   206   206 W art     : b5639000-b563b000 r--p 0005e000 08:06 1373       /system/lib/libRS.so
04-09 19:38:52.605   206   206 W art     : b563b000-b563c000 rw-p 00060000 08:06 1373       /system/lib/libRS.so
04-09 19:38:52.605   206   206 W art     : b563c000-b5641000 r-xp 00000000 08:06 1532       /system/lib/libspeexresampler.so
04-09 19:38:52.605   206   206 W art     : b5641000-b5642000 r--p 00004000 08:06 1532       /system/lib/libspeexresampler.so
04-09 19:38:52.605   206   206 W art     : b5642000-b5643000 rw-p 00005000 08:06 1532       /system/lib/libspeexresampler.so
04-09 19:38:52.605   206   206 W art     : b5643000-b564d000 r-xp 00000000 08:06 1489       /system/lib/libnbaio.so
04-09 19:38:52.605   206   206 W art     : b564d000-b564e000 ---p 00000000 00:00 0 
04-09 19:38:52.605   206   206 W art     : b564e000-b564f000 r--p 0000a000 08:06 1489       /system/lib/libnbaio.so
04-09 19:38:52.605   206   206 W art     : b564f000-b5650000 rw-p 0000b000 08:06 1489       /system/lib/libnbaio.so
04-09 19:38:52.605   206   206 W art     : b5650000-b5670000 r-xp 00000000 08:06 1499       /system/lib/libpcre.so
04-09 19:38:52.605   206   206 W art     : b5670000-b5671000 ---p 00000000 00:00 0 
04-09 19:38:52.605   206   206 W art     : b5671000-b5672000 r--p 00020000 08:06 1499       /system/lib/libpcre.so
04-09 19:38:52.605   206   206 W art     : b5672000-b5673000 rw-p 00021000 08:06 1499       /system/lib/libpcre.so
04-09 19:38:52.605   206   206 W art     : b5673000-b5674000 r--p 00000000 00:00 0 
04-09 19:38:52.605   206   206 W art     : b5674000-b5678000 r-xp 00000000 08:06 1587       /system/lib/libwpa_cli
04-09 19:38:52.605   206   206 W art     : ent.so
04-09 19:38:52.605   206   206 W art     : b5678000-b5679000 r--p 00003000 08:06 1587       /system/lib/libwpa_client.so
04-09 19:38:52.605   206   206 W art     : b5679000-b567a000 rw-p 00004000 08:06 1587       /system/lib/libwpa_client.so
04-09 19:38:52.605   206   206 W art     : b567a000-b575a000 r-xp 00000000 08:06 1363       /system/lib/libGLES_trace.so
04-09 19:38:52.605   206   206 W art     : b575a000-b575c000 r--p
04-09 19:38:52.605   206   206 W art     :  000df000 08:06 1363       /system/lib/libGLES_trace.so
04-09 19:38:52.605   206   206 W art     : b575c000-b575d000 rw-p 000e1000 08:06 1363       /system/lib/libGLES_trace.so
04-09 19:38:52.605   206   206 W art     : b575d000-b57e9000 r-xp 00000000 08:06 1440       /system/lib/libft2.so
04-09 19:38:52.605   206   206 W art     : b57e9000-b57ea000 ---p 00000000 00:00 0 
04-09 19:38:52.605   206   206 W art     : b57ea000-b57ec000 r--p 0008c000 08:06 1440       /system/lib/libft
04-09 19:38:52.605   206   206 W art     : 2.so
04-09 19:38:52.605   206   206 W art     : b57ec000-b57ed000 rw-p 0008e000 08:06 1440       /system/lib/libft2.so
04-09 19:38:52.605   206   206 W art     : b57ed000-b57ee000 r--p 00000000 00:00 0 
04-09 19:38:52.605   206   206 W art     : b57ee000-b5823000 r-xp 00000000 08:06 1502       /system/lib/libpng.so
04-09 19:38:52.605   206   206 W art     : b5823000-b5824000 ---p 00000000 00:00 0 
04-09 19:38:52.605   206   206 W art     : b5824000-b5825000 r--p 00035000 
04-09 19:38:52.605   206   206 W art     : 08:06 1502       /system/lib/libpng.so
04-09 19:38:52.605   206   206 W art     : b5825000-b5826000 rw-p 00036000 08:06 1502       /system/lib/libpng.so
04-09 19:38:52.605   206   206 W art     : b5826000-b5827000 r-xp 00000000 08:06 1573       /system/lib/libsync.so
04-09 19:38:52.605   206   206 W art     : b5827000-b5828000 r--p 00000000 08:06 1573       /system/lib/libsync.so
04-09 19:38:52.605   206   206 W art     : b5828000-b5829000 rw-p 00001000 08:06 157
04-09 19:38:52.605   206   206 W art     : 3       /system/lib/libsync.so
04-09 19:38:52.605   206   206 W art     : b5829000-b582c000 r-xp 00000000 08:06 1567       /system/lib/libstdc++.so
04-09 19:38:52.605   206   206 W art     : b582c000-b582d000 r--p 00002000 08:06 1567       /system/lib/libstdc++.so
04-09 19:38:52.605   206   206 W art     : b582d000-b582e000 rw-p 00003000 08:06 1567       /system/lib/libstdc++.so
04-09 19:38:52.605   206   206 W art     : b582e000-b584b000 r-xp 00000000 08
04-09 19:38:52.605   206   206 W art     : :06 1577       /system/lib/libunwind.so
04-09 19:38:52.605   206   206 W art     : b584b000-b584c000 r--p 0001c000 08:06 1577       /system/lib/libunwind.so
04-09 19:38:52.605   206   206 W art     : b584c000-b584d000 rw-p 0001d000 08:06 1577       /system/lib/libunwind.so
04-09 19:38:52.605   206   206 W art     : b584d000-b585c000 rw-p 00000000 00:00 0 
04-09 19:38:52.605   206   206 W art     : b585c000-b5865000 r-xp 00000000 08:06 1399       /system/lib/libbas
04-09 19:38:52.605   206   206 W art     : e.so
04-09 19:38:52.605   206   206 W art     : b5865000-b5866000 r--p 00008000 08:06 1399       /system/lib/libbase.so
04-09 19:38:52.605   206   206 W art     : b5866000-b5867000 rw-p 00009000 08:06 1399       /system/lib/libbase.so
04-09 19:38:52.605   206   206 W art     : b5867000-b586c000 r-xp 00000000 08:06 1425       /system/lib/libeffects.so
04-09 19:38:52.605   206   206 W art     : b586c000-b586d000 r--p 00004000 08:06
04-09 19:38:52.605   206   206 W art     :  1425       /system/lib/libeffects.so
04-09 19:38:52.605   206   206 W art     : b586d000-b586e000 rw-p 00005000 08:06 1425       /system/lib/libeffects.so
04-09 19:38:52.605   206   206 W art     : b586e000-b5870000 r-xp 00000000 08:06 1542       /system/lib/libstagefright_http_support.so
04-09 19:38:52.605   206   206 W art     : b5870000-b5871000 r--p 00001000 08:06 1542       /system/lib/libstagefright_http_support.
04-09 19:38:52.605   206   206 W art     : so
04-09 19:38:52.605   206   206 W art     : b5871000-b5872000 rw-p 00002000 08:06 1542       /system/lib/libstagefright_http_support.so
04-09 19:38:52.605   206   206 W art     : b5872000-b5893000 r-xp 00000000 08:06 1541       /system/lib/libstagefright_foundation.so
04-09 19:38:52.605   206   206 W art     : b5893000-b5894000 ---p 00000000 00:00 0 
04-09 19:38:52.605   206   206 W art     : b5894000-b5895000 r--p 00021000 0
04-09 19:38:52.605   206   206 W art     : 8:06 1541       /system/lib/libstagefright_foundation.so
04-09 19:38:52.605   206   206 W art     : b5895000-b5896000 rw-p 00022000 08:06 1541       /system/lib/libstagefright_foundation.so
04-09 19:38:52.605   206   206 W art     : b5896000-b5a84000 r-xp 00000000 08:06 1537       /system/lib/libstagefright.so
04-09 19:38:52.605   206   206 W art     : b5a84000-b5a90000 r--p 001ed000 08:06 1537       /system/lib/libstagefright.so
04-09 19:38:52.605   206   206 W art     : b5a90000-b5a91000 rw-p 001f9000 08:06 1537       /system/lib/libstagefright.so
04-09 19:38:52.605   206   206 W art     : b5a91000-b5b40000 r-xp 00000000 08:06 1450       /system/lib/libhwui.so
04-09 19:38:52.605   206   206 W art     : b5b40000-b5b44000 r--p 000ae000 08:06 1450       /system/lib/libhwui.so
04-09 19:38:52.605   206   206 W art     : b5b44000-b5b45000 rw-p 000b2000 08:06 1450       /system/lib/libhwui.so
04-09 19:38:52.605   206   206 W art     : b5b45000-b5b46000 r--p 00000000 00:00 0 
04-09 19:38:52.605   206   206 W art     : b5b46000-b5b48000 r-xp 00000000 08:06 1509       /system/lib/libradio_metadata.so
04-09 19:38:52.605   206   206 W art     : b5b48000-b5b49000 r--p 00001000 08:06 1509       /system/lib/libradio_metadata.so
04-09 19:38:52.605   206   206 W art     : b5b49000-b5b4a000 rw-p 00002000 08:06 1509       /system/lib/libradio_metadata.so
04-09 19:38:52.605   206   206 W art     : b5b4a000-b5b4c000 r-xp 00000000 08:06 1486       /system/lib/libnativebridge.so
04-09 19:38:52.605   206   206 W art     : b5b4c000-b5b4d000 ---p 00000000 00:00 0 
04-09 19:38:52.605   206   206 W art     : b5b4d000-b5b4e000 r--p 00002000 08:06 1486       /system/lib/libnativebridge.so
04-09 19:38:52.605   206   206 W art     : b5b4e000-b5b4f000 rw-p 00003000 08:06 1486       /system/lib/libnativebridge.so
04-09 19:38:52.605   206   206 W art     : b5b4f000-b5b51000 r-xp 00000000 08:06 1506       /system/lib/libprocessgroup.so
04-09 19:38:52.605   206   206 W art     : b5b51000-b5b52000 r--p 00001000 08:06 1506       /system/lib/libprocessgroup.so
04-09 19:38:52.605   206   206 W art     : b5b52000-b5b53000 rw-p 00002000 08:06 1506       /system/lib/libprocessgroup.so
04-09 19:38:52.605   206   206 W art     : b5b53000-b5b69000 r-xp 00000000 08:06 1483       /system/lib/libminikin.so
04-09 19:38:52.605   206   206 W art     : b5b69000-b5b6a000 r--p 00015000 08:06 1483       /system/lib/libminikin.so
04-09 19:38:52.605   206   206 W art     : b5b6a000-b5b6b000 rw-p 00016000 08:06 1483       /system/lib/libminikin.so
04-09 19:38:52.605   206   206 W art     : b5b6b000-b5b76000 r-xp 00000000 08:06 1529       /system/lib/libsoundtrigger.so
04-09 19:38:52.605   206   206 W art     : b5b76000-b5b79000 r--p 0000a000 08:06 1529       /system/lib/libsoundtrigger.so
04-09 19:38:52.605   206   206 W art     : b5b79000-b5b7a000 rw-p 0000d000 08:06 1529       /system/lib/libsoundtrigger.so
04-09 19:38:52.605   206   206 W art     : b5b7a000-b5b85000 r-xp 00000000 08:06 1508       /system/lib/libradio.so
04-09 19:38:52.605   206   206 W art     : b5b85000-b5b88000 r--p 0000a000 08:06 1508       /system/lib/libradio.so
04-09 19:38:52.605   206   206 W art     : b5b88000-b5b89000 rw-p 0000d000 08:06 1508       /system/lib/libradio.so
04-09 19:38:52.605   206   206 W art     : b5b89000-b5b8b000 r-xp 00000000 08:06 1491       /system/lib/libnetd_client.so
04-09 19:38:52.605   206   206 W art     : b5b8b000-b5b8c000 r--p 00001000 08:06 1491       /system/lib/libnetd_client.so
04-09 19:38:52.605   206   206 W art     : b5b8c000-b5b8d000 rw-p 00002000 08:06 1491       /system/lib/libnetd_client.so
04-09 19:38:52.605   206   206 W art     : b5b8d000-b5b9f000 r-xp 00000000 08:06 1453       /system/lib/libimg_utils.so
04-09 19:38:52.605   206   206 W art     : b5b9f000-b5ba1000 r--p 00011000 08:06 1453       /system/lib/libimg_utils.so
04-09 19:38:52.605   206   206 W art     : b5ba1000-b5ba2000 rw-p 00013000 08:06 1453       /system/lib/libimg_utils.so
04-09 19:38:52.605   206   206 W art     : b5ba2000-b6071000 r-xp 00000000 08:06 1500       /system/lib/libpdfium.so
04-09 19:38:52.605   206   206 W art     : b6071000-b607b000 r--p 004ce000 08:06 1500       /system/lib/libpdfium.so
04-09 19:38:52.605   206   206 W art     : b607b000-b6080000 rw-p 004d8000 08:06 1500       /system/lib/libpdfium.so
04-09 19:38:52.605   206   206 W art     : b6080000-b608c000 r-xp 00000000 08:06 1396       /system/lib/libaudioutils.so
04-09 19:38:52.605   206   206 W art     : b608c000-b608d000 r--p 0000b000 08:06 1396       /system/lib/libaudioutils.so
04-09 19:38:52.605   206   206 W art     : b608d000-b608e000 rw-p 0000c000 08:06 1396       /system/lib/libaudioutils.so
04-09 19:38:52.605   206   206 W art     : b608e000-b608f000 r--p 00000000 00:00 0 
04-09 19:38:52.605   206   206 W art     : b608f000-b60ae000 r-xp 00000000 08:06 1588       /system/lib/libz.so
04-09 19:38:52.605   206   206 W art     : b60ae000-b60af000 r--p 0001e000 08:06 1588       /system/lib/libz.so
04-09 19:38:52.605   206   206 W art     : b60af000-b60b0000 rw-p 0001f000 08:06 1588       /system/lib/libz.so
04-09 19:38:52.606   206   206 W art     : b60b0000-b60b1000 rw-p 00000000 00:00 0 
04-09 19:38:52.606   206   206 W art     : b60b1000-b6108000 r-xp 00000000 08:06 1448       /system/lib/libharfbuzz_ng.so
04-09 19:38:52.606   206   206 W art     : b6108000-b6109000 ---p 00000000 00:00 0 
04-09 19:38:52.606   206   206 W art     : b6109000-b610a000 r--p 00057000 08:06 1448       /system/lib/libharfbuzz_ng.so
04-09 19:38:52.606   206   206 W art     : b610a000-b610b000 rw-p 00058000 08:06 1448       /system/lib/libharfbuzz_ng.so
04-09 19:38:52.606   206   206 W art     : b610b000-b610f000 r-xp 00000000 08:06 1578       /system/lib/libusbhost.so
04-09 19:38:52.606   206   206 W art     : b610f000-b6110000 r--p 00003000 08:06 1578       /system/lib/libusbhost.so
04-09 19:38:52.606   206   206 W art     : b6110000-b6111000 rw-p 00004000 08:06 1578       /system/lib/libusbhost.so
04-09 19:38:52.606   206   206 W art     : b6111000-b615a000 r-xp 00000000 08:06 1467       /system/lib/libjpeg.so
04-09 19:38:52.606   206   206 W art     : b615a000-b615b000 r--p 00048000 08:06 1467       /system/lib/libjpeg.so
04-09 19:38:52.606   206   206 W art     : b615b000-b615c000 rw-p 00049000 08:06 1467       /system/lib/libjpeg.so
04-09 19:38:52.606   206   206 W art     : b615c000-b6253000 r-xp 00000000 08:06 1476       /system/lib/libmedia.so
04-09 19:38:52.606   206   206 W art     : b6253000-b6270000 r--p 000f6000 08:06 1476       /system/lib/libmedia.so
04-09 19:38:52.606   206   206 W art     : b6270000-b6271000 rw-p 00113000 08:06 1476       /system/lib/libmedia.so
04-09 19:38:52.606   206   206 W art     : b6271000-b64bd000 r-xp 00000000 08:06 1451       /system/lib/libicui18n.so
04-09 19:38:52.606   206   206 W art     : b64bd000-b64c9000 r--p 0024b000 08:06 1451       /system/lib/libicui18n.so
